172.19.22.139 - hcpnbu [25/May/2016:15:44:25 -0600] "PUT /nbu3/athene.dpdenverlab.local_1464210478_C1_F1/14 HTTP/1.1" 409 266 nbutest1@hs3 32
172.19.22.139 - hcpnbu [25/May/2016:15:44:23 -0600] "PUT /nbu3/athene.dpdenverlab.local_1464210467_C1_F1/4 HTTP/1.1" 503 265 nbutest1@hs3 6066
172.19.22.139 - hcpnbu [25/May/2016:15:44:23 -0600] "PUT /nbu3/athene.dpdenverlab.local_1464210467_C1_F1/1 HTTP/1.1" 503 265 nbutest1@hs3 6072
172.19.22.139 - hcpnbu [25/May/2016:15:44:35 -0600] "PUT /nbu3/athene.dpdenverlab.local_1464210478_C1_F1/14 HTTP/1.1" 409 266 nbutest1@hs3 22
172.19.22.139 - hcpnbu [25/May/2016:15:44:32 -0600] "PUT /nbu3/athene.dpdenverlab.local_1464210467_C1_F1/1 HTTP/1.1" 503 265 nbutest1@hs3 6056
172.19.22.140 - hcpnbu [25/May/2016:15:44:50 -0600] "GET / HTTP/1.1" 200 612 nbutest1@hs3 22
172.19.22.140 - hcpnbu [25/May/2016:15:45:16 -0600] "GET /nbu2/?location HTTP/1.1" 200 124 nbutest1@hs3 6
172.19.22.140 - hcpnbu [25/May/2016:15:45:29 -0600] "GET / HTTP/1.1" 200 612 nbutest1@hs3 23
172.19.22.139 - hcpnbu [25/May/2016:15:44:19 -0600] "PUT /nbu3/athene.dpdenverlab.local_1464210478_C1_F1/19 HTTP/1.1" 503 265 nbutest1@hs3 77406
172.19.22.139 - hcpnbu [25/May/2016:15:44:11 -0600] "PUT /nbu3/athene.dpdenverlab.local_1464210478_C1_F1/18 HTTP/1.1" 200 0 nbutest1@hs3 85318
172.19.22.139 - hcpnbu [25/May/2016:15:44:20 -0600] "PUT /nbu3/athene.dpdenverlab.local_1464210467_C1_F1/5 HTTP/1.1" 503 265 nbutest1@hs3 77450
172.19.22.137 - hcpnbu [25/May/2016:15:45:38 -0600] "PUT /nbu1/zeus.dpdenverlab.local_1464210388_C1_F1/16 HTTP/1.1" 409 266 nbutest1@hs3 4
172.19.22.137 - hcpnbu [25/May/2016:15:30:34 -0600] "PUT /nbu1/zeus.dpdenverlab.local_1464210388_C1_F1/16 HTTP/1.1" 503 265 nbutest1@hs3 905786
172.19.22.139 - hcpnbu [25/May/2016:15:45:44 -0600] "PUT /nbu3/athene.dpdenverlab.local_1464210473_C1_F1/7 HTTP/1.1" 409 266 nbutest1@hs3 5
172.19.22.139 - hcpnbu [25/May/2016:15:45:40 -0600] "PUT /nbu3/athene.dpdenverlab.local_1464210467_C1_F1/5 HTTP/1.1" 200 0 nbutest1@hs3 5715
172.19.22.139 - hcpnbu [25/May/2016:15:30:40 -0600] "PUT /nbu3/athene.dpdenverlab.local_1464210473_C1_F1/7 HTTP/1.1" 503 265 nbutest1@hs3 906840
172.19.22.139 - hcpnbu [25/May/2016:15:30:45 -0600] "PUT /nbu3/athene.dpdenverlab.local_1464210473_C1_F1/8 HTTP/1.1" 503 265 nbutest1@hs3 902153
172.19.22.137 - hcpnbu [25/May/2016:15:45:48 -0600] "PUT /nbu1/zeus.dpdenverlab.local_1464210395_C1_F1/9 HTTP/1.1" 409 266 nbutest1@hs3 8
172.19.22.139 - hcpnbu [25/May/2016:15:45:48 -0600] "PUT /nbu3/athene.dpdenverlab.local_1464210480_C1_F1/5 HTTP/1.1" 409 266 nbutest1@hs3 4
172.19.22.140 - hcpnbu [25/May/2016:15:45:50 -0600] "GET / HTTP/1.1" 200 612 nbutest1@hs3 17
172.19.22.139 - hcpnbu [25/May/2016:15:45:52 -0600] "PUT /nbu3/athene.dpdenverlab.local_1464210480_C1_F1/5 HTTP/1.1" 409 266 nbutest1@hs3 6
172.19.22.137 - hcpnbu [25/May/2016:15:45:53 -0600] "PUT /nbu1/zeus.dpdenverlab.local_1464210395_C1_F1/9 HTTP/1.1" 409 266 nbutest1@hs3 6
172.19.22.139 - hcpnbu [25/May/2016:15:30:44 -0600] "PUT /nbu3/athene.dpdenverlab.local_1464210480_C1_F1/5 HTTP/1.1" 503 265 nbutest1@hs3 910736
172.19.22.137 - hcpnbu [25/May/2016:15:30:45 -0600] "PUT /nbu1/zeus.dpdenverlab.local_1464210395_C1_F1/9 HTTP/1.1" 503 265 nbutest1@hs3 909975
172.19.22.140 - hcpnbu [25/May/2016:15:45:57 -0600] "GET / HTTP/1.1" 200 612 nbutest1@hs3 18
172.19.22.138 - hcpnbu [25/May/2016:15:46:07 -0600] "HEAD /nbu3/athene.dpdenverlab.local_1464210463_C1_F1/IMAGE_PROPERTIES HTTP/1.1" 404 0 nbutest1@hs3 3
172.19.22.140 - hcpnbu [25/May/2016:15:46:31 -0600] "HEAD /nbu3/ HTTP/1.1" 200 0 nbutest1@hs3 2
172.19.22.138 - hcpnbu [25/May/2016:15:31:53 -0600] "PUT /nbu2/apollo.dpdenverlab.local_1464210411_C1_F1/4 HTTP/1.1" 503 265 nbutest1@hs3 901689
172.19.22.138 - hcpnbu [25/May/2016:15:46:56 -0600] "PUT /nbu2/apollo.dpdenverlab.local_1464210411_C1_F1/4 HTTP/1.1" 200 0 nbutest1@hs3 4274
172.19.22.140 - hcpnbu [25/May/2016:15:47:01 -0600] "PUT /nub4/saturn.dpdenverlab.local_1464210450_C1_F1/15 HTTP/1.1" 409 266 nbutest1@hs3 37
172.19.22.137 - hcpnbu [25/May/2016:15:47:02 -0600] "PUT /nbu1/zeus.dpdenverlab.local_1464210401_C1_F1/14 HTTP/1.1" 409 266 nbutest1@hs3 5
172.19.22.137 - hcpnbu [25/May/2016:15:31:57 -0600] "PUT /nbu1/zeus.dpdenverlab.local_1464210401_C1_F1/14 HTTP/1.1" 503 265 nbutest1@hs3 906996
172.19.22.140 - hcpnbu [25/May/2016:15:47:04 -0600] "PUT /nub4/saturn.dpdenverlab.local_1464210450_C1_F1/15 HTTP/1.1" 200 0 nbutest1@hs3 5063
172.19.22.140 - hcpnbu [25/May/2016:15:47:16 -0600] "GET /nbu2/?location HTTP/1.1" 200 124 nbutest1@hs3 6
172.19.22.139 - hcpnbu [25/May/2016:15:47:17 -0600] "PUT /nbu3/athene.dpdenverlab.local_1464210468_C1_F1/12 HTTP/1.1" 409 266 nbutest1@hs3 55
172.19.22.139 - hcpnbu [25/May/2016:15:47:19 -0600] "PUT /nbu3/athene.dpdenverlab.local_1464210468_C1_F1/12 HTTP/1.1" 409 266 nbutest1@hs3 34
172.19.22.138 - hcpnbu [25/May/2016:15:47:23 -0600] "PUT /nbu2/apollo.dpdenverlab.local_1464210411_C1_F1/9 HTTP/1.1" 409 266 nbutest1@hs3 6
172.19.22.139 - hcpnbu [25/May/2016:15:47:24 -0600] "PUT /nbu3/athene.dpdenverlab.local_1464210473_C1_F1/10 HTTP/1.1" 409 266 nbutest1@hs3 5
172.19.22.138 - hcpnbu [25/May/2016:15:32:18 -0600] "PUT /nbu2/apollo.dpdenverlab.local_1464210411_C1_F1/9 HTTP/1.1" 503 265 nbutest1@hs3 906568
172.19.22.139 - hcpnbu [25/May/2016:15:47:28 -0600] "PUT /nbu3/athene.dpdenverlab.local_1464210473_C1_F1/10 HTTP/1.1" 409 266 nbutest1@hs3 5
172.19.22.139 - hcpnbu [25/May/2016:15:32:20 -0600] "PUT /nbu3/athene.dpdenverlab.local_1464210473_C1_F1/10 HTTP/1.1" 503 265 nbutest1@hs3 910093
172.19.22.137 - hcpnbu [25/May/2016:15:47:36 -0600] "PUT /nbu1/zeus.dpdenverlab.local_1464210388_C1_F1/17 HTTP/1.1" 409 266 nbutest1@hs3 5
172.19.22.137 - hcpnbu [25/May/2016:15:47:38 -0600] "PUT /nbu1/zeus.dpdenverlab.local_1464210388_C1_F1/17 HTTP/1.1" 409 266 nbutest1@hs3 5
172.19.22.137 - hcpnbu [25/May/2016:15:32:32 -0600] "PUT /nbu1/zeus.dpdenverlab.local_1464210388_C1_F1/17 HTTP/1.1" 503 265 nbutest1@hs3 910346
172.19.22.138 - hcpnbu [25/May/2016:15:47:49 -0600] "PUT /nbu2/apollo.dpdenverlab.local_1464210411_C1_F1/5 HTTP/1.1" 409 266 nbutest1@hs3 27
172.19.22.138 - hcpnbu [25/May/2016:15:47:51 -0600] "PUT /nbu2/apollo.dpdenverlab.local_1464210411_C1_F1/5 HTTP/1.1" 409 266 nbutest1@hs3 5
172.19.22.137 - hcpnbu [25/May/2016:15:47:54 -0600] "PUT /nbu1/zeus.dpdenverlab.local_1464210401_C1_F1/12 HTTP/1.1" 409 266 nbutest1@hs3 5
172.19.22.138 - hcpnbu [25/May/2016:15:47:56 -0600] "PUT /nbu2/apollo.dpdenverlab.local_1464210411_C1_F1/5 HTTP/1.1" 409 266 nbutest1@hs3 5
172.19.22.137 - hcpnbu [25/May/2016:15:47:58 -0600] "PUT /nbu1/zeus.dpdenverlab.local_1464210401_C1_F1/12 HTTP/1.1" 409 266 nbutest1@hs3 4
172.19.22.140 - hcpnbu [25/May/2016:15:48:00 -0600] "GET / HTTP/1.1" 200 612 nbutest1@hs3 20
172.19.22.137 - hcpnbu [25/May/2016:15:48:04 -0600] "PUT /nbu1/zeus.dpdenverlab.local_1464210401_C1_F1/12 HTTP/1.1" 409 266 nbutest1@hs3 5
172.19.22.138 - hcpnbu [25/May/2016:15:48:06 -0600] "PUT /nbu2/apollo.dpdenverlab.local_1464210411_C1_F1/5 HTTP/1.1" 409 266 nbutest1@hs3 5
172.19.22.137 - hcpnbu [25/May/2016:15:32:50 -0600] "PUT /nbu1/zeus.dpdenverlab.local_1464210401_C1_F1/12 HTTP/1.1" 503 265 nbutest1@hs3 921557
172.19.22.137 - hcpnbu [25/May/2016:15:48:12 -0600] "PUT /nbu1/zeus.dpdenverlab.local_1464210401_C1_F1/12 HTTP/1.1" 503 265 nbutest1@hs3 3076
172.19.22.139 - hcpnbu [25/May/2016:15:47:24 -0600] "PUT /nbu3/athene.dpdenverlab.local_1464210468_C1_F1/12 HTTP/1.1" 503 265 nbutest1@hs3 51603
172.19.22.137 - hcpnbu [25/May/2016:15:48:18 -0600] "PUT /nbu1/zeus.dpdenverlab.local_1464210401_C1_F1/12 HTTP/1.1" 200 0 nbutest1@hs3 4260
172.19.22.138 - hcpnbu [25/May/2016:15:48:24 -0600] "PUT /nbu2/apollo.dpdenverlab.local_1464210411_C1_F1/5 HTTP/1.1" 409 266 nbutest1@hs3 4
172.19.22.140 - hcpnbu [25/May/2016:15:48:31 -0600] "GET /nbu3/?location HTTP/1.1" 200 124 nbutest1@hs3 5
172.19.22.138 - hcpnbu [25/May/2016:15:32:45 -0600] "PUT /nbu2/apollo.dpdenverlab.local_1464210411_C1_F1/5 HTTP/1.1" 503 265 nbutest1@hs3 958564
172.19.22.140 - hcpnbu [25/May/2016:15:33:46 -0600] "PUT /nub4/saturn.dpdenverlab.local_1464210443_C1_F1/10 HTTP/1.1" 503 265 nbutest1@hs3 901288
172.19.22.140 - hcpnbu [25/May/2016:15:49:02 -0600] "HEAD /nbu1/ HTTP/1.1" 200 0 nbutest1@hs3 3
172.19.22.138 - hcpnbu [25/May/2016:15:48:58 -0600] "PUT /nbu2/apollo.dpdenverlab.local_1464210411_C1_F1/5 HTTP/1.1" 503 265 nbutest1@hs3 6072
172.19.22.137 - hcpnbu [25/May/2016:15:34:48 -0600] "PUT /nbu1/zeus.dpdenverlab.local_1464210395_C1_F1/12 HTTP/1.1" 503 265 nbutest1@hs3 900525
172.19.22.140 - hcpnbu [25/May/2016:15:49:50 -0600] "GET / HTTP/1.1" 200 612 nbutest1@hs3 18
172.19.22.138 - hcpnbu [25/May/2016:15:49:55 -0600] "GET /nbu2/?prefix=apollo.dpdenverlab.local_1464210420_C1_F1/REFERENCES/ HTTP/1.1" 200 299 nbutest1@hs3 27
172.19.22.137 - hcpnbu [25/May/2016:15:49:51 -0600] "PUT /nbu1/zeus.dpdenverlab.local_1464210395_C1_F1/12 HTTP/1.1" 200 0 nbutest1@hs3 5249
172.19.22.138 - hcpnbu [25/May/2016:15:50:03 -0600] "GET /nbu2/?prefix=apollo.dpdenverlab.local_1464210420_C1_HDR/REFERENCES/ HTTP/1.1" 200 300 nbutest1@hs3 26
172.19.22.140 - hcpnbu [25/May/2016:15:50:14 -0600] "GET /nbu2/?location HTTP/1.1" 200 124 nbutest1@hs3 4
172.19.22.140 - hcpnbu [25/May/2016:15:42:43 -0600] "PUT /nub4/saturn.dpdenverlab.local_1464210443_C1_F1/14 HTTP/1.1" 200 0 nbutest1@hs3 452065
172.19.22.137 - hcpnbu [25/May/2016:15:50:23 -0600] "PUT /nbu1/zeus.dpdenverlab.local_1464210403_C1_F1/12 HTTP/1.1" 409 266 nbutest1@hs3 4
172.19.22.137 - hcpnbu [25/May/2016:15:50:27 -0600] "PUT /nbu1/zeus.dpdenverlab.local_1464210403_C1_F1/12 HTTP/1.1" 409 266 nbutest1@hs3 4
172.19.22.137 - hcpnbu [25/May/2016:15:35:19 -0600] "PUT /nbu1/zeus.dpdenverlab.local_1464210403_C1_F1/12 HTTP/1.1" 503 265 nbutest1@hs3 910668
172.19.22.140 - hcpnbu [25/May/2016:15:50:32 -0600] "HEAD /nbu3/ HTTP/1.1" 200 0 nbutest1@hs3 2
172.19.22.140 - hcpnbu [25/May/2016:15:36:42 -0600] "PUT /nub4/saturn.dpdenverlab.local_1464210438_C1_F1/10 HTTP/1.1" 200 0 nbutest1@hs3 852089
172.19.22.140 - hcpnbu [25/May/2016:15:50:59 -0600] "GET /nbu1/?location HTTP/1.1" 200 124 nbutest1@hs3 5
172.19.22.140 - hcpnbu [25/May/2016:15:51:30 -0600] "GET / HTTP/1.1" 200 612 nbutest1@hs3 16
172.19.22.140 - hcpnbu [25/May/2016:15:52:03 -0600] "HEAD /nbu1/ HTTP/1.1" 200 0 nbutest1@hs3 2
172.19.22.140 - hcpnbu [25/May/2016:15:52:51 -0600] "GET /nub4/?location HTTP/1.1" 200 124 nbutest1@hs3 5
172.19.22.139 - hcpnbu [25/May/2016:15:40:09 -0600] "PUT /nbu3/athene.dpdenverlab.local_1464210468_C1_F1/10 HTTP/1.1" 200 0 nbutest1@hs3 766856
172.19.22.139 - hcpnbu [25/May/2016:15:45:49 -0600] "PUT /nbu3/athene.dpdenverlab.local_1464210467_C1_F1/6 HTTP/1.1" 503 265 nbutest1@hs3 429645
172.19.22.139 - hcpnbu [25/May/2016:15:45:42 -0600] "PUT /nbu3/athene.dpdenverlab.local_1464210478_C1_F1/21 HTTP/1.1" 200 0 nbutest1@hs3 438170
172.19.22.140 - hcpnbu [25/May/2016:15:53:02 -0600] "HEAD /nbu1/ HTTP/1.1" 200 0 nbutest1@hs3 2
172.19.22.139 - hcpnbu [25/May/2016:15:53:03 -0600] "PUT /nbu3/athene.dpdenverlab.local_1464210478_C1_F1/25 HTTP/1.1" 200 0 nbutest1@hs3 4350
172.19.22.138 - hcpnbu [25/May/2016:15:53:12 -0600] "GET /nbu2/apollo.dpdenverlab.local_1464210425_C1_HDR/BLOCK_MAP_FILE HTTP/1.1" 200 11 nbutest1@hs3 27
172.19.22.138 - hcpnbu [25/May/2016:15:53:24 -0600] "HEAD /nbu2/ HTTP/1.1" 200 0 nbutest1@hs3 1
172.19.22.140 - hcpnbu [25/May/2016:15:53:49 -0600] "GET / HTTP/1.1" 200 612 nbutest1@hs3 15
172.19.22.137 - hcpnbu [25/May/2016:15:54:07 -0600] "PUT /nbu1/zeus.dpdenverlab.local_1464210403_C1_F1/11 HTTP/1.1" 409 266 nbutest1@hs3 5
172.19.22.137 - hcpnbu [25/May/2016:15:54:13 -0600] "PUT /nbu1/zeus.dpdenverlab.local_1464210403_C1_F1/11 HTTP/1.1" 409 266 nbutest1@hs3 4
172.19.22.137 - hcpnbu [25/May/2016:15:39:03 -0600] "PUT /nbu1/zeus.dpdenverlab.local_1464210403_C1_F1/11 HTTP/1.1" 503 265 nbutest1@hs3 911466
172.19.22.140 - hcpnbu [25/May/2016:15:54:17 -0600] "HEAD /nbu2/ HTTP/1.1" 200 0 nbutest1@hs3 2
172.19.22.137 - hcpnbu [25/May/2016:15:54:25 -0600] "PUT /nbu1/zeus.dpdenverlab.local_1464210401_C1_F1/15 HTTP/1.1" 409 266 nbutest1@hs3 37
172.19.22.138 - hcpnbu [25/May/2016:15:54:29 -0600] "PUT /nbu2/apollo.dpdenverlab.local_1464210411_C1_F1/10 HTTP/1.1" 409 266 nbutest1@hs3 5
172.19.22.137 - hcpnbu [25/May/2016:15:54:29 -0600] "PUT /nbu1/zeus.dpdenverlab.local_1464210401_C1_F1/15 HTTP/1.1" 409 266 nbutest1@hs3 4
172.19.22.137 - hcpnbu [25/May/2016:15:39:21 -0600] "PUT /nbu1/zeus.dpdenverlab.local_1464210401_C1_F1/15 HTTP/1.1" 503 265 nbutest1@hs3 908398
172.19.22.138 - hcpnbu [25/May/2016:15:54:32 -0600] "PUT /nbu2/apollo.dpdenverlab.local_1464210411_C1_F1/10 HTTP/1.1" 409 266 nbutest1@hs3 45
172.19.22.138 - hcpnbu [25/May/2016:15:54:37 -0600] "PUT /nbu2/apollo.dpdenverlab.local_1464210411_C1_F1/10 HTTP/1.1" 409 266 nbutest1@hs3 4
172.19.22.138 - hcpnbu [25/May/2016:15:39:25 -0600] "PUT /nbu2/apollo.dpdenverlab.local_1464210411_C1_F1/10 HTTP/1.1" 200 0 nbutest1@hs3 913284
172.19.22.137 - hcpnbu [25/May/2016:15:54:36 -0600] "PUT /nbu1/zeus.dpdenverlab.local_1464210401_C1_F1/15 HTTP/1.1" 200 0 nbutest1@hs3 4111
172.19.22.138 - hcpnbu [25/May/2016:15:54:45 -0600] "PUT /nbu2/apollo.dpdenverlab.local_1464210411_C1_F1/10 HTTP/1.1" 409 228 nbutest1@hs3 4
172.19.22.137 - hcpnbu [25/May/2016:15:54:41 -0600] "PUT /nbu1/zeus.dpdenverlab.local_1464210401_C1_F1/17 HTTP/1.1" 200 0 nbutest1@hs3 5175
172.19.22.140 - hcpnbu [25/May/2016:15:54:52 -0600] "HEAD /nub4/ HTTP/1.1" 200 0 nbutest1@hs3 2
172.19.22.139 - hcpnbu [25/May/2016:15:55:01 -0600] "PUT /nbu3/athene.dpdenverlab.local_1464210468_C1_F1/9 HTTP/1.1" 409 266 nbutest1@hs3 5
172.19.22.138 - hcpnbu [25/May/2016:15:55:05 -0600] "PUT /nbu2/apollo.dpdenverlab.local_1464210411_C1_F1/10 HTTP/1.1" 409 228 nbutest1@hs3 4
172.19.22.139 - hcpnbu [25/May/2016:15:55:05 -0600] "PUT /nbu3/athene.dpdenverlab.local_1464210468_C1_F1/9 HTTP/1.1" 409 266 nbutest1@hs3 4
172.19.22.139 - hcpnbu [25/May/2016:15:55:11 -0600] "PUT /nbu3/athene.dpdenverlab.local_1464210468_C1_F1/9 HTTP/1.1" 409 266 nbutest1@hs3 5
172.19.22.137 - hcpnbu [25/May/2016:15:55:18 -0600] "PUT /nbu1/zeus.dpdenverlab.local_1464210403_C1_F1/10 HTTP/1.1" 409 266 nbutest1@hs3 5
172.19.22.137 - hcpnbu [25/May/2016:15:40:14 -0600] "PUT /nbu1/zeus.dpdenverlab.local_1464210403_C1_F1/10 HTTP/1.1" 503 265 nbutest1@hs3 904958
172.19.22.139 - hcpnbu [25/May/2016:15:55:20 -0600] "PUT /nbu3/athene.dpdenverlab.local_1464210468_C1_F1/9 HTTP/1.1" 409 266 nbutest1@hs3 5
172.19.22.137 - hcpnbu [25/May/2016:15:55:21 -0600] "PUT /nbu1/zeus.dpdenverlab.local_1464210403_C1_F1/10 HTTP/1.1" 503 265 nbutest1@hs3 6079
172.19.22.139 - hcpnbu [25/May/2016:15:39:58 -0600] "PUT /nbu3/athene.dpdenverlab.local_1464210468_C1_F1/9 HTTP/1.1" 503 265 nbutest1@hs3 932368
172.19.22.140 - hcpnbu [25/May/2016:15:55:31 -0600] "GET /nbu3/?location HTTP/1.1" 200 124 nbutest1@hs3 6
172.19.22.138 - hcpnbu [25/May/2016:15:55:37 -0600] "PUT /nbu2/apollo.dpdenverlab.local_1464210411_C1_F1/10 HTTP/1.1" 409 228 nbutest1@hs3 4
172.19.22.139 - hcpnbu [25/May/2016:15:55:38 -0600] "PUT /nbu3/athene.dpdenverlab.local_1464210468_C1_F1/9 HTTP/1.1" 503 265 nbutest1@hs3 6062
172.19.22.139 - hcpnbu [25/May/2016:15:55:48 -0600] "PUT /nbu3/athene.dpdenverlab.local_1464210468_C1_F1/11 HTTP/1.1" 409 266 nbutest1@hs3 18
172.19.22.139 - hcpnbu [25/May/2016:15:55:50 -0600] "PUT /nbu3/athene.dpdenverlab.local_1464210468_C1_F1/11 HTTP/1.1" 409 266 nbutest1@hs3 4
172.19.22.139 - hcpnbu [25/May/2016:15:55:48 -0600] "PUT /nbu3/athene.dpdenverlab.local_1464210468_C1_F1/9 HTTP/1.1" 200 0 nbutest1@hs3 5088
172.19.22.139 - hcpnbu [25/May/2016:15:40:44 -0600] "PUT /nbu3/athene.dpdenverlab.local_1464210468_C1_F1/11 HTTP/1.1" 503 265 nbutest1@hs3 910194
172.19.22.137 - hcpnbu [25/May/2016:15:40:57 -0600] "PUT /nbu1/zeus.dpdenverlab.local_1464210388_C1_F1/14 HTTP/1.1" 503 265 nbutest1@hs3 901662
172.19.22.140 - hcpnbu [25/May/2016:15:56:00 -0600] "GET /nbu1/?location HTTP/1.1" 200 124 nbutest1@hs3 27
172.19.22.137 - hcpnbu [25/May/2016:15:56:04 -0600] "PUT /nbu1/zeus.dpdenverlab.local_1464210395_C1_F1/1 HTTP/1.1" 409 266 nbutest1@hs3 5
172.19.22.137 - hcpnbu [25/May/2016:15:56:00 -0600] "PUT /nbu1/zeus.dpdenverlab.local_1464210388_C1_F1/14 HTTP/1.1" 200 0 nbutest1@hs3 5187
172.19.22.137 - hcpnbu [25/May/2016:15:41:00 -0600] "PUT /nbu1/zeus.dpdenverlab.local_1464210395_C1_F1/1 HTTP/1.1" 503 265 nbutest1@hs3 906137
172.19.22.137 - hcpnbu [25/May/2016:15:54:47 -0600] "PUT /nbu1/zeus.dpdenverlab.local_1464210401_C1_F1/18 HTTP/1.1" 200 0 nbutest1@hs3 83193
172.19.22.137 - hcpnbu [25/May/2016:15:56:07 -0600] "PUT /nbu1/zeus.dpdenverlab.local_1464210395_C1_F1/1 HTTP/1.1" 200 0 nbutest1@hs3 4385
172.19.22.137 - hcpnbu [25/May/2016:15:56:12 -0600] "PUT /nbu1/zeus.dpdenverlab.local_1464210401_C1_F1/19 HTTP/1.1" 200 0 nbutest1@hs3 5088
172.19.22.137 - hcpnbu [25/May/2016:15:56:32 -0600] "PUT /nbu1/zeus.dpdenverlab.local_1464210402_C1_F1/15 HTTP/1.1" 409 266 nbutest1@hs3 72
172.19.22.138 - hcpnbu [25/May/2016:15:56:35 -0600] "PUT /nbu2/apollo.dpdenverlab.local_1464210411_C1_F1/10 HTTP/1.1" 409 228 nbutest1@hs3 4
172.19.22.137 - hcpnbu [25/May/2016:15:56:35 -0600] "PUT /nbu1/zeus.dpdenverlab.local_1464210402_C1_F1/15 HTTP/1.1" 409 266 nbutest1@hs3 31
172.19.22.138 - hcpnbu [25/May/2016:15:47:01 -0600] "PUT /nbu2/apollo.dpdenverlab.local_1464210411_C1_F1/11 HTTP/1.1" 503 265 nbutest1@hs3 576672
172.19.22.137 - hcpnbu [25/May/2016:15:56:43 -0600] "PUT /nbu1/zeus.dpdenverlab.local_1464210402_C1_F1/15 HTTP/1.1" 409 266 nbutest1@hs3 64
172.19.22.140 - hcpnbu [25/May/2016:15:56:45 -0600] "PUT /nub4/saturn.dpdenverlab.local_1464210451_C1_F1/2 HTTP/1.1" 409 266 nbutest1@hs3 4
172.19.22.138 - hcpnbu [25/May/2016:15:49:07 -0600] "PUT /nbu2/apollo.dpdenverlab.local_1464210411_C1_F1/5 HTTP/1.1" 503 265 nbutest1@hs3 457983
172.19.22.138 - hcpnbu [25/May/2016:15:47:27 -0600] "PUT /nbu2/apollo.dpdenverlab.local_1464210411_C1_F1/9 HTTP/1.1" 503 265 nbutest1@hs3 558831
172.19.22.140 - hcpnbu [25/May/2016:15:41:43 -0600] "PUT /nub4/saturn.dpdenverlab.local_1464210451_C1_F1/2 HTTP/1.1" 503 265 nbutest1@hs3 903676
172.19.22.140 - hcpnbu [25/May/2016:15:42:09 -0600] "PUT /nub4/saturn.dpdenverlab.local_1464210443_C1_F1/8 HTTP/1.1" 200 0 nbutest1@hs3 880702
172.19.22.140 - hcpnbu [25/May/2016:15:56:52 -0600] "HEAD /nub4/ HTTP/1.1" 200 0 nbutest1@hs3 3
172.19.22.137 - hcpnbu [25/May/2016:15:56:54 -0600] "PUT /nbu1/zeus.dpdenverlab.local_1464210402_C1_F1/15 HTTP/1.1" 503 265 nbutest1@hs3 4929
172.19.22.139 - hcpnbu [25/May/2016:15:42:00 -0600] "PUT /nbu3/athene.dpdenverlab.local_1464210480_C1_F1/3 HTTP/1.1" 503 265 nbutest1@hs3 901353
172.19.22.137 - hcpnbu [25/May/2016:15:57:02 -0600] "PUT /nbu1/zeus.dpdenverlab.local_1464210402_C1_F1/15 HTTP/1.1" 503 265 nbutest1@hs3 6013
172.19.22.140 - hcpnbu [25/May/2016:15:57:10 -0600] "PUT /nub4/saturn.dpdenverlab.local_1464210449_C1_F1/2 HTTP/1.1" 409 228 nbutest1@hs3 16
172.19.22.140 - hcpnbu [25/May/2016:15:57:10 -0600] "PUT /nub4/saturn.dpdenverlab.local_1464210449_C1_F1/3 HTTP/1.1" 409 266 nbutest1@hs3 30
172.19.22.140 - hcpnbu [25/May/2016:15:57:11 -0600] "PUT /nub4/saturn.dpdenverlab.local_1464210449_C1_F1/5 HTTP/1.1" 409 266 nbutest1@hs3 28
172.19.22.140 - hcpnbu [25/May/2016:15:57:15 -0600] "PUT /nub4/saturn.dpdenverlab.local_1464210449_C1_F1/5 HTTP/1.1" 409 266 nbutest1@hs3 25
172.19.22.140 - hcpnbu [25/May/2016:15:57:15 -0600] "PUT /nub4/saturn.dpdenverlab.local_1464210449_C1_F1/3 HTTP/1.1" 409 266 nbutest1@hs3 37
172.19.22.140 - hcpnbu [25/May/2016:15:56:51 -0600] "PUT /nub4/saturn.dpdenverlab.local_1464210443_C1_F1/16 HTTP/1.1" 503 265 nbutest1@hs3 24470
172.19.22.137 - hcpnbu [25/May/2016:15:57:19 -0600] "PUT /nbu1/zeus.dpdenverlab.local_1464210395_C1_F1/8 HTTP/1.1" 409 266 nbutest1@hs3 4
172.19.22.137 - hcpnbu [25/May/2016:15:57:14 -0600] "PUT /nbu1/zeus.dpdenverlab.local_1464210402_C1_F1/15 HTTP/1.1" 200 0 nbutest1@hs3 5815
172.19.22.140 - hcpnbu [25/May/2016:15:57:21 -0600] "PUT /nub4/saturn.dpdenverlab.local_1464210449_C1_F1/3 HTTP/1.1" 409 266 nbutest1@hs3 24
172.19.22.140 - hcpnbu [25/May/2016:15:57:21 -0600] "PUT /nub4/saturn.dpdenverlab.local_1464210449_C1_F1/5 HTTP/1.1" 409 266 nbutest1@hs3 28
172.19.22.138 - hcpnbu [25/May/2016:15:57:22 -0600] "PUT /nbu2/apollo.dpdenverlab.local_1464210412_C1_F1/2 HTTP/1.1" 409 266 nbutest1@hs3 3
172.19.22.137 - hcpnbu [25/May/2016:15:57:23 -0600] "PUT /nbu1/zeus.dpdenverlab.local_1464210395_C1_F1/8 HTTP/1.1" 409 266 nbutest1@hs3 4
172.19.22.140 - hcpnbu [25/May/2016:15:57:19 -0600] "PUT /nub4/saturn.dpdenverlab.local_1464210443_C1_F1/16 HTTP/1.1" 200 0 nbutest1@hs3 5346
172.19.22.138 - hcpnbu [25/May/2016:15:57:25 -0600] "PUT /nbu2/apollo.dpdenverlab.local_1464210412_C1_F1/2 HTTP/1.1" 409 266 nbutest1@hs3 3
172.19.22.140 - hcpnbu [25/May/2016:15:57:26 -0600] "PUT /nub4/saturn.dpdenverlab.local_1464210443_C1_F1/9 HTTP/1.1" 409 266 nbutest1@hs3 15
172.19.22.137 - hcpnbu [25/May/2016:15:42:23 -0600] "PUT /nbu1/zeus.dpdenverlab.local_1464210401_C1_F1/10 HTTP/1.1" 503 265 nbutest1@hs3 902205
172.19.22.138 - hcpnbu [25/May/2016:15:42:18 -0600] "PUT /nbu2/apollo.dpdenverlab.local_1464210412_C1_F1/2 HTTP/1.1" 503 265 nbutest1@hs3 907312
172.19.22.137 - hcpnbu [25/May/2016:15:57:21 -0600] "PUT /nbu1/zeus.dpdenverlab.local_1464210402_C1_F1/30 HTTP/1.1" 200 0 nbutest1@hs3 5343
172.19.22.140 - hcpnbu [25/May/2016:15:57:29 -0600] "PUT /nub4/saturn.dpdenverlab.local_1464210443_C1_F1/9 HTTP/1.1" 409 266 nbutest1@hs3 4
172.19.22.137 - hcpnbu [25/May/2016:15:57:29 -0600] "PUT /nbu1/zeus.dpdenverlab.local_1464210395_C1_F1/8 HTTP/1.1" 409 266 nbutest1@hs3 4
172.19.22.140 - hcpnbu [25/May/2016:15:57:29 -0600] "PUT /nub4/saturn.dpdenverlab.local_1464210449_C1_F1/2 HTTP/1.1" 409 228 nbutest1@hs3 4
172.19.22.140 - hcpnbu [25/May/2016:15:57:30 -0600] "GET / HTTP/1.1" 200 612 nbutest1@hs3 17
172.19.22.140 - hcpnbu [25/May/2016:15:42:29 -0600] "PUT /nub4/saturn.dpdenverlab.local_1464210451_C1_F1/11 HTTP/1.1" 503 265 nbutest1@hs3 901574
172.19.22.140 - hcpnbu [25/May/2016:15:42:24 -0600] "PUT /nub4/saturn.dpdenverlab.local_1464210443_C1_F1/9 HTTP/1.1" 503 265 nbutest1@hs3 907281
172.19.22.137 - hcpnbu [25/May/2016:15:42:15 -0600] "PUT /nbu1/zeus.dpdenverlab.local_1464210395_C1_F1/8 HTTP/1.1" 503 265 nbutest1@hs3 915941
172.19.22.137 - hcpnbu [25/May/2016:15:57:28 -0600] "PUT /nbu1/zeus.dpdenverlab.local_1464210401_C1_F1/10 HTTP/1.1" 200 0 nbutest1@hs3 5786
172.19.22.138 - hcpnbu [25/May/2016:15:57:34 -0600] "GET /nbu2/?prefix=apollo.dpdenverlab.local_1464210411_C1_HDR/ HTTP/1.1" 200 1601 nbutest1@hs3 42
172.19.22.138 - hcpnbu [25/May/2016:15:57:35 -0600] "PUT /nbu2/apollo.dpdenverlab.local_1464210412_C1_F1/13 HTTP/1.1" 409 266 nbutest1@hs3 4
172.19.22.140 - hcpnbu [25/May/2016:15:57:30 -0600] "PUT /nub4/saturn.dpdenverlab.local_1464210449_C1_F1/3 HTTP/1.1" 200 0 nbutest1@hs3 5874
172.19.22.138 - hcpnbu [25/May/2016:15:57:31 -0600] "PUT /nbu2/apollo.dpdenverlab.local_1464210412_C1_F1/2 HTTP/1.1" 200 0 nbutest1@hs3 5859
172.19.22.140 - hcpnbu [25/May/2016:15:42:37 -0600] "PUT /nub4/saturn.dpdenverlab.local_1464210451_C1_F1/12 HTTP/1.1" 503 265 nbutest1@hs3 900331
172.19.22.138 - hcpnbu [25/May/2016:15:57:38 -0600] "PUT /nbu2/apollo.dpdenverlab.local_1464210412_C1_F1/13 HTTP/1.1" 409 266 nbutest1@hs3 16
172.19.22.140 - hcpnbu [25/May/2016:15:57:33 -0600] "PUT /nub4/saturn.dpdenverlab.local_1464210451_C1_F1/11 HTTP/1.1" 200 0 nbutest1@hs3 4577
172.19.22.140 - hcpnbu [25/May/2016:15:42:35 -0600] "PUT /nub4/saturn.dpdenverlab.local_1464210450_C1_F1/17 HTTP/1.1" 503 265 nbutest1@hs3 903032
172.19.22.140 - hcpnbu [25/May/2016:15:42:37 -0600] "PUT /nub4/saturn.dpdenverlab.local_1464210451_C1_F1/5 HTTP/1.1" 503 265 nbutest1@hs3 902050
172.19.22.137 - hcpnbu [25/May/2016:15:57:34 -0600] "PUT /nbu1/zeus.dpdenverlab.local_1464210401_C1_F1/21 HTTP/1.1" 200 0 nbutest1@hs3 5457
172.19.22.140 - hcpnbu [25/May/2016:15:42:32 -0600] "PUT /nub4/saturn.dpdenverlab.local_1464210450_C1_F1/13 HTTP/1.1" 503 265 nbutest1@hs3 907411
172.19.22.137 - hcpnbu [25/May/2016:15:57:40 -0600] "PUT /nbu1/zeus.dpdenverlab.local_1464210388_C1_F1/19 HTTP/1.1" 409 266 nbutest1@hs3 5
172.19.22.140 - hcpnbu [25/May/2016:15:57:42 -0600] "PUT /nub4/saturn.dpdenverlab.local_1464210438_C1_F1/3 HTTP/1.1" 409 266 nbutest1@hs3 4
172.19.22.137 - hcpnbu [25/May/2016:15:56:18 -0600] "PUT /nbu1/zeus.dpdenverlab.local_1464210401_C1_F1/20 HTTP/1.1" 200 0 nbutest1@hs3 84738
172.19.22.137 - hcpnbu [25/May/2016:15:57:43 -0600] "PUT /nbu1/zeus.dpdenverlab.local_1464210388_C1_F1/19 HTTP/1.1" 409 266 nbutest1@hs3 3
172.19.22.138 - hcpnbu [25/May/2016:15:57:43 -0600] "PUT /nbu2/apollo.dpdenverlab.local_1464210412_C1_F1/13 HTTP/1.1" 409 266 nbutest1@hs3 3
172.19.22.138 - hcpnbu [25/May/2016:15:57:43 -0600] "PUT /nbu2/apollo.dpdenverlab.local_1464210412_C1_F1/14 HTTP/1.1" 409 266 nbutest1@hs3 4
172.19.22.140 - hcpnbu [25/May/2016:15:42:39 -0600] "PUT /nub4/saturn.dpdenverlab.local_1464210438_C1_F1/3 HTTP/1.1" 503 265 nbutest1@hs3 903986
172.19.22.138 - hcpnbu [25/May/2016:15:42:40 -0600] "PUT /nbu2/apollo.dpdenverlab.local_1464210412_C1_F1/14 HTTP/1.1" 503 265 nbutest1@hs3 904145
172.19.22.140 - hcpnbu [25/May/2016:15:57:39 -0600] "PUT /nub4/saturn.dpdenverlab.local_1464210451_C1_F1/5 HTTP/1.1" 200 0 nbutest1@hs3 6095
172.19.22.140 - hcpnbu [25/May/2016:15:57:39 -0600] "PUT /nub4/saturn.dpdenverlab.local_1464210451_C1_F1/12 HTTP/1.1" 200 0 nbutest1@hs3 6357
172.19.22.140 - hcpnbu [25/May/2016:15:57:39 -0600] "PUT /nub4/saturn.dpdenverlab.local_1464210451_C1_F1/13 HTTP/1.1" 200 0 nbutest1@hs3 6357
172.19.22.138 - hcpnbu [25/May/2016:15:57:45 -0600] "HEAD /nbu2/apollo.dpdenverlab.local_1464210411_C1_F1/IMAGE_PROPERTIES HTTP/1.1" 404 0 nbutest1@hs3 3
172.19.22.138 - hcpnbu [25/May/2016:15:42:45 -0600] "PUT /nbu2/apollo.dpdenverlab.local_1464210412_C1_F1/10 HTTP/1.1" 200 0 nbutest1@hs3 901291
172.19.22.138 - hcpnbu [25/May/2016:15:42:34 -0600] "PUT /nbu2/apollo.dpdenverlab.local_1464210412_C1_F1/13 HTTP/1.1" 503 265 nbutest1@hs3 913340
172.19.22.137 - hcpnbu [25/May/2016:15:57:41 -0600] "PUT /nbu1/zeus.dpdenverlab.local_1464210401_C1_F1/22 HTTP/1.1" 200 0 nbutest1@hs3 6784
172.19.22.137 - hcpnbu [25/May/2016:15:57:48 -0600] "PUT /nbu1/zeus.dpdenverlab.local_1464210388_C1_F1/19 HTTP/1.1" 409 266 nbutest1@hs3 4
172.19.22.137 - hcpnbu [25/May/2016:15:57:58 -0600] "PUT /nbu1/zeus.dpdenverlab.local_1464210388_C1_F1/19 HTTP/1.1" 409 266 nbutest1@hs3 5
172.19.22.137 - hcpnbu [25/May/2016:15:57:59 -0600] "PUT /nbu1/zeus.dpdenverlab.local_1464210403_C1_F1/15 HTTP/1.1" 409 266 nbutest1@hs3 5
172.19.22.140 - hcpnbu [25/May/2016:15:58:00 -0600] "GET /nbu1/?location HTTP/1.1" 200 124 nbutest1@hs3 5
172.19.22.137 - hcpnbu [25/May/2016:15:58:03 -0600] "PUT /nbu1/zeus.dpdenverlab.local_1464210403_C1_F1/15 HTTP/1.1" 409 266 nbutest1@hs3 5
172.19.22.137 - hcpnbu [25/May/2016:15:42:55 -0600] "PUT /nbu1/zeus.dpdenverlab.local_1464210403_C1_F1/15 HTTP/1.1" 503 265 nbutest1@hs3 908776
172.19.22.140 - hcpnbu [25/May/2016:15:58:04 -0600] "PUT /nub4/saturn.dpdenverlab.local_1464210449_C1_F1/2 HTTP/1.1" 409 228 nbutest1@hs3 4
172.19.22.137 - hcpnbu [25/May/2016:15:42:35 -0600] "PUT /nbu1/zeus.dpdenverlab.local_1464210388_C1_F1/19 HTTP/1.1" 503 265 nbutest1@hs3 933841
172.19.22.140 - hcpnbu [25/May/2016:15:44:05 -0600] "PUT /nub4/saturn.dpdenverlab.local_1464210438_C1_F1/5 HTTP/1.1" 200 0 nbutest1@hs3 862710
172.19.22.140 - hcpnbu [25/May/2016:15:58:30 -0600] "PUT /nub4/saturn.dpdenverlab.local_1464210438_C1_F1/15 HTTP/1.1" 503 265 nbutest1@hs3 16017
172.19.22.137 - hcpnbu [25/May/2016:15:58:16 -0600] "PUT /nbu1/zeus.dpdenverlab.local_1464210388_C1_F1/19 HTTP/1.1" 503 265 nbutest1@hs3 29479
172.19.22.139 - hcpnbu [25/May/2016:15:58:28 -0600] "PUT /nbu3/athene.dpdenverlab.local_1464210471_C1_F1/BLOCK_MAP_FILE HTTP/1.1" 503 265 nbutest1@hs3 17852
172.19.22.139 - hcpnbu [25/May/2016:15:58:48 -0600] "PUT /nbu3/athene.dpdenverlab.local_1464210471_C1_F1/BLOCK_MAP_FILE HTTP/1.1" 200 0 nbutest1@hs3 1135
172.19.22.140 - hcpnbu [25/May/2016:15:58:51 -0600] "GET /nub4/?location HTTP/1.1" 200 124 nbutest1@hs3 5
172.19.22.137 - hcpnbu [25/May/2016:15:58:50 -0600] "PUT /nbu1/zeus.dpdenverlab.local_1464210388_C1_F1/19 HTTP/1.1" 200 0 nbutest1@hs3 5446
172.19.22.137 - hcpnbu [25/May/2016:15:58:56 -0600] "PUT /nbu1/zeus.dpdenverlab.local_1464210388_C1_F1/21 HTTP/1.1" 200 0 nbutest1@hs3 5256
172.19.22.139 - hcpnbu [25/May/2016:15:59:01 -0600] "PUT /nbu3/athene.dpdenverlab.local_1464210475_C1_F1/BLOCK_MAP_FILE HTTP/1.1" 200 0 nbutest1@hs3 1201
172.19.22.139 - hcpnbu [25/May/2016:15:43:59 -0600] "PUT /nbu3/athene.dpdenverlab.local_1464210480_C1_F1/0 HTTP/1.1" 503 265 nbutest1@hs3 903317
172.19.22.140 - hcpnbu [25/May/2016:15:59:04 -0600] "PUT /nub4/saturn.dpdenverlab.local_1464210449_C1_F1/2 HTTP/1.1" 409 228 nbutest1@hs3 3
172.19.22.140 - hcpnbu [25/May/2016:15:57:30 -0600] "PUT /nub4/saturn.dpdenverlab.local_1464210449_C1_F1/5 HTTP/1.1" 503 265 nbutest1@hs3 93952
172.19.22.137 - hcpnbu [25/May/2016:15:57:44 -0600] "PUT /nbu1/zeus.dpdenverlab.local_1464210401_C1_F1/23 HTTP/1.1" 200 0 nbutest1@hs3 82636
172.19.22.140 - hcpnbu [25/May/2016:15:44:05 -0600] "PUT /nub4/saturn.dpdenverlab.local_1464210438_C1_F1/13 HTTP/1.1" 503 265 nbutest1@hs3 901394
172.19.22.140 - hcpnbu [25/May/2016:15:57:37 -0600] "PUT /nub4/saturn.dpdenverlab.local_1464210449_C1_F1/14 HTTP/1.1" 503 265 nbutest1@hs3 91427
172.19.22.139 - hcpnbu [25/May/2016:15:59:08 -0600] "DELETE /nbu3/athene.dpdenverlab.local_1464210475_C1_F1/0 HTTP/1.1" 204 0 nbutest1@hs3 35
172.19.22.139 - hcpnbu [25/May/2016:15:59:08 -0600] "DELETE /nbu3/athene.dpdenverlab.local_1464210475_C1_F1/5 HTTP/1.1" 204 0 nbutest1@hs3 56
172.19.22.139 - hcpnbu [25/May/2016:15:59:08 -0600] "DELETE /nbu3/athene.dpdenverlab.local_1464210475_C1_F1/3 HTTP/1.1" 204 0 nbutest1@hs3 56
172.19.22.139 - hcpnbu [25/May/2016:15:59:08 -0600] "DELETE /nbu3/athene.dpdenverlab.local_1464210475_C1_F1/1 HTTP/1.1" 204 0 nbutest1@hs3 57
172.19.22.139 - hcpnbu [25/May/2016:15:59:09 -0600] "DELETE /nbu3/athene.dpdenverlab.local_1464210475_C1_F1/6 HTTP/1.1" 204 0 nbutest1@hs3 21
172.19.22.139 - hcpnbu [25/May/2016:15:59:09 -0600] "DELETE /nbu3/athene.dpdenverlab.local_1464210475_C1_F1/IMAGE_PROPERTIES HTTP/1.1" 204 0 nbutest1@hs3 20
172.19.22.139 - hcpnbu [25/May/2016:15:59:09 -0600] "DELETE /nbu3/athene.dpdenverlab.local_1464210475_C1_F1/BLOCK_MAP_FILE HTTP/1.1" 204 0 nbutest1@hs3 28
172.19.22.140 - hcpnbu [25/May/2016:15:57:46 -0600] "PUT /nub4/saturn.dpdenverlab.local_1464210451_C1_F1/14 HTTP/1.1" 200 0 nbutest1@hs3 84126
172.19.22.139 - hcpnbu [25/May/2016:15:59:10 -0600] "DELETE /nbu3/athene.dpdenverlab.local_1464210475_C1_F1/ HTTP/1.1" 204 0 nbutest1@hs3 11
172.19.22.137 - hcpnbu [25/May/2016:15:59:07 -0600] "PUT /nbu1/zeus.dpdenverlab.local_1464210401_C1_F1/25 HTTP/1.1" 200 0 nbutest1@hs3 4783
172.19.22.140 - hcpnbu [25/May/2016:15:59:08 -0600] "PUT /nub4/saturn.dpdenverlab.local_1464210438_C1_F1/13 HTTP/1.1" 200 0 nbutest1@hs3 4598
172.19.22.140 - hcpnbu [25/May/2016:15:59:14 -0600] "GET / HTTP/1.1" 200 612 nbutest1@hs3 22
172.19.22.139 - hcpnbu [25/May/2016:15:44:11 -0600] "PUT /nbu3/athene.dpdenverlab.local_1464210473_C1_F1/0 HTTP/1.1" 503 265 nbutest1@hs3 903273
172.19.22.140 - hcpnbu [25/May/2016:15:59:06 -0600] "PUT /nub4/saturn.dpdenverlab.local_1464210445_C1_F1/BLOCK_MAP_FILE HTTP/1.1" 200 0 nbutest1@hs3 8696
172.19.22.139 - hcpnbu [25/May/2016:15:59:15 -0600] "DELETE /nbu3/athene.dpdenverlab.local_1464210475_C1_HDR/IMAGE_PROPERTIES HTTP/1.1" 204 0 nbutest1@hs3 22
172.19.22.139 - hcpnbu [25/May/2016:15:59:15 -0600] "DELETE /nbu3/athene.dpdenverlab.local_1464210475_C1_HDR/BLOCK_MAP_FILE HTTP/1.1" 204 0 nbutest1@hs3 24
172.19.22.139 - hcpnbu [25/May/2016:15:59:15 -0600] "DELETE /nbu3/athene.dpdenverlab.local_1464210475_C1_HDR/0 HTTP/1.1" 204 0 nbutest1@hs3 24
172.19.22.140 - hcpnbu [25/May/2016:15:59:18 -0600] "DELETE /nub4/saturn.dpdenverlab.local_1464210449_C1_F1/ HTTP/1.1" 204 0 nbutest1@hs3 10
172.19.22.137 - hcpnbu [25/May/2016:15:59:23 -0600] "PUT /nbu1/zeus.dpdenverlab.local_1464210393_C1_F1/38 HTTP/1.1" 409 266 nbutest1@hs3 37
172.19.22.139 - hcpnbu [25/May/2016:15:59:28 -0600] "PUT /nbu3/athene.dpdenverlab.local_1464210480_C1_F1/7 HTTP/1.1" 409 266 nbutest1@hs3 5
172.19.22.140 - hcpnbu [25/May/2016:15:59:29 -0600] "DELETE /nub4/saturn.dpdenverlab.local_1464210445_C1_F1/1 HTTP/1.1" 204 0 nbutest1@hs3 23
172.19.22.140 - hcpnbu [25/May/2016:15:59:29 -0600] "DELETE /nub4/saturn.dpdenverlab.local_1464210445_C1_F1/2 HTTP/1.1" 204 0 nbutest1@hs3 23
172.19.22.140 - hcpnbu [25/May/2016:15:59:29 -0600] "DELETE /nub4/saturn.dpdenverlab.local_1464210445_C1_F1/10 HTTP/1.1" 204 0 nbutest1@hs3 23
172.19.22.140 - hcpnbu [25/May/2016:15:59:29 -0600] "DELETE /nub4/saturn.dpdenverlab.local_1464210445_C1_F1/0 HTTP/1.1" 204 0 nbutest1@hs3 24
172.19.22.138 - hcpnbu [25/May/2016:15:59:30 -0600] "HEAD /nbu3/ HTTP/1.1" 200 0 nbutest1@hs3 2
172.19.22.140 - hcpnbu [25/May/2016:15:59:30 -0600] "DELETE /nub4/saturn.dpdenverlab.local_1464210445_C1_F1/4 HTTP/1.1" 204 0 nbutest1@hs3 23
172.19.22.140 - hcpnbu [25/May/2016:15:59:30 -0600] "DELETE /nub4/saturn.dpdenverlab.local_1464210445_C1_F1/6 HTTP/1.1" 204 0 nbutest1@hs3 23
172.19.22.140 - hcpnbu [25/May/2016:15:59:30 -0600] "DELETE /nub4/saturn.dpdenverlab.local_1464210445_C1_F1/3 HTTP/1.1" 204 0 nbutest1@hs3 24
172.19.22.140 - hcpnbu [25/May/2016:15:59:30 -0600] "DELETE /nub4/saturn.dpdenverlab.local_1464210445_C1_F1/5 HTTP/1.1" 204 0 nbutest1@hs3 23
172.19.22.139 - hcpnbu [25/May/2016:15:59:31 -0600] "PUT /nbu3/athene.dpdenverlab.local_1464210467_C1_F1/3 HTTP/1.1" 409 266 nbutest1@hs3 4
172.19.22.140 - hcpnbu [25/May/2016:15:59:31 -0600] "DELETE /nub4/saturn.dpdenverlab.local_1464210445_C1_F1/BLOCK_MAP_FILE HTTP/1.1" 204 0 nbutest1@hs3 23
172.19.22.140 - hcpnbu [25/May/2016:15:59:31 -0600] "DELETE /nub4/saturn.dpdenverlab.local_1464210445_C1_F1/8 HTTP/1.1" 204 0 nbutest1@hs3 23
172.19.22.140 - hcpnbu [25/May/2016:15:59:31 -0600] "DELETE /nub4/saturn.dpdenverlab.local_1464210445_C1_F1/7 HTTP/1.1" 204 0 nbutest1@hs3 23
172.19.22.140 - hcpnbu [25/May/2016:15:59:31 -0600] "DELETE /nub4/saturn.dpdenverlab.local_1464210445_C1_F1/9 HTTP/1.1" 204 0 nbutest1@hs3 23
172.19.22.140 - hcpnbu [25/May/2016:15:59:32 -0600] "DELETE /nub4/saturn.dpdenverlab.local_1464210445_C1_F1/IMAGE_PROPERTIES HTTP/1.1" 204 0 nbutest1@hs3 12
172.19.22.139 - hcpnbu [25/May/2016:15:59:32 -0600] "PUT /nbu3/athene.dpdenverlab.local_1464210480_C1_F1/7 HTTP/1.1" 409 266 nbutest1@hs3 5
172.19.22.140 - hcpnbu [25/May/2016:15:59:33 -0600] "DELETE /nub4/saturn.dpdenverlab.local_1464210445_C1_F1/ HTTP/1.1" 204 0 nbutest1@hs3 10
172.19.22.139 - hcpnbu [25/May/2016:15:59:36 -0600] "PUT /nbu3/athene.dpdenverlab.local_1464210467_C1_F1/3 HTTP/1.1" 409 266 nbutest1@hs3 5
172.19.22.139 - hcpnbu [25/May/2016:15:59:36 -0600] "PUT /nbu3/athene.dpdenverlab.local_1464210467_C1_F1/4 HTTP/1.1" 409 266 nbutest1@hs3 17
172.19.22.139 - hcpnbu [25/May/2016:15:44:27 -0600] "PUT /nbu3/athene.dpdenverlab.local_1464210467_C1_F1/3 HTTP/1.1" 503 265 nbutest1@hs3 909243
172.19.22.139 - hcpnbu [25/May/2016:15:44:32 -0600] "PUT /nbu3/athene.dpdenverlab.local_1464210467_C1_F1/4 HTTP/1.1" 503 265 nbutest1@hs3 905191
172.19.22.140 - hcpnbu [25/May/2016:15:59:38 -0600] "GET /nub4/?prefix=saturn.dpdenverlab.local_1464210445_C1_HDR/ HTTP/1.1" 200 1601 nbutest1@hs3 59
172.19.22.140 - hcpnbu [25/May/2016:15:59:38 -0600] "DELETE /nub4/saturn.dpdenverlab.local_1464210445_C1_HDR/IMAGE_PROPERTIES HTTP/1.1" 204 0 nbutest1@hs3 44
172.19.22.140 - hcpnbu [25/May/2016:15:59:38 -0600] "DELETE /nub4/saturn.dpdenverlab.local_1464210445_C1_HDR/BLOCK_MAP_FILE HTTP/1.1" 204 0 nbutest1@hs3 59
172.19.22.140 - hcpnbu [25/May/2016:15:59:38 -0600] "DELETE /nub4/saturn.dpdenverlab.local_1464210445_C1_HDR/0 HTTP/1.1" 204 0 nbutest1@hs3 59
172.19.22.139 - hcpnbu [25/May/2016:15:59:40 -0600] "PUT /nbu3/athene.dpdenverlab.local_1464210480_C1_F1/7 HTTP/1.1" 409 266 nbutest1@hs3 5
172.19.22.139 - hcpnbu [25/May/2016:15:59:43 -0600] "PUT /nbu3/athene.dpdenverlab.local_1464210467_C1_F1/1 HTTP/1.1" 409 266 nbutest1@hs3 3
172.19.22.139 - hcpnbu [25/May/2016:15:59:46 -0600] "PUT /nbu3/athene.dpdenverlab.local_1464210467_C1_F1/1 HTTP/1.1" 409 266 nbutest1@hs3 5
172.19.22.139 - hcpnbu [25/May/2016:15:59:41 -0600] "PUT /nbu3/athene.dpdenverlab.local_1464210467_C1_F1/3 HTTP/1.1" 503 265 nbutest1@hs3 6242
172.19.22.139 - hcpnbu [25/May/2016:15:59:48 -0600] "DELETE /nbu3/athene.dpdenverlab.local_1464210471_C1_F1/0 HTTP/1.1" 204 0 nbutest1@hs3 24
172.19.22.138 - hcpnbu [25/May/2016:15:59:49 -0600] "GET /nub4/?location HTTP/1.1" 200 124 nbutest1@hs3 5
172.19.22.139 - hcpnbu [25/May/2016:15:44:24 -0600] "PUT /nbu3/athene.dpdenverlab.local_1464210480_C1_F1/7 HTTP/1.1" 503 265 nbutest1@hs3 924904
172.19.22.139 - hcpnbu [25/May/2016:15:44:42 -0600] "PUT /nbu3/athene.dpdenverlab.local_1464210467_C1_F1/1 HTTP/1.1" 503 265 nbutest1@hs3 906697
172.19.22.139 - hcpnbu [25/May/2016:15:59:49 -0600] "DELETE /nbu3/athene.dpdenverlab.local_1464210471_C1_F1/2 HTTP/1.1" 204 0 nbutest1@hs3 29
172.19.22.139 - hcpnbu [25/May/2016:15:59:50 -0600] "DELETE /nbu3/athene.dpdenverlab.local_1464210471_C1_F1/8 HTTP/1.1" 204 0 nbutest1@hs3 30
172.19.22.139 - hcpnbu [25/May/2016:15:59:52 -0600] "DELETE /nbu3/athene.dpdenverlab.local_1464210471_C1_F1/ HTTP/1.1" 204 0 nbutest1@hs3 22
172.19.22.139 - hcpnbu [25/May/2016:15:59:50 -0600] "PUT /nbu3/athene.dpdenverlab.local_1464210467_C1_F1/1 HTTP/1.1" 503 265 nbutest1@hs3 6059
172.19.22.138 - hcpnbu [25/May/2016:15:57:38 -0600] "PUT /nbu2/apollo.dpdenverlab.local_1464210412_C1_F1/15 HTTP/1.1" 503 265 nbutest1@hs3 138458
172.19.22.139 - hcpnbu [25/May/2016:15:59:56 -0600] "DELETE /nbu3/athene.dpdenverlab.local_1464210471_C1_HDR/0 HTTP/1.1" 204 0 nbutest1@hs3 62
172.19.22.139 - hcpnbu [25/May/2016:15:59:51 -0600] "PUT /nbu3/athene.dpdenverlab.local_1464210467_C1_F1/3 HTTP/1.1" 503 265 nbutest1@hs3 6042
172.19.22.138 - hcpnbu [25/May/2016:15:59:55 -0600] "PUT /nbu2/apollo.dpdenverlab.local_1464210412_C1_F1/BLOCK_MAP_FILE HTTP/1.1" 503 265 nbutest1@hs3 6154
172.19.22.138 - hcpnbu [25/May/2016:16:00:08 -0600] "HEAD /nbu3/ HTTP/1.1" 200 0 nbutest1@hs3 2
172.19.22.138 - hcpnbu [25/May/2016:16:00:04 -0600] "PUT /nbu2/apollo.dpdenverlab.local_1464210412_C1_F1/BLOCK_MAP_FILE HTTP/1.1" 503 265 nbutest1@hs3 6061
172.19.22.138 - hcpnbu [25/May/2016:16:00:15 -0600] "PUT /nbu2/apollo.dpdenverlab.local_1464210412_C1_F1/BLOCK_MAP_FILE HTTP/1.1" 200 0 nbutest1@hs3 1101
172.19.22.140 - hcpnbu [25/May/2016:16:00:14 -0600] "PUT /nub4/saturn.dpdenverlab.local_1464210452_C1_F1/BLOCK_MAP_FILE HTTP/1.1" 503 265 nbutest1@hs3 3091
172.19.22.137 - hcpnbu [25/May/2016:15:59:26 -0600] "PUT /nbu1/zeus.dpdenverlab.local_1464210393_C1_F1/38 HTTP/1.1" 503 265 nbutest1@hs3 51602
172.19.22.139 - hcpnbu [25/May/2016:15:45:57 -0600] "PUT /nbu3/athene.dpdenverlab.local_1464210480_C1_F1/5 HTTP/1.1" 200 0 nbutest1@hs3 868481
172.19.22.137 - hcpnbu [25/May/2016:16:00:21 -0600] "PUT /nbu1/zeus.dpdenverlab.local_1464210393_C1_F1/38 HTTP/1.1" 200 0 nbutest1@hs3 5111
172.19.22.138 - hcpnbu [25/May/2016:16:00:30 -0600] "HEAD /nbu2/apollo.dpdenverlab.local_1464210412_C1_F1/IMAGE_PROPERTIES HTTP/1.1" 200 0 nbutest1@hs3 11
172.19.22.139 - hcpnbu [25/May/2016:16:00:27 -0600] "PUT /nbu3/athene.dpdenverlab.local_1464210480_C1_F1/8 HTTP/1.1" 200 0 nbutest1@hs3 4414
172.19.22.140 - hcpnbu [25/May/2016:16:00:20 -0600] "PUT /nub4/saturn.dpdenverlab.local_1464210452_C1_F1/BLOCK_MAP_FILE HTTP/1.1" 200 0 nbutest1@hs3 11771
172.19.22.139 - hcpnbu [25/May/2016:15:59:40 -0600] "PUT /nbu3/athene.dpdenverlab.local_1464210467_C1_F1/4 HTTP/1.1" 503 265 nbutest1@hs3 51891
172.19.22.138 - hcpnbu [25/May/2016:16:00:34 -0600] "DELETE /nbu2/apollo.dpdenverlab.local_1464210412_C1_F1/0 HTTP/1.1" 204 0 nbutest1@hs3 35
172.19.22.138 - hcpnbu [25/May/2016:16:00:34 -0600] "DELETE /nbu2/apollo.dpdenverlab.local_1464210412_C1_F1/11 HTTP/1.1" 204 0 nbutest1@hs3 49
172.19.22.138 - hcpnbu [25/May/2016:16:00:34 -0600] "DELETE /nbu2/apollo.dpdenverlab.local_1464210412_C1_F1/1 HTTP/1.1" 204 0 nbutest1@hs3 50
172.19.22.138 - hcpnbu [25/May/2016:16:00:34 -0600] "DELETE /nbu2/apollo.dpdenverlab.local_1464210412_C1_F1/10 HTTP/1.1" 204 0 nbutest1@hs3 50
172.19.22.138 - hcpnbu [25/May/2016:16:00:35 -0600] "DELETE /nbu2/apollo.dpdenverlab.local_1464210412_C1_F1/14 HTTP/1.1" 204 0 nbutest1@hs3 23
172.19.22.138 - hcpnbu [25/May/2016:16:00:35 -0600] "DELETE /nbu2/apollo.dpdenverlab.local_1464210412_C1_F1/12 HTTP/1.1" 204 0 nbutest1@hs3 24
172.19.22.138 - hcpnbu [25/May/2016:16:00:35 -0600] "DELETE /nbu2/apollo.dpdenverlab.local_1464210412_C1_F1/2 HTTP/1.1" 204 0 nbutest1@hs3 23
172.19.22.138 - hcpnbu [25/May/2016:16:00:35 -0600] "DELETE /nbu2/apollo.dpdenverlab.local_1464210412_C1_F1/3 HTTP/1.1" 204 0 nbutest1@hs3 23
172.19.22.140 - hcpnbu [25/May/2016:16:00:36 -0600] "GET /nub4/?prefix=saturn.dpdenverlab.local_1464210452_C1_F1/REFERENCES/ HTTP/1.1" 200 299 nbutest1@hs3 27
172.19.22.138 - hcpnbu [25/May/2016:16:00:36 -0600] "DELETE /nbu2/apollo.dpdenverlab.local_1464210412_C1_F1/7 HTTP/1.1" 204 0 nbutest1@hs3 22
172.19.22.138 - hcpnbu [25/May/2016:16:00:36 -0600] "DELETE /nbu2/apollo.dpdenverlab.local_1464210412_C1_F1/5 HTTP/1.1" 204 0 nbutest1@hs3 22
172.19.22.138 - hcpnbu [25/May/2016:16:00:36 -0600] "DELETE /nbu2/apollo.dpdenverlab.local_1464210412_C1_F1/6 HTTP/1.1" 204 0 nbutest1@hs3 22
172.19.22.138 - hcpnbu [25/May/2016:16:00:36 -0600] "DELETE /nbu2/apollo.dpdenverlab.local_1464210412_C1_F1/4 HTTP/1.1" 204 0 nbutest1@hs3 22
172.19.22.138 - hcpnbu [25/May/2016:16:00:37 -0600] "DELETE /nbu2/apollo.dpdenverlab.local_1464210412_C1_F1/8 HTTP/1.1" 204 0 nbutest1@hs3 20
172.19.22.138 - hcpnbu [25/May/2016:16:00:37 -0600] "DELETE /nbu2/apollo.dpdenverlab.local_1464210412_C1_F1/9 HTTP/1.1" 204 0 nbutest1@hs3 20
172.19.22.138 - hcpnbu [25/May/2016:16:00:37 -0600] "DELETE /nbu2/apollo.dpdenverlab.local_1464210412_C1_F1/BLOCK_MAP_FILE HTTP/1.1" 204 0 nbutest1@hs3 20
172.19.22.138 - hcpnbu [25/May/2016:16:00:37 -0600] "DELETE /nbu2/apollo.dpdenverlab.local_1464210412_C1_F1/IMAGE_PROPERTIES HTTP/1.1" 204 0 nbutest1@hs3 19
172.19.22.139 - hcpnbu [25/May/2016:16:00:33 -0600] "PUT /nbu3/athene.dpdenverlab.local_1464210480_C1_F1/9 HTTP/1.1" 200 0 nbutest1@hs3 5172
172.19.22.138 - hcpnbu [25/May/2016:16:00:43 -0600] "DELETE /nbu2/apollo.dpdenverlab.local_1464210412_C1_HDR/0 HTTP/1.1" 204 0 nbutest1@hs3 42
172.19.22.138 - hcpnbu [25/May/2016:16:00:43 -0600] "DELETE /nbu2/apollo.dpdenverlab.local_1464210412_C1_HDR/IMAGE_PROPERTIES HTTP/1.1" 204 0 nbutest1@hs3 42
172.19.22.138 - hcpnbu [25/May/2016:16:00:43 -0600] "DELETE /nbu2/apollo.dpdenverlab.local_1464210412_C1_HDR/BLOCK_MAP_FILE HTTP/1.1" 204 0 nbutest1@hs3 42
172.19.22.137 - hcpnbu [25/May/2016:16:00:45 -0600] "PUT /nbu1/zeus.dpdenverlab.local_1464210388_C1_F1/16 HTTP/1.1" 409 266 nbutest1@hs3 4
172.19.22.140 - hcpnbu [25/May/2016:16:00:46 -0600] "GET /nub4/?prefix=saturn.dpdenverlab.local_1464210452_C1_F1/ HTTP/1.1" 200 5857 nbutest1@hs3 36
172.19.22.140 - hcpnbu [25/May/2016:16:00:46 -0600] "DELETE /nub4/saturn.dpdenverlab.local_1464210452_C1_F1/12 HTTP/1.1" 204 0 nbutest1@hs3 28
172.19.22.140 - hcpnbu [25/May/2016:16:00:46 -0600] "DELETE /nub4/saturn.dpdenverlab.local_1464210452_C1_F1/0 HTTP/1.1" 204 0 nbutest1@hs3 29
172.19.22.140 - hcpnbu [25/May/2016:16:00:46 -0600] "DELETE /nub4/saturn.dpdenverlab.local_1464210452_C1_F1/10 HTTP/1.1" 204 0 nbutest1@hs3 38
172.19.22.140 - hcpnbu [25/May/2016:16:00:46 -0600] "DELETE /nub4/saturn.dpdenverlab.local_1464210452_C1_F1/1 HTTP/1.1" 204 0 nbutest1@hs3 39
172.19.22.140 - hcpnbu [25/May/2016:16:00:47 -0600] "DELETE /nub4/saturn.dpdenverlab.local_1464210452_C1_F1/14 HTTP/1.1" 204 0 nbutest1@hs3 29
172.19.22.140 - hcpnbu [25/May/2016:16:00:47 -0600] "DELETE /nub4/saturn.dpdenverlab.local_1464210452_C1_F1/2 HTTP/1.1" 204 0 nbutest1@hs3 28
172.19.22.140 - hcpnbu [25/May/2016:16:00:47 -0600] "DELETE /nub4/saturn.dpdenverlab.local_1464210452_C1_F1/15 HTTP/1.1" 204 0 nbutest1@hs3 28
172.19.22.140 - hcpnbu [25/May/2016:16:00:47 -0600] "DELETE /nub4/saturn.dpdenverlab.local_1464210452_C1_F1/3 HTTP/1.1" 204 0 nbutest1@hs3 28
172.19.22.137 - hcpnbu [25/May/2016:15:45:41 -0600] "PUT /nbu1/zeus.dpdenverlab.local_1464210388_C1_F1/16 HTTP/1.1" 503 265 nbutest1@hs3 907418
172.19.22.140 - hcpnbu [25/May/2016:16:00:48 -0600] "DELETE /nub4/saturn.dpdenverlab.local_1464210452_C1_F1/5 HTTP/1.1" 204 0 nbutest1@hs3 37
172.19.22.140 - hcpnbu [25/May/2016:16:00:48 -0600] "DELETE /nub4/saturn.dpdenverlab.local_1464210452_C1_F1/6 HTTP/1.1" 204 0 nbutest1@hs3 37
172.19.22.140 - hcpnbu [25/May/2016:16:00:48 -0600] "DELETE /nub4/saturn.dpdenverlab.local_1464210452_C1_F1/4 HTTP/1.1" 204 0 nbutest1@hs3 37
172.19.22.140 - hcpnbu [25/May/2016:16:00:48 -0600] "DELETE /nub4/saturn.dpdenverlab.local_1464210452_C1_F1/7 HTTP/1.1" 204 0 nbutest1@hs3 37
172.19.22.140 - hcpnbu [25/May/2016:16:00:49 -0600] "DELETE /nub4/saturn.dpdenverlab.local_1464210452_C1_F1/8 HTTP/1.1" 204 0 nbutest1@hs3 17
172.19.22.140 - hcpnbu [25/May/2016:16:00:49 -0600] "DELETE /nub4/saturn.dpdenverlab.local_1464210452_C1_F1/BLOCK_MAP_FILE HTTP/1.1" 204 0 nbutest1@hs3 24
172.19.22.140 - hcpnbu [25/May/2016:16:00:49 -0600] "DELETE /nub4/saturn.dpdenverlab.local_1464210452_C1_F1/IMAGE_PROPERTIES HTTP/1.1" 204 0 nbutest1@hs3 33
172.19.22.140 - hcpnbu [25/May/2016:16:00:49 -0600] "DELETE /nub4/saturn.dpdenverlab.local_1464210452_C1_F1/9 HTTP/1.1" 204 0 nbutest1@hs3 34
172.19.22.139 - hcpnbu [25/May/2016:15:45:48 -0600] "PUT /nbu3/athene.dpdenverlab.local_1464210473_C1_F1/8 HTTP/1.1" 503 265 nbutest1@hs3 901473
172.19.22.138 - hcpnbu [25/May/2016:16:00:52 -0600] "HEAD /nbu2/ HTTP/1.1" 200 0 nbutest1@hs3 3
172.19.22.139 - hcpnbu [25/May/2016:16:00:53 -0600] "PUT /nbu3/athene.dpdenverlab.local_1464210473_C1_F1/7 HTTP/1.1" 409 266 nbutest1@hs3 32
172.19.22.139 - hcpnbu [25/May/2016:16:00:54 -0600] "PUT /nbu3/athene.dpdenverlab.local_1464210473_C1_F1/7 HTTP/1.1" 409 266 nbutest1@hs3 5
172.19.22.140 - hcpnbu [25/May/2016:16:00:55 -0600] "DELETE /nub4/saturn.dpdenverlab.local_1464210452_C1_HDR/0 HTTP/1.1" 204 0 nbutest1@hs3 20
172.19.22.140 - hcpnbu [25/May/2016:16:00:55 -0600] "DELETE /nub4/saturn.dpdenverlab.local_1464210452_C1_HDR/IMAGE_PROPERTIES HTTP/1.1" 204 0 nbutest1@hs3 20
172.19.22.140 - hcpnbu [25/May/2016:16:00:55 -0600] "DELETE /nub4/saturn.dpdenverlab.local_1464210452_C1_HDR/BLOCK_MAP_FILE HTTP/1.1" 204 0 nbutest1@hs3 20
172.19.22.138 - hcpnbu [25/May/2016:16:00:56 -0600] "HEAD /nbu2/ HTTP/1.1" 200 0 nbutest1@hs3 1
172.19.22.139 - hcpnbu [25/May/2016:15:45:48 -0600] "PUT /nbu3/athene.dpdenverlab.local_1464210473_C1_F1/7 HTTP/1.1" 503 265 nbutest1@hs3 909849
172.19.22.137 - hcpnbu [25/May/2016:15:45:59 -0600] "PUT /nbu1/zeus.dpdenverlab.local_1464210395_C1_F1/9 HTTP/1.1" 503 0 nbutest1@hs3 900192
172.19.22.138 - hcpnbu [25/May/2016:16:01:07 -0600] "HEAD /nub4/ HTTP/1.1" 200 0 nbutest1@hs3 9
172.19.22.137 - hcpnbu [25/May/2016:16:01:03 -0600] "PUT /nbu1/zeus.dpdenverlab.local_1464210395_C1_F1/9 HTTP/1.1" 503 265 nbutest1@hs3 6062
172.19.22.140 - hcpnbu [25/May/2016:16:01:16 -0600] "HEAD /nbu2/ HTTP/1.1" 200 0 nbutest1@hs3 3
172.19.22.137 - hcpnbu [25/May/2016:16:01:12 -0600] "PUT /nbu1/zeus.dpdenverlab.local_1464210395_C1_F1/9 HTTP/1.1" 503 265 nbutest1@hs3 6065
172.19.22.137 - hcpnbu [25/May/2016:16:01:22 -0600] "PUT /nbu1/zeus.dpdenverlab.local_1464210395_C1_F1/9 HTTP/1.1" 503 265 nbutest1@hs3 6053
172.19.22.140 - hcpnbu [25/May/2016:16:01:32 -0600] "HEAD /nbu3/ HTTP/1.1" 200 0 nbutest1@hs3 2
172.19.22.139 - hcpnbu [25/May/2016:16:01:01 -0600] "PUT /nbu3/athene.dpdenverlab.local_1464210473_C1_F1/7 HTTP/1.1" 503 265 nbutest1@hs3 52946
172.19.22.140 - hcpnbu [25/May/2016:16:02:01 -0600] "GET /nbu1/?location HTTP/1.1" 200 124 nbutest1@hs3 6
172.19.22.137 - hcpnbu [25/May/2016:15:47:04 -0600] "PUT /nbu1/zeus.dpdenverlab.local_1464210401_C1_F1/14 HTTP/1.1" 503 265 nbutest1@hs3 904085
172.19.22.138 - hcpnbu [25/May/2016:16:02:18 -0600] "PUT /nbu2/apollo.dpdenverlab.local_1464210426_C1_F1/21 HTTP/1.1" 409 228 nbutest1@hs3 5
172.19.22.140 - hcpnbu [25/May/2016:15:47:11 -0600] "PUT /nub4/saturn.dpdenverlab.local_1464210450_C1_F1/18 HTTP/1.1" 503 265 nbutest1@hs3 910836
172.19.22.138 - hcpnbu [25/May/2016:16:02:21 -0600] "PUT /nbu2/apollo.dpdenverlab.local_1464210426_C1_F1/BLOCK_MAP_FILE HTTP/1.1" 200 0 nbutest1@hs3 11397
172.19.22.138 - hcpnbu [25/May/2016:16:02:33 -0600] "DELETE /nbu2/apollo.dpdenverlab.local_1464210426_C1_F1/IMAGE_PROPERTIES HTTP/1.1" 204 0 nbutest1@hs3 15
172.19.22.139 - hcpnbu [25/May/2016:16:02:36 -0600] "PUT /nbu3/athene.dpdenverlab.local_1464210473_C1_F1/10 HTTP/1.1" 409 266 nbutest1@hs3 5
172.19.22.139 - hcpnbu [25/May/2016:16:02:39 -0600] "PUT /nbu3/athene.dpdenverlab.local_1464210473_C1_F1/10 HTTP/1.1" 409 266 nbutest1@hs3 6
172.19.22.139 - hcpnbu [25/May/2016:16:02:44 -0600] "PUT /nbu3/athene.dpdenverlab.local_1464210473_C1_F1/10 HTTP/1.1" 409 266 nbutest1@hs3 5
172.19.22.139 - hcpnbu [25/May/2016:15:47:32 -0600] "PUT /nbu3/athene.dpdenverlab.local_1464210473_C1_F1/10 HTTP/1.1" 200 0 nbutest1@hs3 914740
172.19.22.137 - hcpnbu [25/May/2016:16:02:48 -0600] "PUT /nbu1/zeus.dpdenverlab.local_1464210388_C1_F1/17 HTTP/1.1" 409 266 nbutest1@hs3 4
172.19.22.139 - hcpnbu [25/May/2016:16:02:48 -0600] "DELETE /nbu3/athene.dpdenverlab.local_1464210459_C1_F1/11 HTTP/1.1" 204 0 nbutest1@hs3 48
172.19.22.139 - hcpnbu [25/May/2016:16:02:48 -0600] "DELETE /nbu3/athene.dpdenverlab.local_1464210459_C1_F1/1 HTTP/1.1" 204 0 nbutest1@hs3 48
172.19.22.139 - hcpnbu [25/May/2016:16:02:48 -0600] "DELETE /nbu3/athene.dpdenverlab.local_1464210459_C1_F1/10 HTTP/1.1" 204 0 nbutest1@hs3 48
172.19.22.139 - hcpnbu [25/May/2016:16:02:49 -0600] "DELETE /nbu3/athene.dpdenverlab.local_1464210459_C1_F1/13 HTTP/1.1" 204 0 nbutest1@hs3 22
172.19.22.139 - hcpnbu [25/May/2016:16:02:49 -0600] "DELETE /nbu3/athene.dpdenverlab.local_1464210459_C1_F1/15 HTTP/1.1" 204 0 nbutest1@hs3 22
172.19.22.139 - hcpnbu [25/May/2016:16:02:49 -0600] "DELETE /nbu3/athene.dpdenverlab.local_1464210459_C1_F1/14 HTTP/1.1" 204 0 nbutest1@hs3 22
