172.19.22.139 - hcpnbu [25/May/2016:15:29:11 -0600] "PUT /nbu3/athene.dpdenverlab.local_1464210478_C1_F1/14 HTTP/1.1" 503 265 nbutest1@hs3 924684
172.19.22.139 - hcpnbu [25/May/2016:15:44:53 -0600] "PUT /nbu3/athene.dpdenverlab.local_1464210478_C1_F1/14 HTTP/1.1" 503 265 nbutest1@hs3 6078
172.19.22.139 - hcpnbu [25/May/2016:15:45:02 -0600] "PUT /nbu3/athene.dpdenverlab.local_1464210478_C1_F1/14 HTTP/1.1" 503 265 nbutest1@hs3 6057
172.19.22.139 - hcpnbu [25/May/2016:15:45:19 -0600] "HEAD /nbu3/athene.dpdenverlab.local_1464210463_C1_F1/IMAGE_PROPERTIES HTTP/1.1" 200 0 nbutest1@hs3 7
172.19.22.139 - hcpnbu [25/May/2016:15:45:15 -0600] "PUT /nbu3/athene.dpdenverlab.local_1464210478_C1_F1/14 HTTP/1.1" 200 0 nbutest1@hs3 5211
172.19.22.139 - hcpnbu [25/May/2016:15:45:41 -0600] "HEAD /nbu3/athene.dpdenverlab.local_1464210463_C1_F1/IMAGE_PROPERTIES HTTP/1.1" 200 0 nbutest1@hs3 8
172.19.22.139 - hcpnbu [25/May/2016:15:45:42 -0600] "PUT /nbu3/athene.dpdenverlab.local_1464210478_C1_F1/19 HTTP/1.1" 200 0 nbutest1@hs3 4018
172.19.22.139 - hcpnbu [25/May/2016:15:45:51 -0600] "GET /nbu3/?prefix=athene.dpdenverlab.local_1464210463_C1_HDR/REFERENCES/ HTTP/1.1" 200 300 nbutest1@hs3 39
172.19.22.137 - hcpnbu [25/May/2016:15:46:00 -0600] "PUT /nbu1/zeus.dpdenverlab.local_1464210394_C1_F1/16 HTTP/1.1" 503 265 nbutest1@hs3 6058
172.19.22.140 - hcpnbu [25/May/2016:15:46:15 -0600] "GET / HTTP/1.1" 200 612 nbutest1@hs3 24
172.19.22.140 - hcpnbu [25/May/2016:15:46:12 -0600] "PUT /nub4/saturn.dpdenverlab.local_1464210437_C1_F1/8 HTTP/1.1" 503 265 nbutest1@hs3 6080
172.19.22.140 - hcpnbu [25/May/2016:15:46:19 -0600] "PUT /nub4/saturn.dpdenverlab.local_1464210437_C1_F1/8 HTTP/1.1" 503 265 nbutest1@hs3 6065
172.19.22.139 - hcpnbu [25/May/2016:15:41:18 -0600] "PUT /nbu3/athene.dpdenverlab.local_1464210470_C1_F1/11 HTTP/1.1" 200 0 nbutest1@hs3 333468
172.19.22.140 - hcpnbu [25/May/2016:15:46:52 -0600] "HEAD /nub4/ HTTP/1.1" 200 0 nbutest1@hs3 3
172.19.22.139 - hcpnbu [25/May/2016:15:46:55 -0600] "PUT /nbu3/athene.dpdenverlab.local_1464210470_C1_F1/15 HTTP/1.1" 200 0 nbutest1@hs3 5150
172.19.22.140 - hcpnbu [25/May/2016:15:47:10 -0600] "PUT /nub4/saturn.dpdenverlab.local_1464210445_C1_F1/11 HTTP/1.1" 409 266 nbutest1@hs3 7
172.19.22.140 - hcpnbu [25/May/2016:15:32:11 -0600] "PUT /nub4/saturn.dpdenverlab.local_1464210437_C1_F1/6 HTTP/1.1" 503 0 nbutest1@hs3 900848
172.19.22.140 - hcpnbu [25/May/2016:15:47:14 -0600] "PUT /nub4/saturn.dpdenverlab.local_1464210445_C1_F1/11 HTTP/1.1" 409 266 nbutest1@hs3 8
172.19.22.140 - hcpnbu [25/May/2016:15:32:05 -0600] "PUT /nub4/saturn.dpdenverlab.local_1464210445_C1_F1/11 HTTP/1.1" 503 265 nbutest1@hs3 911787
172.19.22.140 - hcpnbu [25/May/2016:15:32:15 -0600] "PUT /nub4/saturn.dpdenverlab.local_1464210437_C1_F1/11 HTTP/1.1" 503 265 nbutest1@hs3 902073
172.19.22.140 - hcpnbu [25/May/2016:15:32:22 -0600] "PUT /nub4/saturn.dpdenverlab.local_1464210434_C1_F1/11 HTTP/1.1" 503 0 nbutest1@hs3 900789
172.19.22.140 - hcpnbu [25/May/2016:15:47:30 -0600] "GET /nbu3/?location HTTP/1.1" 200 124 nbutest1@hs3 7
172.19.22.140 - hcpnbu [25/May/2016:15:47:31 -0600] "PUT /nub4/saturn.dpdenverlab.local_1464210434_C1_F1/9 HTTP/1.1" 409 266 nbutest1@hs3 6
172.19.22.140 - hcpnbu [25/May/2016:15:32:27 -0600] "PUT /nub4/saturn.dpdenverlab.local_1464210434_C1_F1/9 HTTP/1.1" 503 265 nbutest1@hs3 904652
172.19.22.140 - hcpnbu [25/May/2016:15:48:14 -0600] "GET / HTTP/1.1" 200 612 nbutest1@hs3 28
172.19.22.140 - hcpnbu [25/May/2016:15:47:25 -0600] "PUT /nub4/saturn.dpdenverlab.local_1464210434_C1_F1/11 HTTP/1.1" 503 265 nbutest1@hs3 52386
172.19.22.140 - hcpnbu [25/May/2016:15:48:21 -0600] "PUT /nub4/saturn.dpdenverlab.local_1464210434_C1_F1/11 HTTP/1.1" 200 0 nbutest1@hs3 5148
172.19.22.139 - hcpnbu [25/May/2016:15:33:28 -0600] "PUT /nbu3/athene.dpdenverlab.local_1464210478_C1_F1/15 HTTP/1.1" 503 265 nbutest1@hs3 905384
172.19.22.140 - hcpnbu [25/May/2016:15:48:50 -0600] "GET / HTTP/1.1" 200 612 nbutest1@hs3 25
172.19.22.140 - hcpnbu [25/May/2016:15:49:16 -0600] "HEAD /nbu2/ HTTP/1.1" 200 0 nbutest1@hs3 3
172.19.22.138 - hcpnbu [25/May/2016:15:49:50 -0600] "PUT /nbu2/apollo.dpdenverlab.local_1464210420_C1_F1/BLOCK_MAP_FILE HTTP/1.1" 200 0 nbutest1@hs3 1115
172.19.22.138 - hcpnbu [25/May/2016:15:49:57 -0600] "DELETE /nbu2/apollo.dpdenverlab.local_1464210420_C1_F1/1 HTTP/1.1" 204 0 nbutest1@hs3 31
172.19.22.138 - hcpnbu [25/May/2016:15:49:57 -0600] "DELETE /nbu2/apollo.dpdenverlab.local_1464210420_C1_F1/2 HTTP/1.1" 204 0 nbutest1@hs3 31
172.19.22.138 - hcpnbu [25/May/2016:15:49:57 -0600] "DELETE /nbu2/apollo.dpdenverlab.local_1464210420_C1_F1/0 HTTP/1.1" 204 0 nbutest1@hs3 41
172.19.22.138 - hcpnbu [25/May/2016:15:49:57 -0600] "DELETE /nbu2/apollo.dpdenverlab.local_1464210420_C1_F1/3 HTTP/1.1" 204 0 nbutest1@hs3 40
172.19.22.138 - hcpnbu [25/May/2016:15:49:58 -0600] "DELETE /nbu2/apollo.dpdenverlab.local_1464210420_C1_F1/BLOCK_MAP_FILE HTTP/1.1" 204 0 nbutest1@hs3 29
172.19.22.138 - hcpnbu [25/May/2016:15:49:58 -0600] "DELETE /nbu2/apollo.dpdenverlab.local_1464210420_C1_F1/IMAGE_PROPERTIES HTTP/1.1" 204 0 nbutest1@hs3 29
172.19.22.138 - hcpnbu [25/May/2016:15:49:58 -0600] "DELETE /nbu2/apollo.dpdenverlab.local_1464210420_C1_F1/4 HTTP/1.1" 204 0 nbutest1@hs3 30
172.19.22.138 - hcpnbu [25/May/2016:15:49:58 -0600] "DELETE /nbu2/apollo.dpdenverlab.local_1464210420_C1_F1/7 HTTP/1.1" 204 0 nbutest1@hs3 29
172.19.22.140 - hcpnbu [25/May/2016:15:50:00 -0600] "GET / HTTP/1.1" 200 612 nbutest1@hs3 28
172.19.22.138 - hcpnbu [25/May/2016:15:50:05 -0600] "DELETE /nbu2/apollo.dpdenverlab.local_1464210420_C1_HDR/0 HTTP/1.1" 204 0 nbutest1@hs3 57
172.19.22.138 - hcpnbu [25/May/2016:15:50:05 -0600] "DELETE /nbu2/apollo.dpdenverlab.local_1464210420_C1_HDR/IMAGE_PROPERTIES HTTP/1.1" 204 0 nbutest1@hs3 87
172.19.22.138 - hcpnbu [25/May/2016:15:50:05 -0600] "DELETE /nbu2/apollo.dpdenverlab.local_1464210420_C1_HDR/BLOCK_MAP_FILE HTTP/1.1" 204 0 nbutest1@hs3 87
172.19.22.138 - hcpnbu [25/May/2016:15:50:07 -0600] "DELETE /nbu2/apollo.dpdenverlab.local_1464210420_C1_HDR/ HTTP/1.1" 204 0 nbutest1@hs3 33
172.19.22.138 - hcpnbu [25/May/2016:15:50:17 -0600] "HEAD /nbu2/apollo.dpdenverlab.local_1464210420_C1_F1/IMAGE_PROPERTIES HTTP/1.1" 404 0 nbutest1@hs3 5
172.19.22.137 - hcpnbu [25/May/2016:15:36:24 -0600] "PUT /nbu1/zeus.dpdenverlab.local_1464210399_C1_F1/17 HTTP/1.1" 503 265 nbutest1@hs3 866095
172.19.22.140 - hcpnbu [25/May/2016:15:50:51 -0600] "HEAD /nub4/ HTTP/1.1" 200 0 nbutest1@hs3 3
172.19.22.137 - hcpnbu [25/May/2016:15:50:53 -0600] "PUT /nbu1/zeus.dpdenverlab.local_1464210399_C1_F1/17 HTTP/1.1" 503 265 nbutest1@hs3 6085
172.19.22.138 - hcpnbu [25/May/2016:15:51:05 -0600] "PUT /nbu2/apollo.dpdenverlab.local_1464210425_C1_F1/IMAGE_PROPERTIES HTTP/1.1" 503 265 nbutest1@hs3 6072
172.19.22.139 - hcpnbu [25/May/2016:15:45:49 -0600] "PUT /nbu3/athene.dpdenverlab.local_1464210478_C1_F1/22 HTTP/1.1" 503 265 nbutest1@hs3 329747
172.19.22.140 - hcpnbu [25/May/2016:15:51:49 -0600] "GET / HTTP/1.1" 200 612 nbutest1@hs3 30
172.19.22.138 - hcpnbu [25/May/2016:15:51:13 -0600] "PUT /nbu2/apollo.dpdenverlab.local_1464210425_C1_F1/IMAGE_PROPERTIES HTTP/1.1" 503 265 nbutest1@hs3 51091
172.19.22.140 - hcpnbu [25/May/2016:15:52:16 -0600] "HEAD /nbu2/ HTTP/1.1" 200 0 nbutest1@hs3 2
172.19.22.138 - hcpnbu [25/May/2016:15:52:08 -0600] "PUT /nbu2/apollo.dpdenverlab.local_1464210425_C1_F1/IMAGE_PROPERTIES HTTP/1.1" 503 265 nbutest1@hs3 39305
172.19.22.138 - hcpnbu [25/May/2016:15:37:52 -0600] "PUT /nbu2/apollo.dpdenverlab.local_1464210429_C1_F1/8 HTTP/1.1" 503 0 nbutest1@hs3 901070
172.19.22.138 - hcpnbu [25/May/2016:15:52:56 -0600] "PUT /nbu2/apollo.dpdenverlab.local_1464210425_C1_F1/IMAGE_PROPERTIES HTTP/1.1" 200 0 nbutest1@hs3 1178
172.19.22.138 - hcpnbu [25/May/2016:15:52:57 -0600] "HEAD /nbu2/apollo.dpdenverlab.local_1464210425_C1_F1/IMAGE_PROPERTIES HTTP/1.1" 200 0 nbutest1@hs3 7
172.19.22.138 - hcpnbu [25/May/2016:15:52:55 -0600] "PUT /nbu2/apollo.dpdenverlab.local_1464210429_C1_F1/8 HTTP/1.1" 200 0 nbutest1@hs3 5042
172.19.22.138 - hcpnbu [25/May/2016:15:53:01 -0600] "PUT /nbu2/apollo.dpdenverlab.local_1464210429_C1_F1/10 HTTP/1.1" 200 0 nbutest1@hs3 5547
172.19.22.138 - hcpnbu [25/May/2016:15:53:04 -0600] "PUT /nbu2/apollo.dpdenverlab.local_1464210433_C1_F1/9 HTTP/1.1" 200 0 nbutest1@hs3 4482
172.19.22.140 - hcpnbu [25/May/2016:15:53:12 -0600] "PUT /nub4/saturn.dpdenverlab.local_1464210434_C1_F1/15 HTTP/1.1" 409 266 nbutest1@hs3 22
172.19.22.138 - hcpnbu [25/May/2016:15:53:09 -0600] "PUT /nbu2/apollo.dpdenverlab.local_1464210433_C1_F1/15 HTTP/1.1" 200 0 nbutest1@hs3 5305
172.19.22.140 - hcpnbu [25/May/2016:15:53:15 -0600] "PUT /nub4/saturn.dpdenverlab.local_1464210434_C1_F1/15 HTTP/1.1" 409 266 nbutest1@hs3 7
172.19.22.140 - hcpnbu [25/May/2016:15:38:09 -0600] "PUT /nub4/saturn.dpdenverlab.local_1464210434_C1_F1/15 HTTP/1.1" 503 265 nbutest1@hs3 906371
172.19.22.140 - hcpnbu [25/May/2016:15:53:16 -0600] "GET /nbu2/?location HTTP/1.1" 200 124 nbutest1@hs3 16
172.19.22.138 - hcpnbu [25/May/2016:15:53:17 -0600] "PUT /nbu2/apollo.dpdenverlab.local_1464210429_C1_F1/6 HTTP/1.1" 409 266 nbutest1@hs3 5
172.19.22.138 - hcpnbu [25/May/2016:15:53:20 -0600] "PUT /nbu2/apollo.dpdenverlab.local_1464210429_C1_F1/6 HTTP/1.1" 409 266 nbutest1@hs3 7
172.19.22.138 - hcpnbu [25/May/2016:15:53:27 -0600] "PUT /nbu2/apollo.dpdenverlab.local_1464210429_C1_F1/6 HTTP/1.1" 409 266 nbutest1@hs3 6
172.19.22.138 - hcpnbu [25/May/2016:15:53:28 -0600] "HEAD /nbu2/apollo.dpdenverlab.local_1464210425_C1_HDR/IMAGE_PROPERTIES HTTP/1.1" 404 0 nbutest1@hs3 3
172.19.22.138 - hcpnbu [25/May/2016:15:53:39 -0600] "PUT /nbu2/apollo.dpdenverlab.local_1464210429_C1_F1/6 HTTP/1.1" 409 266 nbutest1@hs3 6
172.19.22.138 - hcpnbu [25/May/2016:15:38:14 -0600] "PUT /nbu2/apollo.dpdenverlab.local_1464210429_C1_F1/6 HTTP/1.1" 503 265 nbutest1@hs3 928337
172.19.22.139 - hcpnbu [25/May/2016:15:53:49 -0600] "PUT /nbu3/athene.dpdenverlab.local_1464210475_C1_F1/4 HTTP/1.1" 409 266 nbutest1@hs3 26
172.19.22.139 - hcpnbu [25/May/2016:15:38:45 -0600] "PUT /nbu3/athene.dpdenverlab.local_1464210475_C1_F1/4 HTTP/1.1" 503 265 nbutest1@hs3 906487
172.19.22.140 - hcpnbu [25/May/2016:15:54:00 -0600] "GET / HTTP/1.1" 200 612 nbutest1@hs3 26
172.19.22.138 - hcpnbu [25/May/2016:15:53:56 -0600] "PUT /nbu2/apollo.dpdenverlab.local_1464210429_C1_F1/6 HTTP/1.1" 503 265 nbutest1@hs3 26235
172.19.22.138 - hcpnbu [25/May/2016:15:39:23 -0600] "PUT /nbu2/apollo.dpdenverlab.local_1464210429_C1_F1/7 HTTP/1.1" 503 265 nbutest1@hs3 901481
172.19.22.140 - hcpnbu [25/May/2016:15:54:30 -0600] "GET / HTTP/1.1" 200 612 nbutest1@hs3 27
172.19.22.140 - hcpnbu [25/May/2016:15:39:26 -0600] "PUT /nub4/saturn.dpdenverlab.local_1464210437_C1_F1/7 HTTP/1.1" 503 265 nbutest1@hs3 904273
172.19.22.140 - hcpnbu [25/May/2016:15:54:30 -0600] "PUT /nub4/saturn.dpdenverlab.local_1464210437_C1_F1/7 HTTP/1.1" 200 0 nbutest1@hs3 5297
172.19.22.139 - hcpnbu [25/May/2016:15:39:33 -0600] "PUT /nbu3/athene.dpdenverlab.local_1464210475_C1_F1/6 HTTP/1.1" 503 265 nbutest1@hs3 903192
172.19.22.139 - hcpnbu [25/May/2016:15:54:38 -0600] "PUT /nbu3/athene.dpdenverlab.local_1464210475_C1_F1/6 HTTP/1.1" 200 0 nbutest1@hs3 5224
172.19.22.140 - hcpnbu [25/May/2016:15:39:59 -0600] "PUT /nub4/saturn.dpdenverlab.local_1464210434_C1_F1/13 HTTP/1.1" 503 0 nbutest1@hs3 901054
172.19.22.140 - hcpnbu [25/May/2016:15:55:01 -0600] "HEAD /nbu1/ HTTP/1.1" 200 0 nbutest1@hs3 3
172.19.22.140 - hcpnbu [25/May/2016:15:42:31 -0600] "PUT /nub4/saturn.dpdenverlab.local_1464210449_C1_F1/8 HTTP/1.1" 200 0 nbutest1@hs3 798264
172.19.22.140 - hcpnbu [25/May/2016:15:55:50 -0600] "GET / HTTP/1.1" 200 612 nbutest1@hs3 27
172.19.22.140 - hcpnbu [25/May/2016:15:55:50 -0600] "PUT /nub4/saturn.dpdenverlab.local_1464210449_C1_F1/9 HTTP/1.1" 503 265 nbutest1@hs3 61
172.19.22.139 - hcpnbu [25/May/2016:15:55:54 -0600] "PUT /nbu3/athene.dpdenverlab.local_1464210475_C1_F1/2 HTTP/1.1" 409 266 nbutest1@hs3 5
172.19.22.139 - hcpnbu [25/May/2016:15:40:50 -0600] "PUT /nbu3/athene.dpdenverlab.local_1464210475_C1_F1/2 HTTP/1.1" 503 265 nbutest1@hs3 904131
172.19.22.140 - hcpnbu [25/May/2016:15:55:54 -0600] "PUT /nub4/saturn.dpdenverlab.local_1464210449_C1_F1/9 HTTP/1.1" 200 0 nbutest1@hs3 5088
172.19.22.140 - hcpnbu [25/May/2016:15:56:00 -0600] "PUT /nub4/saturn.dpdenverlab.local_1464210449_C1_F1/10 HTTP/1.1" 200 0 nbutest1@hs3 4141
172.19.22.140 - hcpnbu [25/May/2016:15:56:06 -0600] "PUT /nub4/saturn.dpdenverlab.local_1464210449_C1_F1/11 HTTP/1.1" 200 0 nbutest1@hs3 5201
172.19.22.139 - hcpnbu [25/May/2016:15:56:13 -0600] "PUT /nbu3/athene.dpdenverlab.local_1464210470_C1_F1/10 HTTP/1.1" 409 266 nbutest1@hs3 6
172.19.22.139 - hcpnbu [25/May/2016:15:56:14 -0600] "PUT /nbu3/athene.dpdenverlab.local_1464210470_C1_F1/10 HTTP/1.1" 409 266 nbutest1@hs3 6
172.19.22.140 - hcpnbu [25/May/2016:15:56:16 -0600] "GET /nbu2/?location HTTP/1.1" 200 124 nbutest1@hs3 7
172.19.22.140 - hcpnbu [25/May/2016:15:56:12 -0600] "PUT /nub4/saturn.dpdenverlab.local_1464210449_C1_F1/12 HTTP/1.1" 200 0 nbutest1@hs3 4930
172.19.22.139 - hcpnbu [25/May/2016:15:56:22 -0600] "PUT /nbu3/athene.dpdenverlab.local_1464210470_C1_F1/10 HTTP/1.1" 409 266 nbutest1@hs3 5
172.19.22.139 - hcpnbu [25/May/2016:15:41:10 -0600] "PUT /nbu3/athene.dpdenverlab.local_1464210470_C1_F1/10 HTTP/1.1" 503 265 nbutest1@hs3 917579
172.19.22.139 - hcpnbu [25/May/2016:15:41:47 -0600] "PUT /nbu3/athene.dpdenverlab.local_1464210470_C1_F1/7 HTTP/1.1" 503 265 nbutest1@hs3 902076
172.19.22.140 - hcpnbu [25/May/2016:15:41:47 -0600] "PUT /nub4/saturn.dpdenverlab.local_1464210449_C1_F1/2 HTTP/1.1" 200 0 nbutest1@hs3 903048
172.19.22.138 - hcpnbu [25/May/2016:15:56:40 -0600] "PUT /nbu2/apollo.dpdenverlab.local_1464210411_C1_F1/BLOCK_MAP_FILE HTTP/1.1" 200 0 nbutest1@hs3 10790
172.19.22.139 - hcpnbu [25/May/2016:15:56:51 -0600] "PUT /nbu3/athene.dpdenverlab.local_1464210475_C1_F1/1 HTTP/1.1" 409 266 nbutest1@hs3 7
172.19.22.140 - hcpnbu [25/May/2016:15:56:51 -0600] "PUT /nub4/saturn.dpdenverlab.local_1464210449_C1_F1/2 HTTP/1.1" 409 228 nbutest1@hs3 4
172.19.22.139 - hcpnbu [25/May/2016:15:56:53 -0600] "PUT /nbu3/athene.dpdenverlab.local_1464210475_C1_F1/1 HTTP/1.1" 409 266 nbutest1@hs3 6
172.19.22.140 - hcpnbu [25/May/2016:15:56:54 -0600] "PUT /nub4/saturn.dpdenverlab.local_1464210449_C1_F1/2 HTTP/1.1" 409 228 nbutest1@hs3 5
172.19.22.140 - hcpnbu [25/May/2016:15:56:55 -0600] "PUT /nub4/saturn.dpdenverlab.local_1464210445_C1_F1/2 HTTP/1.1" 409 266 nbutest1@hs3 5
172.19.22.138 - hcpnbu [25/May/2016:15:56:55 -0600] "GET /nbu2/?prefix=apollo.dpdenverlab.local_1464210411_C1_F1/REFERENCES/ HTTP/1.1" 200 299 nbutest1@hs3 36
172.19.22.139 - hcpnbu [25/May/2016:15:56:50 -0600] "PUT /nbu3/athene.dpdenverlab.local_1464210470_C1_F1/7 HTTP/1.1" 503 265 nbutest1@hs3 6086
172.19.22.140 - hcpnbu [25/May/2016:15:56:57 -0600] "PUT /nub4/saturn.dpdenverlab.local_1464210445_C1_F1/2 HTTP/1.1" 409 266 nbutest1@hs3 5
172.19.22.139 - hcpnbu [25/May/2016:15:41:47 -0600] "PUT /nbu3/athene.dpdenverlab.local_1464210475_C1_F1/1 HTTP/1.1" 200 0 nbutest1@hs3 909984
172.19.22.137 - hcpnbu [25/May/2016:15:41:57 -0600] "PUT /nbu1/zeus.dpdenverlab.local_1464210399_C1_F1/15 HTTP/1.1" 503 265 nbutest1@hs3 901401
172.19.22.139 - hcpnbu [25/May/2016:15:56:58 -0600] "PUT /nbu3/athene.dpdenverlab.local_1464210475_C1_F1/1 HTTP/1.1" 409 228 nbutest1@hs3 5
172.19.22.140 - hcpnbu [25/May/2016:15:56:59 -0600] "PUT /nub4/saturn.dpdenverlab.local_1464210449_C1_F1/2 HTTP/1.1" 409 228 nbutest1@hs3 5
172.19.22.140 - hcpnbu [25/May/2016:15:57:01 -0600] "PUT /nub4/saturn.dpdenverlab.local_1464210445_C1_F1/2 HTTP/1.1" 409 266 nbutest1@hs3 6
172.19.22.140 - hcpnbu [25/May/2016:15:41:51 -0600] "PUT /nub4/saturn.dpdenverlab.local_1464210445_C1_F1/2 HTTP/1.1" 200 0 nbutest1@hs3 913127
172.19.22.139 - hcpnbu [25/May/2016:15:57:06 -0600] "PUT /nbu3/athene.dpdenverlab.local_1464210475_C1_F1/1 HTTP/1.1" 409 228 nbutest1@hs3 5
172.19.22.139 - hcpnbu [25/May/2016:15:57:00 -0600] "PUT /nbu3/athene.dpdenverlab.local_1464210470_C1_F1/7 HTTP/1.1" 503 265 nbutest1@hs3 6079
172.19.22.137 - hcpnbu [25/May/2016:15:57:01 -0600] "PUT /nbu1/zeus.dpdenverlab.local_1464210399_C1_F1/15 HTTP/1.1" 503 265 nbutest1@hs3 6043
172.19.22.137 - hcpnbu [25/May/2016:15:42:09 -0600] "PUT /nbu1/zeus.dpdenverlab.local_1464210406_C1_F1/1 HTTP/1.1" 503 0 nbutest1@hs3 901062
172.19.22.140 - hcpnbu [25/May/2016:15:57:11 -0600] "PUT /nub4/saturn.dpdenverlab.local_1464210445_C1_F1/2 HTTP/1.1" 409 228 nbutest1@hs3 4
172.19.22.138 - hcpnbu [25/May/2016:15:57:16 -0600] "PUT /nbu2/apollo.dpdenverlab.local_1464210418_C1_F1/10 HTTP/1.1" 409 266 nbutest1@hs3 27
172.19.22.139 - hcpnbu [25/May/2016:15:57:11 -0600] "PUT /nbu3/athene.dpdenverlab.local_1464210470_C1_F1/7 HTTP/1.1" 503 265 nbutest1@hs3 6059
172.19.22.138 - hcpnbu [25/May/2016:15:57:20 -0600] "PUT /nbu2/apollo.dpdenverlab.local_1464210418_C1_F1/10 HTTP/1.1" 409 266 nbutest1@hs3 57
172.19.22.139 - hcpnbu [25/May/2016:15:57:24 -0600] "PUT /nbu3/athene.dpdenverlab.local_1464210475_C1_F1/1 HTTP/1.1" 409 228 nbutest1@hs3 5
172.19.22.140 - hcpnbu [25/May/2016:15:42:08 -0600] "PUT /nub4/saturn.dpdenverlab.local_1464210449_C1_F1/5 HTTP/1.1" 503 265 nbutest1@hs3 916763
172.19.22.138 - hcpnbu [25/May/2016:15:57:25 -0600] "PUT /nbu2/apollo.dpdenverlab.local_1464210418_C1_F1/10 HTTP/1.1" 409 266 nbutest1@hs3 52
172.19.22.137 - hcpnbu [25/May/2016:15:42:22 -0600] "PUT /nbu1/zeus.dpdenverlab.local_1464210406_C1_F1/5 HTTP/1.1" 503 265 nbutest1@hs3 902728
172.19.22.140 - hcpnbu [25/May/2016:15:42:07 -0600] "PUT /nub4/saturn.dpdenverlab.local_1464210449_C1_F1/3 HTTP/1.1" 503 265 nbutest1@hs3 918927
172.19.22.138 - hcpnbu [25/May/2016:15:57:26 -0600] "DELETE /nbu2/apollo.dpdenverlab.local_1464210411_C1_F1/1 HTTP/1.1" 204 0 nbutest1@hs3 26
172.19.22.138 - hcpnbu [25/May/2016:15:57:26 -0600] "DELETE /nbu2/apollo.dpdenverlab.local_1464210411_C1_F1/10 HTTP/1.1" 204 0 nbutest1@hs3 41
172.19.22.138 - hcpnbu [25/May/2016:15:57:26 -0600] "DELETE /nbu2/apollo.dpdenverlab.local_1464210411_C1_F1/0 HTTP/1.1" 204 0 nbutest1@hs3 42
172.19.22.138 - hcpnbu [25/May/2016:15:57:26 -0600] "DELETE /nbu2/apollo.dpdenverlab.local_1464210411_C1_F1/2 HTTP/1.1" 204 0 nbutest1@hs3 41
172.19.22.138 - hcpnbu [25/May/2016:15:57:27 -0600] "DELETE /nbu2/apollo.dpdenverlab.local_1464210411_C1_F1/6 HTTP/1.1" 204 0 nbutest1@hs3 23
172.19.22.138 - hcpnbu [25/May/2016:15:57:27 -0600] "DELETE /nbu2/apollo.dpdenverlab.local_1464210411_C1_F1/7 HTTP/1.1" 204 0 nbutest1@hs3 23
172.19.22.138 - hcpnbu [25/May/2016:15:57:27 -0600] "DELETE /nbu2/apollo.dpdenverlab.local_1464210411_C1_F1/3 HTTP/1.1" 204 0 nbutest1@hs3 23
172.19.22.138 - hcpnbu [25/May/2016:15:57:27 -0600] "DELETE /nbu2/apollo.dpdenverlab.local_1464210411_C1_F1/4 HTTP/1.1" 204 0 nbutest1@hs3 23
172.19.22.140 - hcpnbu [25/May/2016:15:57:27 -0600] "PUT /nub4/saturn.dpdenverlab.local_1464210445_C1_F1/2 HTTP/1.1" 409 228 nbutest1@hs3 18
172.19.22.138 - hcpnbu [25/May/2016:15:57:28 -0600] "DELETE /nbu2/apollo.dpdenverlab.local_1464210411_C1_F1/8 HTTP/1.1" 204 0 nbutest1@hs3 28
172.19.22.138 - hcpnbu [25/May/2016:15:57:28 -0600] "DELETE /nbu2/apollo.dpdenverlab.local_1464210411_C1_F1/IMAGE_PROPERTIES HTTP/1.1" 204 0 nbutest1@hs3 28
172.19.22.138 - hcpnbu [25/May/2016:15:57:28 -0600] "DELETE /nbu2/apollo.dpdenverlab.local_1464210411_C1_F1/BLOCK_MAP_FILE HTTP/1.1" 204 0 nbutest1@hs3 28
172.19.22.137 - hcpnbu [25/May/2016:15:57:28 -0600] "PUT /nbu1/zeus.dpdenverlab.local_1464210406_C1_F1/7 HTTP/1.1" 409 266 nbutest1@hs3 6
172.19.22.138 - hcpnbu [25/May/2016:15:42:29 -0600] "PUT /nbu2/apollo.dpdenverlab.local_1464210429_C1_F1/9 HTTP/1.1" 503 0 nbutest1@hs3 901044
172.19.22.137 - hcpnbu [25/May/2016:15:57:30 -0600] "PUT /nbu1/zeus.dpdenverlab.local_1464210406_C1_F1/7 HTTP/1.1" 409 266 nbutest1@hs3 5
172.19.22.138 - hcpnbu [25/May/2016:15:57:31 -0600] "HEAD /nbu2/apollo.dpdenverlab.local_1464210411_C1_HDR/IMAGE_PROPERTIES HTTP/1.1" 200 0 nbutest1@hs3 7
172.19.22.137 - hcpnbu [25/May/2016:15:57:26 -0600] "PUT /nbu1/zeus.dpdenverlab.local_1464210406_C1_F1/5 HTTP/1.1" 200 0 nbutest1@hs3 4950
172.19.22.139 - hcpnbu [25/May/2016:15:57:26 -0600] "PUT /nbu3/athene.dpdenverlab.local_1464210470_C1_F1/7 HTTP/1.1" 200 0 nbutest1@hs3 5067
172.19.22.137 - hcpnbu [25/May/2016:15:42:27 -0600] "PUT /nbu1/zeus.dpdenverlab.local_1464210406_C1_F1/7 HTTP/1.1" 503 265 nbutest1@hs3 906366
172.19.22.138 - hcpnbu [25/May/2016:15:57:34 -0600] "DELETE /nbu2/apollo.dpdenverlab.local_1464210411_C1_HDR/0 HTTP/1.1" 204 0 nbutest1@hs3 29
172.19.22.138 - hcpnbu [25/May/2016:15:57:34 -0600] "DELETE /nbu2/apollo.dpdenverlab.local_1464210411_C1_HDR/IMAGE_PROPERTIES HTTP/1.1" 204 0 nbutest1@hs3 30
172.19.22.138 - hcpnbu [25/May/2016:15:57:34 -0600] "DELETE /nbu2/apollo.dpdenverlab.local_1464210411_C1_HDR/BLOCK_MAP_FILE HTTP/1.1" 204 0 nbutest1@hs3 37
172.19.22.140 - hcpnbu [25/May/2016:15:57:36 -0600] "PUT /nub4/saturn.dpdenverlab.local_1464210450_C1_F1/13 HTTP/1.1" 409 266 nbutest1@hs3 23
172.19.22.137 - hcpnbu [25/May/2016:15:57:36 -0600] "PUT /nbu1/zeus.dpdenverlab.local_1464210406_C1_F1/8 HTTP/1.1" 409 266 nbutest1@hs3 5
172.19.22.139 - hcpnbu [25/May/2016:15:57:34 -0600] "PUT /nbu3/athene.dpdenverlab.local_1464210470_C1_F1/17 HTTP/1.1" 200 0 nbutest1@hs3 4119
172.19.22.137 - hcpnbu [25/May/2016:15:57:38 -0600] "PUT /nbu1/zeus.dpdenverlab.local_1464210406_C1_F1/8 HTTP/1.1" 409 266 nbutest1@hs3 6
172.19.22.137 - hcpnbu [25/May/2016:15:42:32 -0600] "PUT /nbu1/zeus.dpdenverlab.local_1464210406_C1_F1/8 HTTP/1.1" 503 265 nbutest1@hs3 906034
172.19.22.140 - hcpnbu [25/May/2016:15:42:40 -0600] "PUT /nub4/saturn.dpdenverlab.local_1464210445_C1_F1/12 HTTP/1.1" 503 0 nbutest1@hs3 901060
172.19.22.137 - hcpnbu [25/May/2016:15:57:36 -0600] "PUT /nbu1/zeus.dpdenverlab.local_1464210406_C1_F1/7 HTTP/1.1" 200 0 nbutest1@hs3 5299
172.19.22.140 - hcpnbu [25/May/2016:15:57:40 -0600] "PUT /nub4/saturn.dpdenverlab.local_1464210450_C1_F1/13 HTTP/1.1" 200 0 nbutest1@hs3 5599
172.19.22.137 - hcpnbu [25/May/2016:15:57:43 -0600] "PUT /nbu1/zeus.dpdenverlab.local_1464210406_C1_F1/10 HTTP/1.1" 200 0 nbutest1@hs3 5364
172.19.22.138 - hcpnbu [25/May/2016:15:57:48 -0600] "HEAD /nbu2/ HTTP/1.1" 200 0 nbutest1@hs3 2
172.19.22.140 - hcpnbu [25/May/2016:15:57:52 -0600] "PUT /nub4/saturn.dpdenverlab.local_1464210445_C1_F1/13 HTTP/1.1" 409 266 nbutest1@hs3 6
172.19.22.140 - hcpnbu [25/May/2016:15:57:56 -0600] "PUT /nub4/saturn.dpdenverlab.local_1464210445_C1_F1/13 HTTP/1.1" 409 266 nbutest1@hs3 6
172.19.22.139 - hcpnbu [25/May/2016:15:57:59 -0600] "PUT /nbu3/athene.dpdenverlab.local_1464210475_C1_F1/1 HTTP/1.1" 409 228 nbutest1@hs3 5
172.19.22.140 - hcpnbu [25/May/2016:15:58:02 -0600] "PUT /nub4/saturn.dpdenverlab.local_1464210445_C1_F1/2 HTTP/1.1" 409 228 nbutest1@hs3 4
172.19.22.140 - hcpnbu [25/May/2016:15:58:02 -0600] "PUT /nub4/saturn.dpdenverlab.local_1464210445_C1_F1/13 HTTP/1.1" 409 266 nbutest1@hs3 6
172.19.22.137 - hcpnbu [25/May/2016:15:58:04 -0600] "PUT /nbu1/zeus.dpdenverlab.local_1464210399_C1_F1/16 HTTP/1.1" 409 266 nbutest1@hs3 6
172.19.22.140 - hcpnbu [25/May/2016:15:42:48 -0600] "PUT /nub4/saturn.dpdenverlab.local_1464210445_C1_F1/13 HTTP/1.1" 503 265 nbutest1@hs3 917693
172.19.22.137 - hcpnbu [25/May/2016:15:58:08 -0600] "PUT /nbu1/zeus.dpdenverlab.local_1464210399_C1_F1/16 HTTP/1.1" 409 266 nbutest1@hs3 6
172.19.22.137 - hcpnbu [25/May/2016:15:43:00 -0600] "PUT /nbu1/zeus.dpdenverlab.local_1464210399_C1_F1/16 HTTP/1.1" 503 265 nbutest1@hs3 911246
172.19.22.140 - hcpnbu [25/May/2016:15:58:13 -0600] "GET / HTTP/1.1" 200 612 nbutest1@hs3 28
172.19.22.137 - hcpnbu [25/May/2016:15:58:12 -0600] "PUT /nbu1/zeus.dpdenverlab.local_1464210399_C1_F1/16 HTTP/1.1" 503 265 nbutest1@hs3 6061
172.19.22.140 - hcpnbu [25/May/2016:15:58:30 -0600] "HEAD /nbu3/ HTTP/1.1" 200 0 nbutest1@hs3 4
172.19.22.138 - hcpnbu [25/May/2016:15:53:16 -0600] "PUT /nbu2/apollo.dpdenverlab.local_1464210433_C1_F1/16 HTTP/1.1" 200 0 nbutest1@hs3 333913
172.19.22.139 - hcpnbu [25/May/2016:15:58:58 -0600] "PUT /nbu3/athene.dpdenverlab.local_1464210475_C1_F1/1 HTTP/1.1" 409 228 nbutest1@hs3 5
172.19.22.140 - hcpnbu [25/May/2016:15:59:00 -0600] "GET / HTTP/1.1" 200 612 nbutest1@hs3 27
172.19.22.139 - hcpnbu [25/May/2016:15:55:57 -0600] "PUT /nbu3/athene.dpdenverlab.local_1464210475_C1_F1/2 HTTP/1.1" 503 265 nbutest1@hs3 182800
172.19.22.140 - hcpnbu [25/May/2016:15:59:02 -0600] "PUT /nub4/saturn.dpdenverlab.local_1464210445_C1_F1/2 HTTP/1.1" 409 228 nbutest1@hs3 4
172.19.22.139 - hcpnbu [25/May/2016:15:53:52 -0600] "PUT /nbu3/athene.dpdenverlab.local_1464210475_C1_F1/4 HTTP/1.1" 503 265 nbutest1@hs3 310817
172.19.22.140 - hcpnbu [25/May/2016:15:58:13 -0600] "PUT /nub4/saturn.dpdenverlab.local_1464210445_C1_F1/13 HTTP/1.1" 503 265 nbutest1@hs3 50740
172.19.22.140 - hcpnbu [25/May/2016:15:57:44 -0600] "PUT /nub4/saturn.dpdenverlab.local_1464210445_C1_F1/12 HTTP/1.1" 503 265 nbutest1@hs3 79320
172.19.22.140 - hcpnbu [25/May/2016:15:47:19 -0600] "PUT /nub4/saturn.dpdenverlab.local_1464210445_C1_F1/11 HTTP/1.1" 503 265 nbutest1@hs3 705110
172.19.22.139 - hcpnbu [25/May/2016:15:59:03 -0600] "PUT /nbu3/athene.dpdenverlab.local_1464210475_C1_F1/IMAGE_PROPERTIES HTTP/1.1" 200 0 nbutest1@hs3 1065
172.19.22.139 - hcpnbu [25/May/2016:15:59:06 -0600] "GET /nbu3/athene.dpdenverlab.local_1464210475_C1_F1/BLOCK_MAP_FILE HTTP/1.1" 200 188 nbutest1@hs3 11
172.19.22.139 - hcpnbu [25/May/2016:15:54:46 -0600] "PUT /nbu3/athene.dpdenverlab.local_1464210475_C1_F1/7 HTTP/1.1" 503 265 nbutest1@hs3 262575
172.19.22.139 - hcpnbu [25/May/2016:15:59:12 -0600] "HEAD /nbu3/athene.dpdenverlab.local_1464210475_C1_HDR/IMAGE_PROPERTIES HTTP/1.1" 200 0 nbutest1@hs3 9
172.19.22.140 - hcpnbu [25/May/2016:15:59:16 -0600] "GET /nbu2/?location HTTP/1.1" 200 124 nbutest1@hs3 7
172.19.22.138 - hcpnbu [25/May/2016:15:59:26 -0600] "HEAD /nbu3/ HTTP/1.1" 200 0 nbutest1@hs3 3
172.19.22.140 - hcpnbu [25/May/2016:15:59:19 -0600] "GET /nub4/saturn.dpdenverlab.local_1464210445_C1_F1/BLOCK_MAP_FILE HTTP/1.1" 200 342 nbutest1@hs3 8215
172.19.22.138 - hcpnbu [25/May/2016:15:59:32 -0600] "GET / HTTP/1.1" 200 612 nbutest1@hs3 35
172.19.22.138 - hcpnbu [25/May/2016:15:59:36 -0600] "HEAD /nub4/saturn.dpdenverlab.local_1464210449_C1_F1/IMAGE_PROPERTIES HTTP/1.1" 404 0 nbutest1@hs3 5
172.19.22.139 - hcpnbu [25/May/2016:15:59:45 -0600] "HEAD /nbu3/athene.dpdenverlab.local_1464210471_C1_F1/IMAGE_PROPERTIES HTTP/1.1" 200 0 nbutest1@hs3 8
172.19.22.138 - hcpnbu [25/May/2016:15:59:50 -0600] "HEAD /nub4/ HTTP/1.1" 200 0 nbutest1@hs3 2
172.19.22.138 - hcpnbu [25/May/2016:15:59:53 -0600] "HEAD /nub4/ HTTP/1.1" 200 0 nbutest1@hs3 3
172.19.22.140 - hcpnbu [25/May/2016:15:59:59 -0600] "GET / HTTP/1.1" 200 612 nbutest1@hs3 25
172.19.22.137 - hcpnbu [25/May/2016:15:46:08 -0600] "PUT /nbu1/zeus.dpdenverlab.local_1464210394_C1_F1/16 HTTP/1.1" 200 0 nbutest1@hs3 836160
172.19.22.138 - hcpnbu [25/May/2016:16:00:11 -0600] "HEAD /nbu3/athene.dpdenverlab.local_1464210471_C1_HDR/IMAGE_PROPERTIES HTTP/1.1" 404 0 nbutest1@hs3 5
172.19.22.140 - hcpnbu [25/May/2016:16:00:17 -0600] "HEAD /nbu2/ HTTP/1.1" 200 0 nbutest1@hs3 4
172.19.22.137 - hcpnbu [25/May/2016:16:00:06 -0600] "PUT /nbu1/zeus.dpdenverlab.local_1464210394_C1_F1/38 HTTP/1.1" 503 265 nbutest1@hs3 13147
172.19.22.137 - hcpnbu [25/May/2016:16:00:22 -0600] "PUT /nbu1/zeus.dpdenverlab.local_1464210394_C1_F1/38 HTTP/1.1" 200 0 nbutest1@hs3 4226
172.19.22.139 - hcpnbu [25/May/2016:15:45:22 -0600] "PUT /nbu3/athene.dpdenverlab.local_1464210478_C1_F1/20 HTTP/1.1" 200 0 nbutest1@hs3 908940
172.19.22.140 - hcpnbu [25/May/2016:16:00:32 -0600] "DELETE /nub4/saturn.dpdenverlab.local_1464210452_C1_F1/IMAGE_PROPERTIES HTTP/1.1" 204 0 nbutest1@hs3 17
172.19.22.137 - hcpnbu [25/May/2016:16:00:27 -0600] "PUT /nbu1/zeus.dpdenverlab.local_1464210394_C1_F1/39 HTTP/1.1" 200 0 nbutest1@hs3 5227
172.19.22.138 - hcpnbu [25/May/2016:16:00:40 -0600] "HEAD /nbu2/apollo.dpdenverlab.local_1464210412_C1_HDR/IMAGE_PROPERTIES HTTP/1.1" 200 0 nbutest1@hs3 15
172.19.22.140 - hcpnbu [25/May/2016:16:00:51 -0600] "GET /nub4/?location HTTP/1.1" 200 124 nbutest1@hs3 7
172.19.22.138 - hcpnbu [25/May/2016:16:00:53 -0600] "HEAD /nbu2/ HTTP/1.1" 200 0 nbutest1@hs3 3
172.19.22.140 - hcpnbu [25/May/2016:16:01:01 -0600] "GET /nbu1/?location HTTP/1.1" 200 124 nbutest1@hs3 39
172.19.22.138 - hcpnbu [25/May/2016:16:01:09 -0600] "HEAD /nub4/ HTTP/1.1" 200 0 nbutest1@hs3 8
172.19.22.138 - hcpnbu [25/May/2016:16:01:20 -0600] "PUT /nbu2/apollo.dpdenverlab.local_1464210416_C1_F1/20 HTTP/1.1" 409 266 nbutest1@hs3 47
172.19.22.138 - hcpnbu [25/May/2016:16:01:22 -0600] "PUT /nbu2/apollo.dpdenverlab.local_1464210416_C1_F1/20 HTTP/1.1" 503 265 nbutest1@hs3 6066
172.19.22.140 - hcpnbu [25/May/2016:16:01:35 -0600] "PUT /nub4/saturn.dpdenverlab.local_1464210437_C1_F1/8 HTTP/1.1" 409 266 nbutest1@hs3 7
172.19.22.138 - hcpnbu [25/May/2016:16:01:29 -0600] "PUT /nbu2/apollo.dpdenverlab.local_1464210416_C1_F1/20 HTTP/1.1" 503 265 nbutest1@hs3 6073
172.19.22.140 - hcpnbu [25/May/2016:15:46:31 -0600] "PUT /nub4/saturn.dpdenverlab.local_1464210437_C1_F1/8 HTTP/1.1" 503 265 nbutest1@hs3 905736
172.19.22.140 - hcpnbu [25/May/2016:16:01:38 -0600] "PUT /nub4/saturn.dpdenverlab.local_1464210437_C1_F1/8 HTTP/1.1" 503 265 nbutest1@hs3 6073
172.19.22.138 - hcpnbu [25/May/2016:16:01:41 -0600] "PUT /nbu2/apollo.dpdenverlab.local_1464210416_C1_F1/20 HTTP/1.1" 503 265 nbutest1@hs3 3297
172.19.22.140 - hcpnbu [25/May/2016:15:56:18 -0600] "PUT /nub4/saturn.dpdenverlab.local_1464210449_C1_F1/13 HTTP/1.1" 503 265 nbutest1@hs3 330687
172.19.22.140 - hcpnbu [25/May/2016:16:01:48 -0600] "PUT /nub4/saturn.dpdenverlab.local_1464210437_C1_F1/8 HTTP/1.1" 200 0 nbutest1@hs3 5304
172.19.22.139 - hcpnbu [25/May/2016:16:02:07 -0600] "PUT /nbu3/athene.dpdenverlab.local_1464210470_C1_F1/16 HTTP/1.1" 409 266 nbutest1@hs3 10
172.19.22.137 - hcpnbu [25/May/2016:16:02:08 -0600] "PUT /nbu1/zeus.dpdenverlab.local_1464210401_C1_F1/14 HTTP/1.1" 409 266 nbutest1@hs3 24
172.19.22.139 - hcpnbu [25/May/2016:16:02:12 -0600] "PUT /nbu3/athene.dpdenverlab.local_1464210470_C1_F1/16 HTTP/1.1" 409 266 nbutest1@hs3 6
172.19.22.140 - hcpnbu [25/May/2016:16:02:14 -0600] "PUT /nub4/saturn.dpdenverlab.local_1464210450_C1_F1/18 HTTP/1.1" 409 266 nbutest1@hs3 38
172.19.22.140 - hcpnbu [25/May/2016:16:02:17 -0600] "PUT /nub4/saturn.dpdenverlab.local_1464210450_C1_F1/18 HTTP/1.1" 409 266 nbutest1@hs3 31
172.19.22.137 - hcpnbu [25/May/2016:16:02:12 -0600] "PUT /nbu1/zeus.dpdenverlab.local_1464210401_C1_F1/14 HTTP/1.1" 200 0 nbutest1@hs3 4986
172.19.22.139 - hcpnbu [25/May/2016:16:02:18 -0600] "PUT /nbu3/athene.dpdenverlab.local_1464210470_C1_F1/16 HTTP/1.1" 409 266 nbutest1@hs3 6
172.19.22.138 - hcpnbu [25/May/2016:16:02:21 -0600] "DELETE /nbu2/apollo.dpdenverlab.local_1464210426_C1_F1/BLOCK_MAP_FILE HTTP/1.1" 204 0 nbutest1@hs3 3
172.19.22.140 - hcpnbu [25/May/2016:15:47:16 -0600] "PUT /nub4/saturn.dpdenverlab.local_1464210437_C1_F1/6 HTTP/1.1" 503 265 nbutest1@hs3 906818
172.19.22.139 - hcpnbu [25/May/2016:16:02:26 -0600] "PUT /nbu3/athene.dpdenverlab.local_1464210470_C1_F1/16 HTTP/1.1" 409 266 nbutest1@hs3 6
172.19.22.140 - hcpnbu [25/May/2016:15:47:18 -0600] "PUT /nub4/saturn.dpdenverlab.local_1464210437_C1_F1/11 HTTP/1.1" 200 0 nbutest1@hs3 908719
172.19.22.139 - hcpnbu [25/May/2016:16:01:38 -0600] "GET /nbu3/athene.dpdenverlab.local_1464210459_C1_F1/BLOCK_MAP_FILE HTTP/1.1" 503 0 nbutest1@hs3 50069
172.19.22.139 - hcpnbu [25/May/2016:15:47:03 -0600] "PUT /nbu3/athene.dpdenverlab.local_1464210470_C1_F1/16 HTTP/1.1" 200 0 nbutest1@hs3 928771
172.19.22.139 - hcpnbu [25/May/2016:16:02:37 -0600] "DELETE /nbu3/athene.dpdenverlab.local_1464210478_C1_F1/BLOCK_MAP_FILE HTTP/1.1" 204 0 nbutest1@hs3 5
172.19.22.140 - hcpnbu [25/May/2016:16:02:40 -0600] "PUT /nub4/saturn.dpdenverlab.local_1464210434_C1_F1/9 HTTP/1.1" 409 266 nbutest1@hs3 6
172.19.22.139 - hcpnbu [25/May/2016:16:02:41 -0600] "PUT /nbu3/athene.dpdenverlab.local_1464210470_C1_F1/16 HTTP/1.1" 409 228 nbutest1@hs3 5
172.19.22.140 - hcpnbu [25/May/2016:16:02:44 -0600] "PUT /nub4/saturn.dpdenverlab.local_1464210434_C1_F1/9 HTTP/1.1" 409 266 nbutest1@hs3 6
172.19.22.139 - hcpnbu [25/May/2016:16:02:30 -0600] "GET /nbu3/athene.dpdenverlab.local_1464210459_C1_F1/BLOCK_MAP_FILE HTTP/1.1" 200 758 nbutest1@hs3 16853
172.19.22.140 - hcpnbu [25/May/2016:15:47:35 -0600] "PUT /nub4/saturn.dpdenverlab.local_1464210434_C1_F1/9 HTTP/1.1" 503 265 nbutest1@hs3 914068
172.19.22.140 - hcpnbu [25/May/2016:16:02:50 -0600] "GET /nub4/?location HTTP/1.1" 200 124 nbutest1@hs3 12
172.19.22.140 - hcpnbu [25/May/2016:16:02:50 -0600] "PUT /nub4/saturn.dpdenverlab.local_1464210434_C1_F1/9 HTTP/1.1" 503 265 nbutest1@hs3 6057
172.19.22.140 - hcpnbu [25/May/2016:16:03:01 -0600] "GET /nbu1/?location HTTP/1.1" 200 124 nbutest1@hs3 8
172.19.22.138 - hcpnbu [25/May/2016:16:03:05 -0600] "GET /nbu2/apollo.dpdenverlab.local_1464210426_C1_HDR/BLOCK_MAP_FILE HTTP/1.1" 200 11 nbutest1@hs3 18
172.19.22.138 - hcpnbu [25/May/2016:16:03:12 -0600] "PUT /nbu2/apollo.dpdenverlab.local_1464210427_C1_F1/22 HTTP/1.1" 409 228 nbutest1@hs3 5
172.19.22.140 - hcpnbu [25/May/2016:16:03:15 -0600] "HEAD /nbu2/ HTTP/1.1" 200 0 nbutest1@hs3 3
172.19.22.139 - hcpnbu [25/May/2016:16:03:15 -0600] "PUT /nbu3/athene.dpdenverlab.local_1464210470_C1_F1/16 HTTP/1.1" 409 228 nbutest1@hs3 22
172.19.22.137 - hcpnbu [25/May/2016:15:57:49 -0600] "PUT /nbu1/zeus.dpdenverlab.local_1464210406_C1_F1/11 HTTP/1.1" 503 265 nbutest1@hs3 329660
172.19.22.140 - hcpnbu [25/May/2016:16:03:29 -0600] "GET / HTTP/1.1" 200 612 nbutest1@hs3 28
172.19.22.140 - hcpnbu [25/May/2016:16:03:29 -0600] "PUT /nub4/saturn.dpdenverlab.local_1464210434_C1_F1/16 HTTP/1.1" 409 266 nbutest1@hs3 6
172.19.22.140 - hcpnbu [25/May/2016:16:03:33 -0600] "PUT /nub4/saturn.dpdenverlab.local_1464210434_C1_F1/16 HTTP/1.1" 409 266 nbutest1@hs3 7
172.19.22.138 - hcpnbu [25/May/2016:16:03:38 -0600] "PUT /nbu2/apollo.dpdenverlab.local_1464210427_C1_F1/24 HTTP/1.1" 409 266 nbutest1@hs3 24
172.19.22.140 - hcpnbu [25/May/2016:16:03:39 -0600] "PUT /nub4/saturn.dpdenverlab.local_1464210434_C1_F1/16 HTTP/1.1" 409 266 nbutest1@hs3 4
172.19.22.138 - hcpnbu [25/May/2016:16:03:42 -0600] "PUT /nbu2/apollo.dpdenverlab.local_1464210427_C1_F1/24 HTTP/1.1" 409 266 nbutest1@hs3 29
172.19.22.140 - hcpnbu [25/May/2016:15:48:27 -0600] "PUT /nub4/saturn.dpdenverlab.local_1464210434_C1_F1/16 HTTP/1.1" 200 0 nbutest1@hs3 919743
172.19.22.138 - hcpnbu [25/May/2016:16:03:48 -0600] "PUT /nbu2/apollo.dpdenverlab.local_1464210427_C1_F1/24 HTTP/1.1" 409 228 nbutest1@hs3 5
172.19.22.140 - hcpnbu [25/May/2016:16:03:49 -0600] "PUT /nub4/saturn.dpdenverlab.local_1464210434_C1_F1/16 HTTP/1.1" 409 228 nbutest1@hs3 5
172.19.22.140 - hcpnbu [25/May/2016:16:03:50 -0600] "GET /nub4/?location HTTP/1.1" 200 124 nbutest1@hs3 11
172.19.22.138 - hcpnbu [25/May/2016:16:03:58 -0600] "PUT /nbu2/apollo.dpdenverlab.local_1464210427_C1_F1/24 HTTP/1.1" 409 228 nbutest1@hs3 5
172.19.22.139 - hcpnbu [25/May/2016:16:04:04 -0600] "HEAD /nbu3/athene.dpdenverlab.local_1464210478_C1_HDR/IMAGE_PROPERTIES HTTP/1.1" 200 0 nbutest1@hs3 9
172.19.22.140 - hcpnbu [25/May/2016:16:04:08 -0600] "PUT /nub4/saturn.dpdenverlab.local_1464210434_C1_F1/16 HTTP/1.1" 409 228 nbutest1@hs3 4
172.19.22.138 - hcpnbu [25/May/2016:16:04:10 -0600] "PUT /nbu2/apollo.dpdenverlab.local_1464210427_C1_F1/22 HTTP/1.1" 409 228 nbutest1@hs3 5
172.19.22.139 - hcpnbu [25/May/2016:16:04:15 -0600] "PUT /nbu3/athene.dpdenverlab.local_1464210470_C1_F1/16 HTTP/1.1" 409 228 nbutest1@hs3 5
172.19.22.140 - hcpnbu [25/May/2016:16:04:15 -0600] "GET / HTTP/1.1" 200 612 nbutest1@hs3 25
172.19.22.139 - hcpnbu [25/May/2016:15:56:33 -0600] "PUT /nbu3/athene.dpdenverlab.local_1464210470_C1_F1/10 HTTP/1.1" 503 0 nbutest1@hs3 462673
172.19.22.139 - hcpnbu [25/May/2016:15:57:42 -0600] "PUT /nbu3/athene.dpdenverlab.local_1464210470_C1_F1/18 HTTP/1.1" 503 265 nbutest1@hs3 394850
172.19.22.138 - hcpnbu [25/May/2016:16:04:19 -0600] "HEAD /nbu3/ HTTP/1.1" 200 0 nbutest1@hs3 4
172.19.22.140 - hcpnbu [25/May/2016:16:01:54 -0600] "PUT /nub4/saturn.dpdenverlab.local_1464210437_C1_F1/13 HTTP/1.1" 503 0 nbutest1@hs3 153828
172.19.22.140 - hcpnbu [25/May/2016:15:54:37 -0600] "PUT /nub4/saturn.dpdenverlab.local_1464210437_C1_F1/12 HTTP/1.1" 503 265 nbutest1@hs3 592252
172.19.22.140 - hcpnbu [25/May/2016:16:04:31 -0600] "GET /nbu3/?location HTTP/1.1" 200 124 nbutest1@hs3 6
172.19.22.138 - hcpnbu [25/May/2016:16:04:25 -0600] "PUT /nbu2/apollo.dpdenverlab.local_1464210427_C1_F1/IMAGE_PROPERTIES HTTP/1.1" 200 0 nbutest1@hs3 5622
172.19.22.138 - hcpnbu [25/May/2016:16:04:36 -0600] "GET /nbu2/?prefix=apollo.dpdenverlab.local_1464210427_C1_F1/ HTTP/1.1" 200 9793 nbutest1@hs3 85
172.19.22.140 - hcpnbu [25/May/2016:16:04:40 -0600] "PUT /nub4/saturn.dpdenverlab.local_1464210434_C1_F1/16 HTTP/1.1" 409 228 nbutest1@hs3 5
172.19.22.137 - hcpnbu [25/May/2016:16:04:42 -0600] "PUT /nbu1/zeus.dpdenverlab.local_1464210405_C1_F1/IMAGE_PROPERTIES HTTP/1.1" 503 265 nbutest1@hs3 3816
172.19.22.138 - hcpnbu [25/May/2016:16:04:46 -0600] "GET /nbu2/apollo.dpdenverlab.local_1464210427_C1_HDR/BLOCK_MAP_FILE HTTP/1.1" 200 11 nbutest1@hs3 396
172.19.22.138 - hcpnbu [25/May/2016:16:04:50 -0600] "DELETE /nbu2/apollo.dpdenverlab.local_1464210427_C1_HDR/ HTTP/1.1" 204 0 nbutest1@hs3 36
172.19.22.138 - hcpnbu [25/May/2016:16:04:57 -0600] "HEAD /nbu2/ HTTP/1.1" 200 0 nbutest1@hs3 2
172.19.22.140 - hcpnbu [25/May/2016:16:05:01 -0600] "GET /nbu1/?location HTTP/1.1" 200 124 nbutest1@hs3 7
172.19.22.137 - hcpnbu [25/May/2016:16:04:48 -0600] "PUT /nbu1/zeus.dpdenverlab.local_1464210405_C1_F1/IMAGE_PROPERTIES HTTP/1.1" 200 0 nbutest1@hs3 21631
172.19.22.137 - hcpnbu [25/May/2016:16:05:09 -0600] "HEAD /nbu1/zeus.dpdenverlab.local_1464210405_C1_F1/IMAGE_PROPERTIES HTTP/1.1" 200 0 nbutest1@hs3 8
172.19.22.139 - hcpnbu [25/May/2016:16:05:17 -0600] "HEAD /nbu3/athene.dpdenverlab.local_1464210473_C1_F1/IMAGE_PROPERTIES HTTP/1.1" 200 0 nbutest1@hs3 8
172.19.22.139 - hcpnbu [25/May/2016:16:05:24 -0600] "DELETE /nbu3/athene.dpdenverlab.local_1464210473_C1_F1/ HTTP/1.1" 204 0 nbutest1@hs3 11
172.19.22.139 - hcpnbu [25/May/2016:16:05:26 -0600] "GET /nbu3/athene.dpdenverlab.local_1464210473_C1_HDR/BLOCK_MAP_FILE HTTP/1.1" 503 0 nbutest1@hs3 3022
172.19.22.138 - hcpnbu [25/May/2016:16:05:33 -0600] "DELETE /nbu2/apollo.dpdenverlab.local_1464210423_C1_F1/BLOCK_MAP_FILE HTTP/1.1" 204 0 nbutest1@hs3 4
172.19.22.139 - hcpnbu [25/May/2016:16:05:31 -0600] "GET /nbu3/athene.dpdenverlab.local_1464210473_C1_HDR/BLOCK_MAP_FILE HTTP/1.1" 503 0 nbutest1@hs3 3028
172.19.22.140 - hcpnbu [25/May/2016:16:05:37 -0600] "GET /nub4/?prefix=saturn.dpdenverlab.local_1464210437_C1_HDR/ HTTP/1.1" 200 1601 nbutest1@hs3 45
172.19.22.139 - hcpnbu [25/May/2016:16:05:36 -0600] "GET /nbu3/athene.dpdenverlab.local_1464210473_C1_HDR/BLOCK_MAP_FILE HTTP/1.1" 503 0 nbutest1@hs3 3019
172.19.22.140 - hcpnbu [25/May/2016:16:05:39 -0600] "PUT /nub4/saturn.dpdenverlab.local_1464210434_C1_F1/16 HTTP/1.1" 409 228 nbutest1@hs3 5
172.19.22.140 - hcpnbu [25/May/2016:16:05:41 -0600] "DELETE /nub4/saturn.dpdenverlab.local_1464210434_C1_F1/BLOCK_MAP_FILE HTTP/1.1" 204 0 nbutest1@hs3 3
172.19.22.139 - hcpnbu [25/May/2016:16:05:41 -0600] "GET /nbu3/athene.dpdenverlab.local_1464210473_C1_HDR/BLOCK_MAP_FILE HTTP/1.1" 503 0 nbutest1@hs3 3019
172.19.22.140 - hcpnbu [25/May/2016:16:03:01 -0600] "PUT /nub4/saturn.dpdenverlab.local_1464210434_C1_F1/9 HTTP/1.1" 503 265 nbutest1@hs3 163271
172.19.22.140 - hcpnbu [25/May/2016:15:53:21 -0600] "PUT /nub4/saturn.dpdenverlab.local_1464210434_C1_F1/15 HTTP/1.1" 503 265 nbutest1@hs3 744401
172.19.22.139 - hcpnbu [25/May/2016:16:05:45 -0600] "HEAD /nub4/ HTTP/1.1" 200 0 nbutest1@hs3 3
172.19.22.139 - hcpnbu [25/May/2016:16:05:48 -0600] "HEAD /nub4/ HTTP/1.1" 200 0 nbutest1@hs3 3
172.19.22.140 - hcpnbu [25/May/2016:15:55:04 -0600] "PUT /nub4/saturn.dpdenverlab.local_1464210434_C1_F1/13 HTTP/1.1" 503 265 nbutest1@hs3 646158
172.19.22.140 - hcpnbu [25/May/2016:16:05:55 -0600] "DELETE /nub4/saturn.dpdenverlab.local_1464210434_C1_F1/ HTTP/1.1" 204 0 nbutest1@hs3 12
172.19.22.140 - hcpnbu [25/May/2016:16:05:58 -0600] "GET /nub4/?prefix=saturn.dpdenverlab.local_1464210434_C1_HDR/ HTTP/1.1" 200 1601 nbutest1@hs3 47
172.19.22.138 - hcpnbu [25/May/2016:16:06:07 -0600] "HEAD /nbu2/apollo.dpdenverlab.local_1464210423_C1_F1/IMAGE_PROPERTIES HTTP/1.1" 200 0 nbutest1@hs3 8
172.19.22.137 - hcpnbu [25/May/2016:15:51:05 -0600] "PUT /nbu1/zeus.dpdenverlab.local_1464210399_C1_F1/17 HTTP/1.1" 503 265 nbutest1@hs3 903494
172.19.22.138 - hcpnbu [25/May/2016:16:06:13 -0600] "HEAD /nub4/ HTTP/1.1" 200 0 nbutest1@hs3 3
172.19.22.138 - hcpnbu [25/May/2016:16:06:24 -0600] "GET /nbu2/?prefix=apollo.dpdenverlab.local_1464210423_C1_HDR/REFERENCES/ HTTP/1.1" 200 300 nbutest1@hs3 37
172.19.22.138 - hcpnbu [25/May/2016:16:06:35 -0600] "GET / HTTP/1.1" 200 612 nbutest1@hs3 33
172.19.22.140 - hcpnbu [25/May/2016:16:07:06 -0600] "PUT /nub4/saturn.dpdenverlab.local_1464210440_C1_F1/27 HTTP/1.1" 409 266 nbutest1@hs3 47
172.19.22.140 - hcpnbu [25/May/2016:16:07:07 -0600] "PUT /nub4/saturn.dpdenverlab.local_1464210440_C1_F1/27 HTTP/1.1" 409 266 nbutest1@hs3 44
172.19.22.140 - hcpnbu [25/May/2016:16:07:12 -0600] "PUT /nub4/saturn.dpdenverlab.local_1464210440_C1_F1/27 HTTP/1.1" 503 265 nbutest1@hs3 6065
172.19.22.137 - hcpnbu [25/May/2016:16:07:19 -0600] "PUT /nbu1/zeus.dpdenverlab.local_1464210389_C1_F1/48 HTTP/1.1" 409 266 nbutest1@hs3 33
172.19.22.137 - hcpnbu [25/May/2016:16:07:21 -0600] "PUT /nbu1/zeus.dpdenverlab.local_1464210389_C1_F1/48 HTTP/1.1" 409 266 nbutest1@hs3 26
172.19.22.137 - hcpnbu [25/May/2016:16:07:27 -0600] "PUT /nbu1/zeus.dpdenverlab.local_1464210389_C1_F1/48 HTTP/1.1" 409 266 nbutest1@hs3 26
172.19.22.140 - hcpnbu [25/May/2016:16:07:21 -0600] "PUT /nub4/saturn.dpdenverlab.local_1464210440_C1_F1/27 HTTP/1.1" 503 265 nbutest1@hs3 6071
172.19.22.140 - hcpnbu [25/May/2016:16:07:31 -0600] "GET /nbu3/?location HTTP/1.1" 200 124 nbutest1@hs3 7
172.19.22.137 - hcpnbu [25/May/2016:16:07:37 -0600] "PUT /nbu1/zeus.dpdenverlab.local_1464210389_C1_F1/48 HTTP/1.1" 409 266 nbutest1@hs3 28
172.19.22.140 - hcpnbu [25/May/2016:16:07:31 -0600] "PUT /nub4/saturn.dpdenverlab.local_1464210440_C1_F1/27 HTTP/1.1" 503 265 nbutest1@hs3 6059
172.19.22.140 - hcpnbu [25/May/2016:16:07:50 -0600] "GET / HTTP/1.1" 200 612 nbutest1@hs3 23
172.19.22.140 - hcpnbu [25/May/2016:16:07:47 -0600] "PUT /nub4/saturn.dpdenverlab.local_1464210440_C1_F1/27 HTTP/1.1" 200 0 nbutest1@hs3 5183
172.19.22.137 - hcpnbu [25/May/2016:16:08:00 -0600] "PUT /nbu1/zeus.dpdenverlab.local_1464210394_C1_F1/37 HTTP/1.1" 409 266 nbutest1@hs3 27
172.19.22.137 - hcpnbu [25/May/2016:16:07:56 -0600] "PUT /nbu1/zeus.dpdenverlab.local_1464210389_C1_F1/54 HTTP/1.1" 200 0 nbutest1@hs3 4044
172.19.22.140 - hcpnbu [25/May/2016:16:08:00 -0600] "GET / HTTP/1.1" 200 612 nbutest1@hs3 26
172.19.22.137 - hcpnbu [25/May/2016:16:08:03 -0600] "PUT /nbu1/zeus.dpdenverlab.local_1464210394_C1_F1/37 HTTP/1.1" 409 266 nbutest1@hs3 30
172.19.22.139 - hcpnbu [25/May/2016:16:08:05 -0600] "HEAD /nbu3/athene.dpdenverlab.local_1464210458_C1_F1/IMAGE_PROPERTIES HTTP/1.1" 200 0 nbutest1@hs3 8
172.19.22.138 - hcpnbu [25/May/2016:16:08:12 -0600] "HEAD /nbu1/ HTTP/1.1" 200 0 nbutest1@hs3 2
172.19.22.138 - hcpnbu [25/May/2016:15:53:08 -0600] "PUT /nbu2/apollo.dpdenverlab.local_1464210429_C1_F1/11 HTTP/1.1" 200 0 nbutest1@hs3 905373
172.19.22.140 - hcpnbu [25/May/2016:16:08:15 -0600] "GET /nub4/saturn.dpdenverlab.local_1464210443_C1_F1/BLOCK_MAP_FILE HTTP/1.1" 200 524 nbutest1@hs3 6558
172.19.22.140 - hcpnbu [25/May/2016:15:57:47 -0600] "PUT /nub4/saturn.dpdenverlab.local_1464210450_C1_F1/21 HTTP/1.1" 200 0 nbutest1@hs3 647121
172.19.22.140 - hcpnbu [25/May/2016:16:08:35 -0600] "PUT /nub4/saturn.dpdenverlab.local_1464210450_C1_F1/29 HTTP/1.1" 503 265 nbutest1@hs3 6076
172.19.22.138 - hcpnbu [25/May/2016:16:08:45 -0600] "HEAD /nub4/ HTTP/1.1" 200 0 nbutest1@hs3 3
172.19.22.139 - hcpnbu [25/May/2016:16:08:32 -0600] "GET /nbu3/athene.dpdenverlab.local_1464210458_C1_F1/BLOCK_MAP_FILE HTTP/1.1" 200 472 nbutest1@hs3 15856
172.19.22.140 - hcpnbu [25/May/2016:16:08:44 -0600] "PUT /nub4/saturn.dpdenverlab.local_1464210450_C1_F1/29 HTTP/1.1" 503 265 nbutest1@hs3 6079
172.19.22.137 - hcpnbu [25/May/2016:15:57:13 -0600] "PUT /nbu1/zeus.dpdenverlab.local_1464210406_C1_F1/1 HTTP/1.1" 200 0 nbutest1@hs3 702934
172.19.22.137 - hcpnbu [25/May/2016:16:08:50 -0600] "PUT /nbu1/zeus.dpdenverlab.local_1464210391_C1_F1/BLOCK_MAP_FILE HTTP/1.1" 503 265 nbutest1@hs3 6060
172.19.22.137 - hcpnbu [25/May/2016:16:08:58 -0600] "PUT /nbu1/zeus.dpdenverlab.local_1464210406_C1_F1/12 HTTP/1.1" 503 265 nbutest1@hs3 6055
172.19.22.137 - hcpnbu [25/May/2016:16:09:05 -0600] "PUT /nbu1/zeus.dpdenverlab.local_1464210394_C1_F1/29 HTTP/1.1" 409 266 nbutest1@hs3 7
172.19.22.137 - hcpnbu [25/May/2016:16:09:08 -0600] "PUT /nbu1/zeus.dpdenverlab.local_1464210394_C1_F1/29 HTTP/1.1" 409 266 nbutest1@hs3 6
172.19.22.140 - hcpnbu [25/May/2016:16:09:11 -0600] "HEAD /nub4/saturn.dpdenverlab.local_1464210447_C1_F1/IMAGE_PROPERTIES HTTP/1.1" 200 0 nbutest1@hs3 9
172.19.22.137 - hcpnbu [25/May/2016:15:54:00 -0600] "PUT /nbu1/zeus.dpdenverlab.local_1464210394_C1_F1/29 HTTP/1.1" 503 265 nbutest1@hs3 910793
172.19.22.137 - hcpnbu [25/May/2016:16:08:58 -0600] "PUT /nbu1/zeus.dpdenverlab.local_1464210391_C1_F1/BLOCK_MAP_FILE HTTP/1.1" 200 0 nbutest1@hs3 15596
172.19.22.140 - hcpnbu [25/May/2016:16:09:16 -0600] "GET /nbu2/?location HTTP/1.1" 200 124 nbutest1@hs3 8
172.19.22.137 - hcpnbu [25/May/2016:16:09:21 -0600] "DELETE /nbu1/zeus.dpdenverlab.local_1464210391_C1_F1/0 HTTP/1.1" 204 0 nbutest1@hs3 24
172.19.22.137 - hcpnbu [25/May/2016:16:09:21 -0600] "DELETE /nbu1/zeus.dpdenverlab.local_1464210391_C1_F1/10 HTTP/1.1" 204 0 nbutest1@hs3 33
172.19.22.137 - hcpnbu [25/May/2016:16:09:21 -0600] "DELETE /nbu1/zeus.dpdenverlab.local_1464210391_C1_F1/11 HTTP/1.1" 204 0 nbutest1@hs3 33
172.19.22.137 - hcpnbu [25/May/2016:16:09:21 -0600] "DELETE /nbu1/zeus.dpdenverlab.local_1464210391_C1_F1/1 HTTP/1.1" 204 0 nbutest1@hs3 33
172.19.22.138 - hcpnbu [25/May/2016:16:09:21 -0600] "PUT /nbu2/apollo.dpdenverlab.local_1464210428_C1_F1/7 HTTP/1.1" 409 266 nbutest1@hs3 51
172.19.22.137 - hcpnbu [25/May/2016:16:09:22 -0600] "DELETE /nbu1/zeus.dpdenverlab.local_1464210391_C1_F1/13 HTTP/1.1" 204 0 nbutest1@hs3 21
172.19.22.137 - hcpnbu [25/May/2016:16:09:22 -0600] "DELETE /nbu1/zeus.dpdenverlab.local_1464210391_C1_F1/12 HTTP/1.1" 204 0 nbutest1@hs3 22
172.19.22.137 - hcpnbu [25/May/2016:16:09:22 -0600] "DELETE /nbu1/zeus.dpdenverlab.local_1464210391_C1_F1/15 HTTP/1.1" 204 0 nbutest1@hs3 21
172.19.22.137 - hcpnbu [25/May/2016:16:09:22 -0600] "DELETE /nbu1/zeus.dpdenverlab.local_1464210391_C1_F1/14 HTTP/1.1" 204 0 nbutest1@hs3 22
172.19.22.137 - hcpnbu [25/May/2016:16:09:23 -0600] "DELETE /nbu1/zeus.dpdenverlab.local_1464210391_C1_F1/17 HTTP/1.1" 204 0 nbutest1@hs3 32
172.19.22.137 - hcpnbu [25/May/2016:16:09:23 -0600] "DELETE /nbu1/zeus.dpdenverlab.local_1464210391_C1_F1/16 HTTP/1.1" 204 0 nbutest1@hs3 32
172.19.22.137 - hcpnbu [25/May/2016:16:09:23 -0600] "DELETE /nbu1/zeus.dpdenverlab.local_1464210391_C1_F1/18 HTTP/1.1" 204 0 nbutest1@hs3 32
172.19.22.137 - hcpnbu [25/May/2016:16:09:23 -0600] "DELETE /nbu1/zeus.dpdenverlab.local_1464210391_C1_F1/19 HTTP/1.1" 204 0 nbutest1@hs3 32
172.19.22.137 - hcpnbu [25/May/2016:16:09:18 -0600] "PUT /nbu1/zeus.dpdenverlab.local_1464210386_C1_F1/29 HTTP/1.1" 200 0 nbutest1@hs3 5245
172.19.22.137 - hcpnbu [25/May/2016:15:57:43 -0600] "PUT /nbu1/zeus.dpdenverlab.local_1464210406_C1_F1/8 HTTP/1.1" 200 0 nbutest1@hs3 701253
172.19.22.137 - hcpnbu [25/May/2016:16:09:24 -0600] "DELETE /nbu1/zeus.dpdenverlab.local_1464210391_C1_F1/22 HTTP/1.1" 204 0 nbutest1@hs3 21
172.19.22.137 - hcpnbu [25/May/2016:16:09:24 -0600] "DELETE /nbu1/zeus.dpdenverlab.local_1464210391_C1_F1/2 HTTP/1.1" 204 0 nbutest1@hs3 22
172.19.22.137 - hcpnbu [25/May/2016:16:09:24 -0600] "DELETE /nbu1/zeus.dpdenverlab.local_1464210391_C1_F1/20 HTTP/1.1" 204 0 nbutest1@hs3 22
172.19.22.137 - hcpnbu [25/May/2016:16:09:24 -0600] "DELETE /nbu1/zeus.dpdenverlab.local_1464210391_C1_F1/21 HTTP/1.1" 204 0 nbutest1@hs3 22
172.19.22.138 - hcpnbu [25/May/2016:16:09:25 -0600] "PUT /nbu2/apollo.dpdenverlab.local_1464210428_C1_F1/7 HTTP/1.1" 409 228 nbutest1@hs3 4
172.19.22.137 - hcpnbu [25/May/2016:16:09:25 -0600] "DELETE /nbu1/zeus.dpdenverlab.local_1464210391_C1_F1/26 HTTP/1.1" 204 0 nbutest1@hs3 21
172.19.22.137 - hcpnbu [25/May/2016:16:09:25 -0600] "DELETE /nbu1/zeus.dpdenverlab.local_1464210391_C1_F1/23 HTTP/1.1" 204 0 nbutest1@hs3 22
172.19.22.137 - hcpnbu [25/May/2016:16:09:25 -0600] "DELETE /nbu1/zeus.dpdenverlab.local_1464210391_C1_F1/25 HTTP/1.1" 204 0 nbutest1@hs3 21
172.19.22.137 - hcpnbu [25/May/2016:16:09:25 -0600] "DELETE /nbu1/zeus.dpdenverlab.local_1464210391_C1_F1/24 HTTP/1.1" 204 0 nbutest1@hs3 22
172.19.22.138 - hcpnbu [25/May/2016:15:57:34 -0600] "PUT /nbu2/apollo.dpdenverlab.local_1464210418_C1_F1/10 HTTP/1.1" 200 0 nbutest1@hs3 711804
172.19.22.137 - hcpnbu [25/May/2016:16:09:26 -0600] "DELETE /nbu1/zeus.dpdenverlab.local_1464210391_C1_F1/27 HTTP/1.1" 204 0 nbutest1@hs3 21
172.19.22.137 - hcpnbu [25/May/2016:16:09:26 -0600] "DELETE /nbu1/zeus.dpdenverlab.local_1464210391_C1_F1/29 HTTP/1.1" 204 0 nbutest1@hs3 21
172.19.22.137 - hcpnbu [25/May/2016:16:09:26 -0600] "DELETE /nbu1/zeus.dpdenverlab.local_1464210391_C1_F1/3 HTTP/1.1" 204 0 nbutest1@hs3 21
172.19.22.137 - hcpnbu [25/May/2016:16:09:26 -0600] "DELETE /nbu1/zeus.dpdenverlab.local_1464210391_C1_F1/28 HTTP/1.1" 204 0 nbutest1@hs3 21
172.19.22.137 - hcpnbu [25/May/2016:16:09:27 -0600] "DELETE /nbu1/zeus.dpdenverlab.local_1464210391_C1_F1/30 HTTP/1.1" 204 0 nbutest1@hs3 20
172.19.22.137 - hcpnbu [25/May/2016:16:09:27 -0600] "DELETE /nbu1/zeus.dpdenverlab.local_1464210391_C1_F1/31 HTTP/1.1" 204 0 nbutest1@hs3 20
172.19.22.137 - hcpnbu [25/May/2016:16:09:27 -0600] "DELETE /nbu1/zeus.dpdenverlab.local_1464210391_C1_F1/33 HTTP/1.1" 204 0 nbutest1@hs3 19
