172.19.22.139 - hcpnbu [25/May/2016:15:29:05 -0600] "PUT /nbu3/athene.dpdenverlab.local_1464210467_C1_F1/3 HTTP/1.1" 503 265 nbutest1@hs3 919558
172.19.22.140 - hcpnbu [25/May/2016:15:44:32 -0600] "HEAD /nbu3/ HTTP/1.1" 200 0 nbutest1@hs3 2
172.19.22.140 - hcpnbu [25/May/2016:15:45:14 -0600] "GET / HTTP/1.1" 200 612 nbutest1@hs3 38
172.19.22.137 - hcpnbu [25/May/2016:15:45:24 -0600] "PUT /nbu1/zeus.dpdenverlab.local_1464210387_C1_F1/23 HTTP/1.1" 409 266 nbutest1@hs3 20
172.19.22.137 - hcpnbu [25/May/2016:15:30:21 -0600] "PUT /nbu1/zeus.dpdenverlab.local_1464210387_C1_F1/23 HTTP/1.1" 503 265 nbutest1@hs3 903197
172.19.22.137 - hcpnbu [25/May/2016:15:45:27 -0600] "PUT /nbu1/zeus.dpdenverlab.local_1464210387_C1_F1/23 HTTP/1.1" 200 0 nbutest1@hs3 5203
172.19.22.139 - hcpnbu [25/May/2016:15:45:22 -0600] "PUT /nbu3/athene.dpdenverlab.local_1464210463_C1_F1/IMAGE_PROPERTIES HTTP/1.1" 200 0 nbutest1@hs3 16974
172.19.22.137 - hcpnbu [25/May/2016:15:38:18 -0600] "PUT /nbu1/zeus.dpdenverlab.local_1464210386_C1_F1/19 HTTP/1.1" 503 265 nbutest1@hs3 446731
172.19.22.140 - hcpnbu [25/May/2016:15:38:14 -0600] "PUT /nub4/saturn.dpdenverlab.local_1464210446_C1_F1/9 HTTP/1.1" 200 0 nbutest1@hs3 451837
172.19.22.139 - hcpnbu [25/May/2016:15:45:50 -0600] "DELETE /nbu3/athene.dpdenverlab.local_1464210463_C1_F1/ HTTP/1.1" 204 0 nbutest1@hs3 11
172.19.22.139 - hcpnbu [25/May/2016:15:45:55 -0600] "DELETE /nbu3/athene.dpdenverlab.local_1464210463_C1_HDR/ HTTP/1.1" 204 0 nbutest1@hs3 57
172.19.22.138 - hcpnbu [25/May/2016:15:46:06 -0600] "HEAD /nbu3/ HTTP/1.1" 200 0 nbutest1@hs3 1
172.19.22.140 - hcpnbu [25/May/2016:15:31:08 -0600] "PUT /nub4/saturn.dpdenverlab.local_1464210437_C1_F1/8 HTTP/1.1" 503 265 nbutest1@hs3 901944
172.19.22.137 - hcpnbu [25/May/2016:15:46:22 -0600] "PUT /nbu1/zeus.dpdenverlab.local_1464210387_C1_F1/18 HTTP/1.1" 409 266 nbutest1@hs3 4
172.19.22.137 - hcpnbu [25/May/2016:15:31:19 -0600] "PUT /nbu1/zeus.dpdenverlab.local_1464210387_C1_F1/18 HTTP/1.1" 503 265 nbutest1@hs3 905195
172.19.22.140 - hcpnbu [25/May/2016:15:46:30 -0600] "GET /nbu3/?location HTTP/1.1" 200 124 nbutest1@hs3 5
172.19.22.140 - hcpnbu [25/May/2016:15:32:21 -0600] "PUT /nub4/saturn.dpdenverlab.local_1464210447_C1_F1/7 HTTP/1.1" 200 0 nbutest1@hs3 858333
172.19.22.140 - hcpnbu [25/May/2016:15:46:40 -0600] "PUT /nub4/saturn.dpdenverlab.local_1464210447_C1_F1/14 HTTP/1.1" 503 265 nbutest1@hs3 6521
172.19.22.137 - hcpnbu [25/May/2016:15:46:54 -0600] "PUT /nbu1/zeus.dpdenverlab.local_1464210386_C1_F1/16 HTTP/1.1" 409 266 nbutest1@hs3 4
172.19.22.137 - hcpnbu [25/May/2016:15:31:51 -0600] "PUT /nbu1/zeus.dpdenverlab.local_1464210386_C1_F1/16 HTTP/1.1" 503 265 nbutest1@hs3 905414
172.19.22.137 - hcpnbu [25/May/2016:15:46:57 -0600] "PUT /nbu1/zeus.dpdenverlab.local_1464210386_C1_F1/16 HTTP/1.1" 200 0 nbutest1@hs3 4212
172.19.22.137 - hcpnbu [25/May/2016:15:47:02 -0600] "PUT /nbu1/zeus.dpdenverlab.local_1464210386_C1_F1/22 HTTP/1.1" 200 0 nbutest1@hs3 4145
172.19.22.140 - hcpnbu [25/May/2016:15:47:15 -0600] "GET / HTTP/1.1" 200 612 nbutest1@hs3 21
172.19.22.137 - hcpnbu [25/May/2016:15:32:26 -0600] "PUT /nbu1/zeus.dpdenverlab.local_1464210387_C1_F1/21 HTTP/1.1" 503 265 nbutest1@hs3 902185
172.19.22.140 - hcpnbu [25/May/2016:15:47:52 -0600] "HEAD /nub4/ HTTP/1.1" 200 0 nbutest1@hs3 1
172.19.22.137 - hcpnbu [25/May/2016:15:47:55 -0600] "PUT /nbu1/zeus.dpdenverlab.local_1464210397_C1_F1/19 HTTP/1.1" 409 266 nbutest1@hs3 23
172.19.22.137 - hcpnbu [25/May/2016:15:47:59 -0600] "PUT /nbu1/zeus.dpdenverlab.local_1464210397_C1_F1/19 HTTP/1.1" 409 266 nbutest1@hs3 5
172.19.22.137 - hcpnbu [25/May/2016:15:48:05 -0600] "PUT /nbu1/zeus.dpdenverlab.local_1464210397_C1_F1/19 HTTP/1.1" 409 266 nbutest1@hs3 5
172.19.22.137 - hcpnbu [25/May/2016:15:32:52 -0600] "PUT /nbu1/zeus.dpdenverlab.local_1464210397_C1_F1/19 HTTP/1.1" 503 265 nbutest1@hs3 917354
172.19.22.137 - hcpnbu [25/May/2016:15:48:16 -0600] "PUT /nbu1/zeus.dpdenverlab.local_1464210397_C1_F1/19 HTTP/1.1" 503 265 nbutest1@hs3 73
172.19.22.137 - hcpnbu [25/May/2016:15:42:50 -0600] "PUT /nbu1/zeus.dpdenverlab.local_1464210397_C1_F1/22 HTTP/1.1" 503 265 nbutest1@hs3 326463
172.19.22.140 - hcpnbu [25/May/2016:15:48:30 -0600] "GET / HTTP/1.1" 200 612 nbutest1@hs3 16
172.19.22.138 - hcpnbu [25/May/2016:15:48:46 -0600] "PUT /nbu2/apollo.dpdenverlab.local_1464210432_C1_F1/8 HTTP/1.1" 409 266 nbutest1@hs3 47
172.19.22.139 - hcpnbu [25/May/2016:15:41:14 -0600] "PUT /nbu3/athene.dpdenverlab.local_1464210461_C1_F1/5 HTTP/1.1" 200 0 nbutest1@hs3 452656
172.19.22.140 - hcpnbu [25/May/2016:15:41:15 -0600] "PUT /nub4/saturn.dpdenverlab.local_1464210446_C1_F1/11 HTTP/1.1" 200 0 nbutest1@hs3 452785
172.19.22.138 - hcpnbu [25/May/2016:15:48:50 -0600] "PUT /nbu2/apollo.dpdenverlab.local_1464210432_C1_F1/8 HTTP/1.1" 409 266 nbutest1@hs3 34
172.19.22.140 - hcpnbu [25/May/2016:15:49:01 -0600] "GET /nbu1/?location HTTP/1.1" 200 124 nbutest1@hs3 4
172.19.22.138 - hcpnbu [25/May/2016:15:49:48 -0600] "HEAD /nbu2/apollo.dpdenverlab.local_1464210420_C1_F1/IMAGE_PROPERTIES HTTP/1.1" 200 0 nbutest1@hs3 7
172.19.22.138 - hcpnbu [25/May/2016:15:48:57 -0600] "PUT /nbu2/apollo.dpdenverlab.local_1464210432_C1_F1/8 HTTP/1.1" 503 265 nbutest1@hs3 51635
172.19.22.138 - hcpnbu [25/May/2016:15:49:53 -0600] "HEAD /nbu2/apollo.dpdenverlab.local_1464210420_C1_F1/IMAGE_PROPERTIES HTTP/1.1" 200 0 nbutest1@hs3 5
172.19.22.138 - hcpnbu [25/May/2016:15:49:52 -0600] "PUT /nbu2/apollo.dpdenverlab.local_1464210432_C1_F1/8 HTTP/1.1" 200 0 nbutest1@hs3 4007
172.19.22.140 - hcpnbu [25/May/2016:15:50:02 -0600] "HEAD /nbu1/ HTTP/1.1" 200 0 nbutest1@hs3 2
172.19.22.138 - hcpnbu [25/May/2016:15:49:57 -0600] "PUT /nbu2/apollo.dpdenverlab.local_1464210432_C1_F1/13 HTTP/1.1" 200 0 nbutest1@hs3 5012
172.19.22.138 - hcpnbu [25/May/2016:15:50:03 -0600] "PUT /nbu2/apollo.dpdenverlab.local_1464210432_C1_F1/14 HTTP/1.1" 200 0 nbutest1@hs3 5021
172.19.22.138 - hcpnbu [25/May/2016:15:50:15 -0600] "HEAD /nbu2/ HTTP/1.1" 200 0 nbutest1@hs3 2
172.19.22.140 - hcpnbu [25/May/2016:15:42:43 -0600] "PUT /nub4/saturn.dpdenverlab.local_1464210435_C1_F1/15 HTTP/1.1" 200 0 nbutest1@hs3 453169
172.19.22.140 - hcpnbu [25/May/2016:15:42:45 -0600] "PUT /nub4/saturn.dpdenverlab.local_1464210435_C1_F1/16 HTTP/1.1" 200 0 nbutest1@hs3 451169
172.19.22.140 - hcpnbu [25/May/2016:15:50:30 -0600] "GET /nbu3/?location HTTP/1.1" 200 124 nbutest1@hs3 5
172.19.22.140 - hcpnbu [25/May/2016:15:50:58 -0600] "GET / HTTP/1.1" 200 612 nbutest1@hs3 19
172.19.22.139 - hcpnbu [25/May/2016:15:51:22 -0600] "PUT /nbu3/athene.dpdenverlab.local_1464210478_C1_F1/22 HTTP/1.1" 503 265 nbutest1@hs3 42
172.19.22.140 - hcpnbu [25/May/2016:15:51:50 -0600] "PUT /nub4/saturn.dpdenverlab.local_1464210447_C1_F1/13 HTTP/1.1" 409 266 nbutest1@hs3 4
172.19.22.140 - hcpnbu [25/May/2016:15:51:53 -0600] "PUT /nub4/saturn.dpdenverlab.local_1464210447_C1_F1/13 HTTP/1.1" 409 266 nbutest1@hs3 4
172.19.22.140 - hcpnbu [25/May/2016:15:36:45 -0600] "PUT /nub4/saturn.dpdenverlab.local_1464210447_C1_F1/13 HTTP/1.1" 503 265 nbutest1@hs3 913413
172.19.22.140 - hcpnbu [25/May/2016:15:52:02 -0600] "GET /nbu1/?location HTTP/1.1" 200 124 nbutest1@hs3 14
172.19.22.140 - hcpnbu [25/May/2016:15:52:49 -0600] "GET / HTTP/1.1" 200 612 nbutest1@hs3 19
172.19.22.140 - hcpnbu [25/May/2016:15:53:01 -0600] "GET /nbu1/?location HTTP/1.1" 200 124 nbutest1@hs3 4
172.19.22.138 - hcpnbu [25/May/2016:15:53:11 -0600] "GET /nbu2/?prefix=apollo.dpdenverlab.local_1464210425_C1_HDR/REFERENCES/ HTTP/1.1" 200 300 nbutest1@hs3 35
172.19.22.138 - hcpnbu [25/May/2016:15:53:24 -0600] "GET /nbu2/?location HTTP/1.1" 200 124 nbutest1@hs3 15
172.19.22.140 - hcpnbu [25/May/2016:15:53:31 -0600] "HEAD /nbu3/ HTTP/1.1" 200 0 nbutest1@hs3 2
172.19.22.140 - hcpnbu [25/May/2016:15:54:15 -0600] "GET /nbu2/?location HTTP/1.1" 200 124 nbutest1@hs3 5
172.19.22.139 - hcpnbu [25/May/2016:15:48:50 -0600] "PUT /nbu3/athene.dpdenverlab.local_1464210461_C1_F1/8 HTTP/1.1" 503 265 nbutest1@hs3 326890
172.19.22.139 - hcpnbu [25/May/2016:15:54:19 -0600] "PUT /nbu3/athene.dpdenverlab.local_1464210461_C1_F1/8 HTTP/1.1" 200 0 nbutest1@hs3 4425
172.19.22.137 - hcpnbu [25/May/2016:15:54:25 -0600] "PUT /nbu1/zeus.dpdenverlab.local_1464210387_C1_F1/22 HTTP/1.1" 409 266 nbutest1@hs3 5
172.19.22.137 - hcpnbu [25/May/2016:15:54:29 -0600] "PUT /nbu1/zeus.dpdenverlab.local_1464210387_C1_F1/22 HTTP/1.1" 409 266 nbutest1@hs3 4
172.19.22.138 - hcpnbu [25/May/2016:15:39:30 -0600] "PUT /nbu2/apollo.dpdenverlab.local_1464210413_C1_F1/17 HTTP/1.1" 503 0 nbutest1@hs3 901073
172.19.22.139 - hcpnbu [25/May/2016:15:54:26 -0600] "PUT /nbu3/athene.dpdenverlab.local_1464210461_C1_F1/9 HTTP/1.1" 200 0 nbutest1@hs3 5190
172.19.22.137 - hcpnbu [25/May/2016:15:54:34 -0600] "PUT /nbu1/zeus.dpdenverlab.local_1464210387_C1_F1/22 HTTP/1.1" 409 266 nbutest1@hs3 4
172.19.22.137 - hcpnbu [25/May/2016:15:39:23 -0600] "PUT /nbu1/zeus.dpdenverlab.local_1464210387_C1_F1/22 HTTP/1.1" 503 265 nbutest1@hs3 913026
172.19.22.139 - hcpnbu [25/May/2016:15:54:34 -0600] "PUT /nbu3/athene.dpdenverlab.local_1464210461_C1_F1/10 HTTP/1.1" 200 0 nbutest1@hs3 4197
172.19.22.137 - hcpnbu [25/May/2016:15:41:15 -0600] "PUT /nbu1/zeus.dpdenverlab.local_1464210386_C1_F1/21 HTTP/1.1" 200 0 nbutest1@hs3 810994
172.19.22.140 - hcpnbu [25/May/2016:15:54:50 -0600] "GET /nub4/?location HTTP/1.1" 200 124 nbutest1@hs3 6
172.19.22.140 - hcpnbu [25/May/2016:15:55:30 -0600] "GET / HTTP/1.1" 200 612 nbutest1@hs3 18
172.19.22.140 - hcpnbu [25/May/2016:15:55:40 -0600] "PUT /nub4/saturn.dpdenverlab.local_1464210447_C1_F1/4 HTTP/1.1" 409 266 nbutest1@hs3 5
172.19.22.140 - hcpnbu [25/May/2016:15:55:44 -0600] "PUT /nub4/saturn.dpdenverlab.local_1464210447_C1_F1/4 HTTP/1.1" 409 266 nbutest1@hs3 4
172.19.22.140 - hcpnbu [25/May/2016:15:55:50 -0600] "PUT /nub4/saturn.dpdenverlab.local_1464210447_C1_F1/4 HTTP/1.1" 409 266 nbutest1@hs3 4
172.19.22.140 - hcpnbu [25/May/2016:15:50:18 -0600] "PUT /nub4/saturn.dpdenverlab.local_1464210435_C1_F1/17 HTTP/1.1" 200 0 nbutest1@hs3 332935
172.19.22.139 - hcpnbu [25/May/2016:15:55:54 -0600] "PUT /nbu3/athene.dpdenverlab.local_1464210461_C1_F1/2 HTTP/1.1" 409 266 nbutest1@hs3 4
172.19.22.138 - hcpnbu [25/May/2016:15:40:56 -0600] "PUT /nbu2/apollo.dpdenverlab.local_1464210432_C1_F1/5 HTTP/1.1" 503 265 nbutest1@hs3 901442
172.19.22.139 - hcpnbu [25/May/2016:15:55:58 -0600] "PUT /nbu3/athene.dpdenverlab.local_1464210461_C1_F1/2 HTTP/1.1" 409 266 nbutest1@hs3 8
172.19.22.140 - hcpnbu [25/May/2016:15:40:35 -0600] "PUT /nub4/saturn.dpdenverlab.local_1464210447_C1_F1/4 HTTP/1.1" 503 265 nbutest1@hs3 923054
172.19.22.140 - hcpnbu [25/May/2016:15:55:59 -0600] "GET / HTTP/1.1" 200 612 nbutest1@hs3 21
172.19.22.139 - hcpnbu [25/May/2016:15:40:51 -0600] "PUT /nbu3/athene.dpdenverlab.local_1464210461_C1_F1/2 HTTP/1.1" 503 265 nbutest1@hs3 909290
172.19.22.138 - hcpnbu [25/May/2016:15:56:05 -0600] "PUT /nbu2/apollo.dpdenverlab.local_1464210413_C1_F1/4 HTTP/1.1" 409 266 nbutest1@hs3 5
172.19.22.138 - hcpnbu [25/May/2016:15:40:53 -0600] "PUT /nbu2/apollo.dpdenverlab.local_1464210432_C1_F1/10 HTTP/1.1" 503 265 nbutest1@hs3 912048
172.19.22.138 - hcpnbu [25/May/2016:15:41:01 -0600] "PUT /nbu2/apollo.dpdenverlab.local_1464210413_C1_F1/4 HTTP/1.1" 503 265 nbutest1@hs3 905366
172.19.22.138 - hcpnbu [25/May/2016:15:56:16 -0600] "PUT /nbu2/apollo.dpdenverlab.local_1464210413_C1_F1/8 HTTP/1.1" 409 266 nbutest1@hs3 17
172.19.22.137 - hcpnbu [25/May/2016:15:41:16 -0600] "PUT /nbu1/zeus.dpdenverlab.local_1464210397_C1_F1/25 HTTP/1.1" 200 0 nbutest1@hs3 899606
172.19.22.140 - hcpnbu [25/May/2016:15:42:08 -0600] "PUT /nub4/saturn.dpdenverlab.local_1464210435_C1_F1/3 HTTP/1.1" 200 0 nbutest1@hs3 849505
172.19.22.138 - hcpnbu [25/May/2016:15:56:19 -0600] "PUT /nbu2/apollo.dpdenverlab.local_1464210413_C1_F1/8 HTTP/1.1" 409 266 nbutest1@hs3 4
172.19.22.140 - hcpnbu [25/May/2016:15:56:19 -0600] "PUT /nub4/saturn.dpdenverlab.local_1464210447_C1_F1/9 HTTP/1.1" 409 266 nbutest1@hs3 3
172.19.22.140 - hcpnbu [25/May/2016:15:56:23 -0600] "PUT /nub4/saturn.dpdenverlab.local_1464210447_C1_F1/9 HTTP/1.1" 409 266 nbutest1@hs3 4
172.19.22.138 - hcpnbu [25/May/2016:15:56:24 -0600] "PUT /nbu2/apollo.dpdenverlab.local_1464210413_C1_F1/8 HTTP/1.1" 409 266 nbutest1@hs3 4
172.19.22.138 - hcpnbu [25/May/2016:15:41:13 -0600] "PUT /nbu2/apollo.dpdenverlab.local_1464210413_C1_F1/8 HTTP/1.1" 503 265 nbutest1@hs3 915748
172.19.22.140 - hcpnbu [25/May/2016:15:56:29 -0600] "PUT /nub4/saturn.dpdenverlab.local_1464210447_C1_F1/9 HTTP/1.1" 409 266 nbutest1@hs3 4
172.19.22.140 - hcpnbu [25/May/2016:15:41:15 -0600] "PUT /nub4/saturn.dpdenverlab.local_1464210447_C1_F1/9 HTTP/1.1" 503 265 nbutest1@hs3 916089
172.19.22.140 - hcpnbu [25/May/2016:15:56:32 -0600] "HEAD /nbu3/ HTTP/1.1" 200 0 nbutest1@hs3 2
172.19.22.140 - hcpnbu [25/May/2016:15:41:46 -0600] "PUT /nub4/saturn.dpdenverlab.local_1464210435_C1_F1/4 HTTP/1.1" 503 265 nbutest1@hs3 902347
172.19.22.138 - hcpnbu [25/May/2016:15:56:51 -0600] "DELETE /nbu2/apollo.dpdenverlab.local_1464210411_C1_F1/IMAGE_PROPERTIES HTTP/1.1" 204 0 nbutest1@hs3 18
172.19.22.140 - hcpnbu [25/May/2016:15:57:02 -0600] "HEAD /nbu1/ HTTP/1.1" 200 0 nbutest1@hs3 2
172.19.22.137 - hcpnbu [25/May/2016:15:57:22 -0600] "PUT /nbu1/zeus.dpdenverlab.local_1464210386_C1_F1/0 HTTP/1.1" 409 266 nbutest1@hs3 9
172.19.22.137 - hcpnbu [25/May/2016:15:57:25 -0600] "PUT /nbu1/zeus.dpdenverlab.local_1464210386_C1_F1/0 HTTP/1.1" 409 266 nbutest1@hs3 4
172.19.22.137 - hcpnbu [25/May/2016:15:42:18 -0600] "PUT /nbu1/zeus.dpdenverlab.local_1464210386_C1_F1/0 HTTP/1.1" 503 265 nbutest1@hs3 908019
172.19.22.138 - hcpnbu [25/May/2016:15:57:26 -0600] "GET /nbu2/?prefix=apollo.dpdenverlab.local_1464210411_C1_F1/ HTTP/1.1" 200 4219 nbutest1@hs3 37
172.19.22.139 - hcpnbu [25/May/2016:15:42:28 -0600] "PUT /nbu3/athene.dpdenverlab.local_1464210458_C1_F1/4 HTTP/1.1" 503 265 nbutest1@hs3 901587
172.19.22.137 - hcpnbu [25/May/2016:15:57:28 -0600] "PUT /nbu1/zeus.dpdenverlab.local_1464210386_C1_F1/0 HTTP/1.1" 200 0 nbutest1@hs3 4449
172.19.22.138 - hcpnbu [25/May/2016:15:57:45 -0600] "HEAD /nbu2/ HTTP/1.1" 200 0 nbutest1@hs3 2
172.19.22.139 - hcpnbu [25/May/2016:15:57:54 -0600] "PUT /nbu3/athene.dpdenverlab.local_1464210461_C1_F1/7 HTTP/1.1" 409 266 nbutest1@hs3 5
172.19.22.140 - hcpnbu [25/May/2016:15:57:58 -0600] "PUT /nub4/saturn.dpdenverlab.local_1464210452_C1_F1/5 HTTP/1.1" 409 266 nbutest1@hs3 4
172.19.22.140 - hcpnbu [25/May/2016:15:57:58 -0600] "PUT /nub4/saturn.dpdenverlab.local_1464210452_C1_F1/2 HTTP/1.1" 409 266 nbutest1@hs3 34
172.19.22.139 - hcpnbu [25/May/2016:15:57:58 -0600] "PUT /nbu3/athene.dpdenverlab.local_1464210461_C1_F1/7 HTTP/1.1" 409 266 nbutest1@hs3 3
172.19.22.140 - hcpnbu [25/May/2016:15:57:59 -0600] "GET / HTTP/1.1" 200 612 nbutest1@hs3 17
172.19.22.140 - hcpnbu [25/May/2016:15:58:02 -0600] "PUT /nub4/saturn.dpdenverlab.local_1464210452_C1_F1/5 HTTP/1.1" 409 266 nbutest1@hs3 4
172.19.22.140 - hcpnbu [25/May/2016:15:58:02 -0600] "PUT /nub4/saturn.dpdenverlab.local_1464210452_C1_F1/2 HTTP/1.1" 409 266 nbutest1@hs3 5
172.19.22.139 - hcpnbu [25/May/2016:15:58:04 -0600] "PUT /nbu3/athene.dpdenverlab.local_1464210461_C1_F1/7 HTTP/1.1" 409 266 nbutest1@hs3 4
172.19.22.140 - hcpnbu [25/May/2016:15:42:54 -0600] "PUT /nub4/saturn.dpdenverlab.local_1464210452_C1_F1/5 HTTP/1.1" 503 265 nbutest1@hs3 911903
172.19.22.140 - hcpnbu [25/May/2016:15:43:03 -0600] "PUT /nub4/saturn.dpdenverlab.local_1464210452_C1_F1/3 HTTP/1.1" 503 265 nbutest1@hs3 903513
172.19.22.140 - hcpnbu [25/May/2016:15:42:54 -0600] "PUT /nub4/saturn.dpdenverlab.local_1464210452_C1_F1/2 HTTP/1.1" 503 265 nbutest1@hs3 914017
172.19.22.139 - hcpnbu [25/May/2016:15:42:51 -0600] "PUT /nbu3/athene.dpdenverlab.local_1464210461_C1_F1/7 HTTP/1.1" 503 265 nbutest1@hs3 921667
172.19.22.139 - hcpnbu [25/May/2016:15:58:26 -0600] "DELETE /nbu3/athene.dpdenverlab.local_1464210471_C1_F1/BLOCK_MAP_FILE HTTP/1.1" 204 0 nbutest1@hs3 3
172.19.22.139 - hcpnbu [25/May/2016:15:58:27 -0600] "PUT /nbu3/athene.dpdenverlab.local_1464210461_C1_F1/4 HTTP/1.1" 409 266 nbutest1@hs3 4
172.19.22.140 - hcpnbu [25/May/2016:15:43:06 -0600] "PUT /nub4/saturn.dpdenverlab.local_1464210452_C1_F1/8 HTTP/1.1" 200 0 nbutest1@hs3 921708
172.19.22.139 - hcpnbu [25/May/2016:15:58:30 -0600] "PUT /nbu3/athene.dpdenverlab.local_1464210461_C1_F1/4 HTTP/1.1" 409 266 nbutest1@hs3 4
172.19.22.139 - hcpnbu [25/May/2016:15:58:34 -0600] "PUT /nbu3/athene.dpdenverlab.local_1464210461_C1_F1/4 HTTP/1.1" 409 266 nbutest1@hs3 4
172.19.22.139 - hcpnbu [25/May/2016:15:43:22 -0600] "PUT /nbu3/athene.dpdenverlab.local_1464210461_C1_F1/4 HTTP/1.1" 503 265 nbutest1@hs3 914331
172.19.22.139 - hcpnbu [25/May/2016:15:58:49 -0600] "DELETE /nbu3/athene.dpdenverlab.local_1464210471_C1_F1/IMAGE_PROPERTIES HTTP/1.1" 204 0 nbutest1@hs3 13
172.19.22.140 - hcpnbu [25/May/2016:15:59:02 -0600] "HEAD /nbu1/ HTTP/1.1" 200 0 nbutest1@hs3 2
172.19.22.140 - hcpnbu [25/May/2016:15:59:06 -0600] "DELETE /nub4/saturn.dpdenverlab.local_1464210449_C1_F1/BLOCK_MAP_FILE HTTP/1.1" 204 0 nbutest1@hs3 2
172.19.22.140 - hcpnbu [25/May/2016:15:59:10 -0600] "HEAD /nub4/saturn.dpdenverlab.local_1464210449_C1_F1/IMAGE_PROPERTIES HTTP/1.1" 200 0 nbutest1@hs3 5
172.19.22.139 - hcpnbu [25/May/2016:15:59:13 -0600] "GET /nbu3/athene.dpdenverlab.local_1464210475_C1_HDR/BLOCK_MAP_FILE HTTP/1.1" 200 11 nbutest1@hs3 18
172.19.22.140 - hcpnbu [25/May/2016:15:59:18 -0600] "HEAD /nub4/saturn.dpdenverlab.local_1464210445_C1_F1/IMAGE_PROPERTIES HTTP/1.1" 200 0 nbutest1@hs3 5
172.19.22.138 - hcpnbu [25/May/2016:15:59:23 -0600] "GET / HTTP/1.1" 200 612 nbutest1@hs3 20
172.19.22.140 - hcpnbu [25/May/2016:15:59:29 -0600] "GET /nub4/?prefix=saturn.dpdenverlab.local_1464210445_C1_F1/ HTTP/1.1" 200 4873 nbutest1@hs3 37
172.19.22.138 - hcpnbu [25/May/2016:15:59:34 -0600] "HEAD /nub4/ HTTP/1.1" 200 0 nbutest1@hs3 2
172.19.22.138 - hcpnbu [25/May/2016:15:59:38 -0600] "HEAD /nub4/ HTTP/1.1" 200 0 nbutest1@hs3 2
172.19.22.139 - hcpnbu [25/May/2016:15:59:47 -0600] "GET /nbu3/?prefix=athene.dpdenverlab.local_1464210471_C1_F1/ HTTP/1.1" 200 4547 nbutest1@hs3 35
172.19.22.138 - hcpnbu [25/May/2016:15:59:52 -0600] "HEAD /nub4/saturn.dpdenverlab.local_1464210445_C1_F1/IMAGE_PROPERTIES HTTP/1.1" 404 0 nbutest1@hs3 3
172.19.22.139 - hcpnbu [25/May/2016:15:59:55 -0600] "GET /nbu3/athene.dpdenverlab.local_1464210471_C1_HDR/BLOCK_MAP_FILE HTTP/1.1" 200 11 nbutest1@hs3 10
172.19.22.138 - hcpnbu [25/May/2016:16:00:07 -0600] "GET /nbu3/?location HTTP/1.1" 200 124 nbutest1@hs3 4
172.19.22.140 - hcpnbu [25/May/2016:16:00:12 -0600] "DELETE /nub4/saturn.dpdenverlab.local_1464210452_C1_F1/BLOCK_MAP_FILE HTTP/1.1" 204 0 nbutest1@hs3 3
172.19.22.137 - hcpnbu [25/May/2016:15:45:49 -0600] "PUT /nbu1/zeus.dpdenverlab.local_1464210386_C1_F1/19 HTTP/1.1" 200 0 nbutest1@hs3 876531
172.19.22.139 - hcpnbu [25/May/2016:16:00:27 -0600] "PUT /nbu3/athene.dpdenverlab.local_1464210478_C1_F1/20 HTTP/1.1" 409 266 nbutest1@hs3 22
172.19.22.140 - hcpnbu [25/May/2016:16:00:31 -0600] "GET /nbu3/?location HTTP/1.1" 200 124 nbutest1@hs3 4
172.19.22.139 - hcpnbu [25/May/2016:16:00:31 -0600] "PUT /nbu3/athene.dpdenverlab.local_1464210478_C1_F1/20 HTTP/1.1" 409 228 nbutest1@hs3 3
172.19.22.140 - hcpnbu [25/May/2016:16:00:34 -0600] "HEAD /nub4/saturn.dpdenverlab.local_1464210452_C1_F1/IMAGE_PROPERTIES HTTP/1.1" 200 0 nbutest1@hs3 5
172.19.22.137 - hcpnbu [25/May/2016:16:00:36 -0600] "PUT /nbu1/zeus.dpdenverlab.local_1464210387_C1_F1/24 HTTP/1.1" 409 266 nbutest1@hs3 4
172.19.22.139 - hcpnbu [25/May/2016:16:00:37 -0600] "PUT /nbu3/athene.dpdenverlab.local_1464210478_C1_F1/20 HTTP/1.1" 409 228 nbutest1@hs3 2
172.19.22.137 - hcpnbu [25/May/2016:15:45:33 -0600] "PUT /nbu1/zeus.dpdenverlab.local_1464210387_C1_F1/24 HTTP/1.1" 503 265 nbutest1@hs3 904434
172.19.22.138 - hcpnbu [25/May/2016:16:00:45 -0600] "DELETE /nbu2/apollo.dpdenverlab.local_1464210412_C1_HDR/ HTTP/1.1" 204 0 nbutest1@hs3 24
172.19.22.139 - hcpnbu [25/May/2016:16:00:46 -0600] "PUT /nbu3/athene.dpdenverlab.local_1464210478_C1_F1/20 HTTP/1.1" 409 228 nbutest1@hs3 3
172.19.22.140 - hcpnbu [25/May/2016:16:00:51 -0600] "HEAD /nub4/saturn.dpdenverlab.local_1464210452_C1_HDR/IMAGE_PROPERTIES HTTP/1.1" 200 0 nbutest1@hs3 16
172.19.22.140 - hcpnbu [25/May/2016:15:45:47 -0600] "PUT /nub4/saturn.dpdenverlab.local_1464210446_C1_F1/13 HTTP/1.1" 503 265 nbutest1@hs3 904621
172.19.22.138 - hcpnbu [25/May/2016:16:00:56 -0600] "HEAD /nbu2/apollo.dpdenverlab.local_1464210412_C1_HDR/IMAGE_PROPERTIES HTTP/1.1" 404 0 nbutest1@hs3 2
172.19.22.139 - hcpnbu [25/May/2016:16:01:04 -0600] "PUT /nbu3/athene.dpdenverlab.local_1464210478_C1_F1/20 HTTP/1.1" 409 228 nbutest1@hs3 12
172.19.22.138 - hcpnbu [25/May/2016:16:01:05 -0600] "HEAD /nub4/ HTTP/1.1" 200 0 nbutest1@hs3 1
172.19.22.139 - hcpnbu [25/May/2016:16:01:16 -0600] "HEAD /nbu3/athene.dpdenverlab.local_1464210459_C1_F1/IMAGE_PROPERTIES HTTP/1.1" 200 0 nbutest1@hs3 6
172.19.22.137 - hcpnbu [25/May/2016:16:01:30 -0600] "PUT /nbu1/zeus.dpdenverlab.local_1464210387_C1_F1/18 HTTP/1.1" 409 266 nbutest1@hs3 5
172.19.22.140 - hcpnbu [25/May/2016:16:01:31 -0600] "GET /nbu3/?location HTTP/1.1" 200 124 nbutest1@hs3 5
172.19.22.137 - hcpnbu [25/May/2016:16:01:34 -0600] "PUT /nbu1/zeus.dpdenverlab.local_1464210387_C1_F1/18 HTTP/1.1" 409 266 nbutest1@hs3 28
172.19.22.137 - hcpnbu [25/May/2016:15:46:27 -0600] "PUT /nbu1/zeus.dpdenverlab.local_1464210387_C1_F1/18 HTTP/1.1" 503 265 nbutest1@hs3 909313
172.19.22.139 - hcpnbu [25/May/2016:16:01:37 -0600] "PUT /nbu3/athene.dpdenverlab.local_1464210478_C1_F1/20 HTTP/1.1" 409 228 nbutest1@hs3 3
172.19.22.137 - hcpnbu [25/May/2016:16:01:40 -0600] "PUT /nbu1/zeus.dpdenverlab.local_1464210387_C1_F1/18 HTTP/1.1" 503 265 nbutest1@hs3 5103
172.19.22.140 - hcpnbu [25/May/2016:15:46:51 -0600] "PUT /nub4/saturn.dpdenverlab.local_1464210447_C1_F1/14 HTTP/1.1" 503 0 nbutest1@hs3 900404
172.19.22.137 - hcpnbu [25/May/2016:15:47:08 -0600] "PUT /nbu1/zeus.dpdenverlab.local_1464210386_C1_F1/23 HTTP/1.1" 200 0 nbutest1@hs3 889660
172.19.22.140 - hcpnbu [25/May/2016:16:01:53 -0600] "PUT /nub4/saturn.dpdenverlab.local_1464210447_C1_F1/14 HTTP/1.1" 200 0 nbutest1@hs3 5295
172.19.22.140 - hcpnbu [25/May/2016:16:02:00 -0600] "GET / HTTP/1.1" 200 612 nbutest1@hs3 22
172.19.22.140 - hcpnbu [25/May/2016:16:02:00 -0600] "PUT /nub4/saturn.dpdenverlab.local_1464210447_C1_F1/15 HTTP/1.1" 200 0 nbutest1@hs3 5048
172.19.22.140 - hcpnbu [25/May/2016:16:02:15 -0600] "HEAD /nbu2/ HTTP/1.1" 200 0 nbutest1@hs3 2
172.19.22.140 - hcpnbu [25/May/2016:16:02:30 -0600] "HEAD /nbu3/ HTTP/1.1" 200 0 nbutest1@hs3 1
172.19.22.137 - hcpnbu [25/May/2016:16:02:34 -0600] "PUT /nbu1/zeus.dpdenverlab.local_1464210387_C1_F1/21 HTTP/1.1" 409 266 nbutest1@hs3 5
172.19.22.137 - hcpnbu [25/May/2016:15:47:30 -0600] "PUT /nbu1/zeus.dpdenverlab.local_1464210387_C1_F1/21 HTTP/1.1" 503 265 nbutest1@hs3 904663
172.19.22.139 - hcpnbu [25/May/2016:16:02:35 -0600] "PUT /nbu3/athene.dpdenverlab.local_1464210478_C1_F1/20 HTTP/1.1" 409 228 nbutest1@hs3 3
172.19.22.139 - hcpnbu [25/May/2016:15:51:27 -0600] "PUT /nbu3/athene.dpdenverlab.local_1464210478_C1_F1/22 HTTP/1.1" 503 0 nbutest1@hs3 667387
172.19.22.138 - hcpnbu [25/May/2016:16:02:49 -0600] "GET /nbu2/?prefix=apollo.dpdenverlab.local_1464210426_C1_F1/REFERENCES/ HTTP/1.1" 200 299 nbutest1@hs3 28
172.19.22.139 - hcpnbu [25/May/2016:16:02:57 -0600] "HEAD /nbu3/athene.dpdenverlab.local_1464210459_C1_HDR/IMAGE_PROPERTIES HTTP/1.1" 200 0 nbutest1@hs3 14
172.19.22.138 - hcpnbu [25/May/2016:16:03:03 -0600] "HEAD /nbu2/apollo.dpdenverlab.local_1464210426_C1_HDR/IMAGE_PROPERTIES HTTP/1.1" 200 0 nbutest1@hs3 8
172.19.22.138 - hcpnbu [25/May/2016:16:03:09 -0600] "GET / HTTP/1.1" 200 612 nbutest1@hs3 16
172.19.22.140 - hcpnbu [25/May/2016:16:03:14 -0600] "GET / HTTP/1.1" 200 612 nbutest1@hs3 18
172.19.22.140 - hcpnbu [25/May/2016:16:03:18 -0600] "HEAD /nbu2/apollo.dpdenverlab.local_1464210426_C1_HDR/IMAGE_PROPERTIES HTTP/1.1" 404 0 nbutest1@hs3 4
172.19.22.139 - hcpnbu [25/May/2016:16:03:41 -0600] "HEAD /nbu3/athene.dpdenverlab.local_1464210478_C1_F1/IMAGE_PROPERTIES HTTP/1.1" 200 0 nbutest1@hs3 6
172.19.22.140 - hcpnbu [25/May/2016:15:48:49 -0600] "PUT /nub4/saturn.dpdenverlab.local_1464210446_C1_F1/14 HTTP/1.1" 503 265 nbutest1@hs3 901627
172.19.22.140 - hcpnbu [25/May/2016:15:50:20 -0600] "PUT /nub4/saturn.dpdenverlab.local_1464210435_C1_F1/18 HTTP/1.1" 200 0 nbutest1@hs3 818778
172.19.22.140 - hcpnbu [25/May/2016:16:03:59 -0600] "GET / HTTP/1.1" 200 612 nbutest1@hs3 26
172.19.22.140 - hcpnbu [25/May/2016:16:04:00 -0600] "PUT /nub4/saturn.dpdenverlab.local_1464210435_C1_F1/21 HTTP/1.1" 503 265 nbutest1@hs3 6087
172.19.22.139 - hcpnbu [25/May/2016:16:04:09 -0600] "DELETE /nbu3/athene.dpdenverlab.local_1464210478_C1_HDR/ HTTP/1.1" 204 0 nbutest1@hs3 26
172.19.22.138 - hcpnbu [25/May/2016:16:04:16 -0600] "GET / HTTP/1.1" 200 612 nbutest1@hs3 17
172.19.22.138 - hcpnbu [25/May/2016:16:04:21 -0600] "HEAD /nbu3/athene.dpdenverlab.local_1464210478_C1_F1/IMAGE_PROPERTIES HTTP/1.1" 404 0 nbutest1@hs3 3
172.19.22.140 - hcpnbu [25/May/2016:16:04:28 -0600] "HEAD /nub4/saturn.dpdenverlab.local_1464210437_C1_F1/IMAGE_PROPERTIES HTTP/1.1" 200 0 nbutest1@hs3 6
172.19.22.138 - hcpnbu [25/May/2016:16:04:33 -0600] "GET /nbu2/?prefix=apollo.dpdenverlab.local_1464210427_C1_F1/REFERENCES/ HTTP/1.1" 200 299 nbutest1@hs3 22
172.19.22.137 - hcpnbu [25/May/2016:16:04:38 -0600] "DELETE /nbu1/zeus.dpdenverlab.local_1464210405_C1_F1/BLOCK_MAP_FILE HTTP/1.1" 204 0 nbutest1@hs3 3
172.19.22.138 - hcpnbu [25/May/2016:16:04:45 -0600] "HEAD /nbu2/apollo.dpdenverlab.local_1464210427_C1_HDR/IMAGE_PROPERTIES HTTP/1.1" 200 0 nbutest1@hs3 15
172.19.22.138 - hcpnbu [25/May/2016:16:04:47 -0600] "GET /nbu2/?prefix=apollo.dpdenverlab.local_1464210427_C1_HDR/ HTTP/1.1" 200 1601 nbutest1@hs3 26
172.19.22.138 - hcpnbu [25/May/2016:16:05:00 -0600] "HEAD /nbu3/ HTTP/1.1" 200 0 nbutest1@hs3 2
172.19.22.138 - hcpnbu [25/May/2016:16:05:01 -0600] "HEAD /nbu2/ HTTP/1.1" 200 0 nbutest1@hs3 1
172.19.22.138 - hcpnbu [25/May/2016:16:05:14 -0600] "PUT /nbu2/apollo.dpdenverlab.local_1464210432_C1_F1/15 HTTP/1.1" 409 266 nbutest1@hs3 5
172.19.22.138 - hcpnbu [25/May/2016:16:05:17 -0600] "PUT /nbu2/apollo.dpdenverlab.local_1464210432_C1_F1/15 HTTP/1.1" 409 266 nbutest1@hs3 4
172.19.22.138 - hcpnbu [25/May/2016:16:05:23 -0600] "PUT /nbu2/apollo.dpdenverlab.local_1464210432_C1_F1/15 HTTP/1.1" 409 266 nbutest1@hs3 4
172.19.22.140 - hcpnbu [25/May/2016:16:04:52 -0600] "PUT /nub4/saturn.dpdenverlab.local_1464210437_C1_F1/IMAGE_PROPERTIES HTTP/1.1" 200 0 nbutest1@hs3 30808
172.19.22.140 - hcpnbu [25/May/2016:16:05:25 -0600] "GET /nub4/?prefix=saturn.dpdenverlab.local_1464210437_C1_F1/REFERENCES/ HTTP/1.1" 200 299 nbutest1@hs3 27
172.19.22.138 - hcpnbu [25/May/2016:16:05:20 -0600] "PUT /nbu2/apollo.dpdenverlab.local_1464210431_C1_F1/11 HTTP/1.1" 503 265 nbutest1@hs3 6051
172.19.22.138 - hcpnbu [25/May/2016:15:50:10 -0600] "PUT /nbu2/apollo.dpdenverlab.local_1464210432_C1_F1/15 HTTP/1.1" 503 265 nbutest1@hs3 919840
172.19.22.140 - hcpnbu [25/May/2016:16:05:30 -0600] "GET /nbu3/?location HTTP/1.1" 200 124 nbutest1@hs3 5
172.19.22.138 - hcpnbu [25/May/2016:16:05:28 -0600] "PUT /nbu2/apollo.dpdenverlab.local_1464210431_C1_F1/11 HTTP/1.1" 503 265 nbutest1@hs3 6069
172.19.22.140 - hcpnbu [25/May/2016:16:05:35 -0600] "GET /nub4/?prefix=saturn.dpdenverlab.local_1464210437_C1_HDR/REFERENCES/ HTTP/1.1" 200 300 nbutest1@hs3 25
172.19.22.138 - hcpnbu [25/May/2016:16:05:32 -0600] "PUT /nbu2/apollo.dpdenverlab.local_1464210432_C1_F1/15 HTTP/1.1" 503 265 nbutest1@hs3 6053
172.19.22.140 - hcpnbu [25/May/2016:16:05:39 -0600] "DELETE /nub4/saturn.dpdenverlab.local_1464210437_C1_HDR/ HTTP/1.1" 204 0 nbutest1@hs3 25
172.19.22.140 - hcpnbu [25/May/2016:16:05:43 -0600] "DELETE /nub4/saturn.dpdenverlab.local_1464210434_C1_F1/IMAGE_PROPERTIES HTTP/1.1" 204 0 nbutest1@hs3 12
172.19.22.138 - hcpnbu [25/May/2016:16:05:41 -0600] "PUT /nbu2/apollo.dpdenverlab.local_1464210431_C1_F1/11 HTTP/1.1" 503 265 nbutest1@hs3 6049
172.19.22.140 - hcpnbu [25/May/2016:16:05:48 -0600] "GET /nub4/?prefix=saturn.dpdenverlab.local_1464210434_C1_F1/REFERENCES/ HTTP/1.1" 200 299 nbutest1@hs3 26
172.19.22.140 - hcpnbu [25/May/2016:16:05:52 -0600] "HEAD /nub4/ HTTP/1.1" 200 0 nbutest1@hs3 1
172.19.22.140 - hcpnbu [25/May/2016:16:05:57 -0600] "GET /nub4/?prefix=saturn.dpdenverlab.local_1464210434_C1_HDR/REFERENCES/ HTTP/1.1" 200 300 nbutest1@hs3 31
172.19.22.139 - hcpnbu [25/May/2016:16:05:59 -0600] "PUT /nbu3/athene.dpdenverlab.local_1464210458_C1_F1/13 HTTP/1.1" 409 266 nbutest1@hs3 24
172.19.22.140 - hcpnbu [25/May/2016:16:06:01 -0600] "HEAD /nbu1/ HTTP/1.1" 200 0 nbutest1@hs3 1
172.19.22.138 - hcpnbu [25/May/2016:16:05:56 -0600] "PUT /nbu2/apollo.dpdenverlab.local_1464210431_C1_F1/11 HTTP/1.1" 503 265 nbutest1@hs3 6049
172.19.22.139 - hcpnbu [25/May/2016:16:06:03 -0600] "PUT /nbu3/athene.dpdenverlab.local_1464210458_C1_F1/13 HTTP/1.1" 409 266 nbutest1@hs3 33
172.19.22.139 - hcpnbu [25/May/2016:16:06:09 -0600] "PUT /nbu3/athene.dpdenverlab.local_1464210458_C1_F1/13 HTTP/1.1" 409 266 nbutest1@hs3 33
172.19.22.138 - hcpnbu [25/May/2016:16:06:10 -0600] "GET /nbu2/apollo.dpdenverlab.local_1464210423_C1_F1/BLOCK_MAP_FILE HTTP/1.1" 200 550 nbutest1@hs3 3395
172.19.22.140 - hcpnbu [25/May/2016:16:06:16 -0600] "GET /nbu2/?location HTTP/1.1" 200 124 nbutest1@hs3 5
172.19.22.139 - hcpnbu [25/May/2016:16:06:17 -0600] "PUT /nbu3/athene.dpdenverlab.local_1464210458_C1_F1/13 HTTP/1.1" 409 266 nbutest1@hs3 23
172.19.22.138 - hcpnbu [25/May/2016:16:06:18 -0600] "PUT /nbu2/apollo.dpdenverlab.local_1464210431_C1_F1/11 HTTP/1.1" 200 0 nbutest1@hs3 4262
172.19.22.138 - hcpnbu [25/May/2016:16:06:28 -0600] "DELETE /nbu2/apollo.dpdenverlab.local_1464210423_C1_HDR/ HTTP/1.1" 204 0 nbutest1@hs3 22
172.19.22.138 - hcpnbu [25/May/2016:16:06:24 -0600] "PUT /nbu2/apollo.dpdenverlab.local_1464210431_C1_F1/19 HTTP/1.1" 200 0 nbutest1@hs3 5188
172.19.22.139 - hcpnbu [25/May/2016:16:06:34 -0600] "PUT /nbu3/athene.dpdenverlab.local_1464210458_C1_F1/13 HTTP/1.1" 409 228 nbutest1@hs3 3
172.19.22.138 - hcpnbu [25/May/2016:16:06:38 -0600] "HEAD /nbu2/ HTTP/1.1" 200 0 nbutest1@hs3 2
172.19.22.138 - hcpnbu [25/May/2016:16:06:42 -0600] "PUT /nbu2/apollo.dpdenverlab.local_1464210413_C1_F1/19 HTTP/1.1" 409 266 nbutest1@hs3 24
172.19.22.139 - hcpnbu [25/May/2016:16:06:56 -0600] "PUT /nbu3/athene.dpdenverlab.local_1464210472_C1_F1/14 HTTP/1.1" 503 265 nbutest1@hs3 6051
172.19.22.140 - hcpnbu [25/May/2016:16:07:02 -0600] "PUT /nub4/saturn.dpdenverlab.local_1464210447_C1_F1/13 HTTP/1.1" 409 266 nbutest1@hs3 5
172.19.22.138 - hcpnbu [25/May/2016:15:54:34 -0600] "PUT /nbu2/apollo.dpdenverlab.local_1464210413_C1_F1/17 HTTP/1.1" 200 0 nbutest1@hs3 749393
172.19.22.140 - hcpnbu [25/May/2016:15:51:59 -0600] "PUT /nub4/saturn.dpdenverlab.local_1464210447_C1_F1/13 HTTP/1.1" 200 0 nbutest1@hs3 904669
172.19.22.139 - hcpnbu [25/May/2016:16:07:06 -0600] "PUT /nbu3/athene.dpdenverlab.local_1464210458_C1_F1/13 HTTP/1.1" 409 228 nbutest1@hs3 3
172.19.22.140 - hcpnbu [25/May/2016:16:07:06 -0600] "PUT /nub4/saturn.dpdenverlab.local_1464210447_C1_F1/13 HTTP/1.1" 409 228 nbutest1@hs3 3
172.19.22.140 - hcpnbu [25/May/2016:16:07:09 -0600] "PUT /nub4/saturn.dpdenverlab.local_1464210447_C1_F1/13 HTTP/1.1" 409 228 nbutest1@hs3 4
172.19.22.140 - hcpnbu [25/May/2016:16:07:15 -0600] "GET / HTTP/1.1" 200 612 nbutest1@hs3 21
172.19.22.140 - hcpnbu [25/May/2016:16:07:20 -0600] "PUT /nub4/saturn.dpdenverlab.local_1464210447_C1_F1/13 HTTP/1.1" 409 228 nbutest1@hs3 4
172.19.22.137 - hcpnbu [25/May/2016:16:07:24 -0600] "GET /nbu1/?prefix=zeus.dpdenverlab.local_1464210392_C1_F1/REFERENCES/ HTTP/1.1" 200 297 nbutest1@hs3 23
172.19.22.140 - hcpnbu [25/May/2016:16:07:35 -0600] "DELETE /nub4/saturn.dpdenverlab.local_1464210443_C1_F1/BLOCK_MAP_FILE HTTP/1.1" 204 0 nbutest1@hs3 3
172.19.22.140 - hcpnbu [25/May/2016:16:07:38 -0600] "PUT /nub4/saturn.dpdenverlab.local_1464210447_C1_F1/13 HTTP/1.1" 409 228 nbutest1@hs3 3
172.19.22.137 - hcpnbu [25/May/2016:15:54:44 -0600] "PUT /nbu1/zeus.dpdenverlab.local_1464210387_C1_F1/22 HTTP/1.1" 200 0 nbutest1@hs3 785449
172.19.22.138 - hcpnbu [25/May/2016:16:07:52 -0600] "PUT /nbu2/apollo.dpdenverlab.local_1464210419_C1_F1/23 HTTP/1.1" 409 266 nbutest1@hs3 20
172.19.22.138 - hcpnbu [25/May/2016:16:07:54 -0600] "PUT /nbu2/apollo.dpdenverlab.local_1464210419_C1_F1/23 HTTP/1.1" 409 228 nbutest1@hs3 3
172.19.22.137 - hcpnbu [25/May/2016:16:07:51 -0600] "PUT /nbu1/zeus.dpdenverlab.local_1464210387_C1_F1/25 HTTP/1.1" 200 0 nbutest1@hs3 4152
172.19.22.138 - hcpnbu [25/May/2016:16:07:59 -0600] "PUT /nbu2/apollo.dpdenverlab.local_1464210419_C1_F1/23 HTTP/1.1" 409 228 nbutest1@hs3 3
172.19.22.137 - hcpnbu [25/May/2016:16:07:56 -0600] "PUT /nbu1/zeus.dpdenverlab.local_1464210387_C1_F1/26 HTTP/1.1" 200 0 nbutest1@hs3 5084
172.19.22.137 - hcpnbu [25/May/2016:16:08:01 -0600] "GET /nbu1/zeus.dpdenverlab.local_1464210392_C1_HDR/BLOCK_MAP_FILE HTTP/1.1" 200 11 nbutest1@hs3 10
172.19.22.139 - hcpnbu [25/May/2016:16:08:04 -0600] "PUT /nbu3/athene.dpdenverlab.local_1464210458_C1_F1/13 HTTP/1.1" 409 228 nbutest1@hs3 4
172.19.22.139 - hcpnbu [25/May/2016:15:57:32 -0600] "PUT /nbu3/athene.dpdenverlab.local_1464210458_C1_F1/4 HTTP/1.1" 503 265 nbutest1@hs3 632747
172.19.22.139 - hcpnbu [25/May/2016:16:08:06 -0600] "PUT /nbu3/athene.dpdenverlab.local_1464210472_C1_F1/15 HTTP/1.1" 409 266 nbutest1@hs3 27
172.19.22.137 - hcpnbu [25/May/2016:16:08:02 -0600] "PUT /nbu1/zeus.dpdenverlab.local_1464210387_C1_F1/27 HTTP/1.1" 200 0 nbutest1@hs3 5177
172.19.22.138 - hcpnbu [25/May/2016:16:08:09 -0600] "PUT /nbu2/apollo.dpdenverlab.local_1464210419_C1_F1/23 HTTP/1.1" 409 228 nbutest1@hs3 3
172.19.22.139 - hcpnbu [25/May/2016:16:08:09 -0600] "PUT /nbu3/athene.dpdenverlab.local_1464210472_C1_F1/15 HTTP/1.1" 409 266 nbutest1@hs3 27
172.19.22.138 - hcpnbu [25/May/2016:16:08:10 -0600] "GET /nbu1/?location HTTP/1.1" 200 124 nbutest1@hs3 5
172.19.22.140 - hcpnbu [25/May/2016:16:08:10 -0600] "PUT /nub4/saturn.dpdenverlab.local_1464210447_C1_F1/13 HTTP/1.1" 409 228 nbutest1@hs3 3
172.19.22.137 - hcpnbu [25/May/2016:16:08:08 -0600] "PUT /nbu1/zeus.dpdenverlab.local_1464210387_C1_F1/28 HTTP/1.1" 200 0 nbutest1@hs3 5069
172.19.22.138 - hcpnbu [25/May/2016:16:08:15 -0600] "HEAD /nbu1/zeus.dpdenverlab.local_1464210392_C1_HDR/IMAGE_PROPERTIES HTTP/1.1" 404 0 nbutest1@hs3 3
172.19.22.140 - hcpnbu [25/May/2016:16:08:19 -0600] "PUT /nub4/saturn.dpdenverlab.local_1464210455_C1_F1/20 HTTP/1.1" 409 266 nbutest1@hs3 22
172.19.22.138 - hcpnbu [25/May/2016:16:08:26 -0600] "PUT /nbu2/apollo.dpdenverlab.local_1464210419_C1_F1/23 HTTP/1.1" 409 228 nbutest1@hs3 3
172.19.22.140 - hcpnbu [25/May/2016:15:56:18 -0600] "PUT /nub4/saturn.dpdenverlab.local_1464210435_C1_F1/20 HTTP/1.1" 200 0 nbutest1@hs3 731628
172.19.22.140 - hcpnbu [25/May/2016:16:08:32 -0600] "GET /nub4/?prefix=saturn.dpdenverlab.local_1464210443_C1_HDR/REFERENCES/ HTTP/1.1" 200 300 nbutest1@hs3 25
172.19.22.140 - hcpnbu [25/May/2016:16:08:31 -0600] "PUT /nub4/saturn.dpdenverlab.local_1464210435_C1_F1/23 HTTP/1.1" 503 265 nbutest1@hs3 6066
172.19.22.137 - hcpnbu [25/May/2016:15:54:47 -0600] "PUT /nbu1/zeus.dpdenverlab.local_1464210386_C1_F1/24 HTTP/1.1" 200 0 nbutest1@hs3 839088
172.19.22.138 - hcpnbu [25/May/2016:16:08:48 -0600] "HEAD /nub4/saturn.dpdenverlab.local_1464210443_C1_HDR/IMAGE_PROPERTIES HTTP/1.1" 404 0 nbutest1@hs3 3
172.19.22.137 - hcpnbu [25/May/2016:15:56:17 -0600] "PUT /nbu1/zeus.dpdenverlab.local_1464210397_C1_F1/31 HTTP/1.1" 200 0 nbutest1@hs3 754693
172.19.22.137 - hcpnbu [25/May/2016:16:08:47 -0600] "PUT /nbu1/zeus.dpdenverlab.local_1464210386_C1_F1/28 HTTP/1.1" 503 265 nbutest1@hs3 6073
172.19.22.139 - hcpnbu [25/May/2016:16:08:55 -0600] "DELETE /nbu3/athene.dpdenverlab.local_1464210458_C1_F1/ HTTP/1.1" 204 0 nbutest1@hs3 10
172.19.22.138 - hcpnbu [25/May/2016:16:08:59 -0600] "PUT /nbu2/apollo.dpdenverlab.local_1464210419_C1_F1/23 HTTP/1.1" 409 228 nbutest1@hs3 3
172.19.22.138 - hcpnbu [25/May/2016:16:08:59 -0600] "PUT /nbu2/apollo.dpdenverlab.local_1464210419_C1_F1/24 HTTP/1.1" 503 265 nbutest1@hs3 6072
172.19.22.137 - hcpnbu [25/May/2016:15:57:34 -0600] "PUT /nbu1/zeus.dpdenverlab.local_1464210386_C1_F1/25 HTTP/1.1" 200 0 nbutest1@hs3 692468
172.19.22.140 - hcpnbu [25/May/2016:16:09:09 -0600] "PUT /nub4/saturn.dpdenverlab.local_1464210447_C1_F1/13 HTTP/1.1" 409 228 nbutest1@hs3 3
172.19.22.139 - hcpnbu [25/May/2016:16:09:09 -0600] "PUT /nbu3/athene.dpdenverlab.local_1464210472_C1_F1/20 HTTP/1.1" 409 228 nbutest1@hs3 3
172.19.22.140 - hcpnbu [25/May/2016:16:02:06 -0600] "PUT /nub4/saturn.dpdenverlab.local_1464210447_C1_F1/16 HTTP/1.1" 503 265 nbutest1@hs3 425618
172.19.22.139 - hcpnbu [25/May/2016:16:09:13 -0600] "PUT /nbu3/athene.dpdenverlab.local_1464210472_C1_F1/20 HTTP/1.1" 409 228 nbutest1@hs3 3
172.19.22.137 - hcpnbu [25/May/2016:16:09:07 -0600] "PUT /nbu1/zeus.dpdenverlab.local_1464210386_C1_F1/29 HTTP/1.1" 503 265 nbutest1@hs3 6089
172.19.22.140 - hcpnbu [25/May/2016:15:56:39 -0600] "PUT /nub4/saturn.dpdenverlab.local_1464210447_C1_F1/9 HTTP/1.1" 503 265 nbutest1@hs3 754600
172.19.22.137 - hcpnbu [25/May/2016:16:09:15 -0600] "DELETE /nbu1/zeus.dpdenverlab.local_1464210391_C1_F1/IMAGE_PROPERTIES HTTP/1.1" 204 0 nbutest1@hs3 11
172.19.22.139 - hcpnbu [25/May/2016:16:09:17 -0600] "GET /nbu3/?prefix=athene.dpdenverlab.local_1464210458_C1_HDR/ HTTP/1.1" 200 1601 nbutest1@hs3 31
172.19.22.139 - hcpnbu [25/May/2016:16:09:19 -0600] "PUT /nbu3/athene.dpdenverlab.local_1464210472_C1_F1/20 HTTP/1.1" 409 228 nbutest1@hs3 3
172.19.22.140 - hcpnbu [25/May/2016:15:56:00 -0600] "PUT /nub4/saturn.dpdenverlab.local_1464210447_C1_F1/4 HTTP/1.1" 200 0 nbutest1@hs3 804103
172.19.22.138 - hcpnbu [25/May/2016:16:09:26 -0600] "GET / HTTP/1.1" 200 612 nbutest1@hs3 19
172.19.22.139 - hcpnbu [25/May/2016:16:09:27 -0600] "PUT /nbu3/athene.dpdenverlab.local_1464210472_C1_F1/20 HTTP/1.1" 409 228 nbutest1@hs3 4
172.19.22.140 - hcpnbu [25/May/2016:15:55:52 -0600] "PUT /nub4/saturn.dpdenverlab.local_1464210435_C1_F1/19 HTTP/1.1" 200 0 nbutest1@hs3 816231
172.19.22.140 - hcpnbu [25/May/2016:16:09:32 -0600] "HEAD /nbu3/ HTTP/1.1" 200 0 nbutest1@hs3 2
172.19.22.137 - hcpnbu [25/May/2016:16:09:36 -0600] "GET /nbu1/?prefix=zeus.dpdenverlab.local_1464210391_C1_HDR/REFERENCES/ HTTP/1.1" 200 298 nbutest1@hs3 30
172.19.22.139 - hcpnbu [25/May/2016:15:56:05 -0600] "PUT /nbu3/athene.dpdenverlab.local_1464210461_C1_F1/2 HTTP/1.1" 200 0 nbutest1@hs3 815237
172.19.22.139 - hcpnbu [25/May/2016:15:54:41 -0600] "PUT /nbu3/athene.dpdenverlab.local_1464210461_C1_F1/11 HTTP/1.1" 503 0 nbutest1@hs3 902228
172.19.22.139 - hcpnbu [25/May/2016:16:09:44 -0600] "PUT /nbu3/athene.dpdenverlab.local_1464210472_C1_F1/20 HTTP/1.1" 409 228 nbutest1@hs3 3
172.19.22.137 - hcpnbu [25/May/2016:16:09:45 -0600] "PUT /nbu1/zeus.dpdenverlab.local_1464210402_C1_F1/29 HTTP/1.1" 409 266 nbutest1@hs3 19
172.19.22.138 - hcpnbu [25/May/2016:16:09:46 -0600] "GET / HTTP/1.1" 200 612 nbutest1@hs3 14
172.19.22.138 - hcpnbu [25/May/2016:16:09:49 -0600] "HEAD /nub4/saturn.dpdenverlab.local_1464210447_C1_F1/IMAGE_PROPERTIES HTTP/1.1" 404 0 nbutest1@hs3 3
172.19.22.139 - hcpnbu [25/May/2016:16:09:52 -0600] "HEAD /nbu1/zeus.dpdenverlab.local_1464210391_C1_HDR/IMAGE_PROPERTIES HTTP/1.1" 404 0 nbutest1@hs3 3
172.19.22.138 - hcpnbu [25/May/2016:16:09:57 -0600] "PUT /nbu2/apollo.dpdenverlab.local_1464210419_C1_F1/23 HTTP/1.1" 409 228 nbutest1@hs3 3
172.19.22.138 - hcpnbu [25/May/2016:16:09:09 -0600] "PUT /nbu2/apollo.dpdenverlab.local_1464210419_C1_F1/24 HTTP/1.1" 503 0 nbutest1@hs3 49162
172.19.22.139 - hcpnbu [25/May/2016:16:09:59 -0600] "DELETE /nbu3/athene.dpdenverlab.local_1464210479_C1_F1/BLOCK_MAP_FILE HTTP/1.1" 204 0 nbutest1@hs3 3
172.19.22.139 - hcpnbu [25/May/2016:15:58:43 -0600] "PUT /nbu3/athene.dpdenverlab.local_1464210461_C1_F1/4 HTTP/1.1" 200 0 nbutest1@hs3 679623
172.19.22.138 - hcpnbu [25/May/2016:15:56:33 -0600] "PUT /nbu2/apollo.dpdenverlab.local_1464210413_C1_F1/8 HTTP/1.1" 200 0 nbutest1@hs3 813104
172.19.22.138 - hcpnbu [25/May/2016:16:10:09 -0600] "DELETE /nbu2/apollo.dpdenverlab.local_1464210419_C1_F1/IMAGE_PROPERTIES HTTP/1.1" 204 0 nbutest1@hs3 12
172.19.22.138 - hcpnbu [25/May/2016:16:10:08 -0600] "PUT /nbu2/apollo.dpdenverlab.local_1464210413_C1_F1/21 HTTP/1.1" 503 265 nbutest1@hs3 6071
172.19.22.138 - hcpnbu [25/May/2016:15:56:08 -0600] "PUT /nbu2/apollo.dpdenverlab.local_1464210413_C1_F1/4 HTTP/1.1" 200 0 nbutest1@hs3 846636
172.19.22.139 - hcpnbu [25/May/2016:16:10:17 -0600] "PUT /nbu3/athene.dpdenverlab.local_1464210472_C1_F1/20 HTTP/1.1" 409 228 nbutest1@hs3 4
172.19.22.138 - hcpnbu [25/May/2016:16:10:22 -0600] "HEAD /nbu2/apollo.dpdenverlab.local_1464210429_C1_F1/IMAGE_PROPERTIES HTTP/1.1" 200 0 nbutest1@hs3 6
172.19.22.138 - hcpnbu [25/May/2016:16:10:16 -0600] "PUT /nbu2/apollo.dpdenverlab.local_1464210413_C1_F1/21 HTTP/1.1" 503 265 nbutest1@hs3 6073
172.19.22.140 - hcpnbu [25/May/2016:16:10:31 -0600] "HEAD /nbu3/ HTTP/1.1" 200 0 nbutest1@hs3 2
172.19.22.139 - hcpnbu [25/May/2016:15:58:14 -0600] "PUT /nbu3/athene.dpdenverlab.local_1464210461_C1_F1/7 HTTP/1.1" 200 0 nbutest1@hs3 740077
172.19.22.139 - hcpnbu [25/May/2016:16:10:36 -0600] "PUT /nbu3/athene.dpdenverlab.local_1464210461_C1_F1/14 HTTP/1.1" 503 265 nbutest1@hs3 6074
172.19.22.139 - hcpnbu [25/May/2016:16:10:44 -0600] "GET /nbu3/athene.dpdenverlab.local_1464210479_C1_HDR/BLOCK_MAP_FILE HTTP/1.1" 200 11 nbutest1@hs3 9
172.19.22.140 - hcpnbu [25/May/2016:16:10:49 -0600] "DELETE /nub4/saturn.dpdenverlab.local_1464210457_C1_F1/IMAGE_PROPERTIES HTTP/1.1" 204 0 nbutest1@hs3 11
172.19.22.138 - hcpnbu [25/May/2016:16:10:52 -0600] "GET / HTTP/1.1" 200 612 nbutest1@hs3 21
172.19.22.140 - hcpnbu [25/May/2016:16:10:54 -0600] "GET /nub4/?prefix=saturn.dpdenverlab.local_1464210457_C1_F1/REFERENCES/ HTTP/1.1" 200 299 nbutest1@hs3 26
172.19.22.138 - hcpnbu [25/May/2016:16:10:57 -0600] "HEAD /nbu3/athene.dpdenverlab.local_1464210479_C1_F1/IMAGE_PROPERTIES HTTP/1.1" 404 0 nbutest1@hs3 3
172.19.22.140 - hcpnbu [25/May/2016:16:11:00 -0600] "GET /nbu1/?location HTTP/1.1" 200 124 nbutest1@hs3 20
172.19.22.138 - hcpnbu [25/May/2016:16:11:05 -0600] "HEAD /nbu2/apollo.dpdenverlab.local_1464210419_C1_F1/IMAGE_PROPERTIES HTTP/1.1" 200 0 nbutest1@hs3 6
172.19.22.140 - hcpnbu [25/May/2016:16:11:08 -0600] "GET /nub4/saturn.dpdenverlab.local_1464210457_C1_HDR/BLOCK_MAP_FILE HTTP/1.1" 200 11 nbutest1@hs3 8
172.19.22.137 - hcpnbu [25/May/2016:16:11:11 -0600] "DELETE /nbu1/zeus.dpdenverlab.local_1464210398_C1_F1/BLOCK_MAP_FILE HTTP/1.1" 204 0 nbutest1@hs3 3
172.19.22.140 - hcpnbu [25/May/2016:16:11:14 -0600] "GET / HTTP/1.1" 200 612 nbutest1@hs3 19
172.19.22.139 - hcpnbu [25/May/2016:16:11:16 -0600] "PUT /nbu3/athene.dpdenverlab.local_1464210472_C1_F1/20 HTTP/1.1" 409 228 nbutest1@hs3 3
172.19.22.139 - hcpnbu [25/May/2016:16:11:17 -0600] "HEAD /nbu3/athene.dpdenverlab.local_1464210472_C1_F1/IMAGE_PROPERTIES HTTP/1.1" 200 0 nbutest1@hs3 5
172.19.22.138 - hcpnbu [25/May/2016:16:11:19 -0600] "DELETE /nbu2/apollo.dpdenverlab.local_1464210419_C1_F1/ HTTP/1.1" 204 0 nbutest1@hs3 9
172.19.22.140 - hcpnbu [25/May/2016:16:11:21 -0600] "HEAD /nub4/ HTTP/1.1" 200 0 nbutest1@hs3 2
172.19.22.137 - hcpnbu [25/May/2016:16:00:26 -0600] "PUT /nbu1/zeus.dpdenverlab.local_1464210386_C1_F1/26 HTTP/1.1" 200 0 nbutest1@hs3 659958
172.19.22.138 - hcpnbu [25/May/2016:16:11:26 -0600] "DELETE /nbu2/apollo.dpdenverlab.local_1464210419_C1_HDR/ HTTP/1.1" 204 0 nbutest1@hs3 282
172.19.22.139 - hcpnbu [25/May/2016:16:07:05 -0600] "PUT /nbu3/athene.dpdenverlab.local_1464210472_C1_F1/14 HTTP/1.1" 503 265 nbutest1@hs3 264287
172.19.22.138 - hcpnbu [25/May/2016:16:11:32 -0600] "HEAD /nbu2/apollo.dpdenverlab.local_1464210428_C1_F1/IMAGE_PROPERTIES HTTP/1.1" 200 0 nbutest1@hs3 6
172.19.22.137 - hcpnbu [25/May/2016:16:11:36 -0600] "HEAD /nbu1/zeus.dpdenverlab.local_1464210403_C1_F1/IMAGE_PROPERTIES HTTP/1.1" 200 0 nbutest1@hs3 6
172.19.22.138 - hcpnbu [25/May/2016:16:11:35 -0600] "PUT /nbu2/apollo.dpdenverlab.local_1464210422_C1_F1/IMAGE_PROPERTIES HTTP/1.1" 503 265 nbutest1@hs3 6082
172.19.22.138 - hcpnbu [25/May/2016:16:11:42 -0600] "GET /nbu2/?prefix=apollo.dpdenverlab.local_1464210428_C1_F1/ HTTP/1.1" 200 9465 nbutest1@hs3 36
172.19.22.138 - hcpnbu [25/May/2016:16:11:49 -0600] "DELETE /nbu2/apollo.dpdenverlab.local_1464210428_C1_F1/ HTTP/1.1" 204 0 nbutest1@hs3 11
172.19.22.137 - hcpnbu [25/May/2016:16:11:30 -0600] "PUT /nbu1/zeus.dpdenverlab.local_1464210398_C1_F1/IMAGE_PROPERTIES HTTP/1.1" 200 0 nbutest1@hs3 21001
172.19.22.140 - hcpnbu [25/May/2016:16:11:52 -0600] "HEAD /nub4/saturn.dpdenverlab.local_1464210448_C1_F1/IMAGE_PROPERTIES HTTP/1.1" 200 0 nbutest1@hs3 5
172.19.22.137 - hcpnbu [25/May/2016:16:11:56 -0600] "GET /nbu1/?prefix=zeus.dpdenverlab.local_1464210403_C1_F1/ HTTP/1.1" 200 6799 nbutest1@hs3 36
172.19.22.137 - hcpnbu [25/May/2016:16:00:40 -0600] "PUT /nbu1/zeus.dpdenverlab.local_1464210387_C1_F1/24 HTTP/1.1" 200 0 nbutest1@hs3 680466
172.19.22.139 - hcpnbu [25/May/2016:16:12:03 -0600] "HEAD /nbu2/apollo.dpdenverlab.local_1464210428_C1_F1/IMAGE_PROPERTIES HTTP/1.1" 404 0 nbutest1@hs3 3
172.19.22.139 - hcpnbu [25/May/2016:16:12:05 -0600] "HEAD /nbu2/ HTTP/1.1" 200 0 nbutest1@hs3 2
172.19.22.139 - hcpnbu [25/May/2016:16:12:01 -0600] "PUT /nbu3/athene.dpdenverlab.local_1464210462_C1_F1/IMAGE_PROPERTIES HTTP/1.1" 503 265 nbutest1@hs3 6061
172.19.22.137 - hcpnbu [25/May/2016:16:12:02 -0600] "PUT /nbu1/zeus.dpdenverlab.local_1464210387_C1_F1/30 HTTP/1.1" 503 265 nbutest1@hs3 6064
172.19.22.138 - hcpnbu [25/May/2016:16:11:43 -0600] "PUT /nbu2/apollo.dpdenverlab.local_1464210422_C1_F1/IMAGE_PROPERTIES HTTP/1.1" 200 0 nbutest1@hs3 29852
172.19.22.140 - hcpnbu [25/May/2016:16:12:14 -0600] "DELETE /nub4/saturn.dpdenverlab.local_1464210448_C1_F1/IMAGE_PROPERTIES HTTP/1.1" 204 0 nbutest1@hs3 11
172.19.22.138 - hcpnbu [25/May/2016:16:12:16 -0600] "GET /nbu2/apollo.dpdenverlab.local_1464210417_C1_F1/BLOCK_MAP_FILE HTTP/1.1" 200 914 nbutest1@hs3 8
172.19.22.140 - hcpnbu [25/May/2016:16:12:16 -0600] "HEAD /nbu2/ HTTP/1.1" 200 0 nbutest1@hs3 1
172.19.22.139 - hcpnbu [25/May/2016:16:12:10 -0600] "PUT /nbu3/athene.dpdenverlab.local_1464210462_C1_F1/IMAGE_PROPERTIES HTTP/1.1" 503 265 nbutest1@hs3 6063
172.19.22.137 - hcpnbu [25/May/2016:16:02:38 -0600] "PUT /nbu1/zeus.dpdenverlab.local_1464210387_C1_F1/21 HTTP/1.1" 200 0 nbutest1@hs3 578674
172.19.22.137 - hcpnbu [25/May/2016:16:11:27 -0600] "PUT /nbu1/zeus.dpdenverlab.local_1464210386_C1_F1/31 HTTP/1.1" 503 265 nbutest1@hs3 51850
172.19.22.138 - hcpnbu [25/May/2016:16:12:19 -0600] "HEAD /nbu1/zeus.dpdenverlab.local_1464210398_C1_F1/IMAGE_PROPERTIES HTTP/1.1" 404 0 nbutest1@hs3 2
172.19.22.138 - hcpnbu [25/May/2016:16:06:46 -0600] "PUT /nbu2/apollo.dpdenverlab.local_1464210413_C1_F1/19 HTTP/1.1" 200 0 nbutest1@hs3 334914
172.19.22.140 - hcpnbu [25/May/2016:16:12:22 -0600] "GET /nub4/?prefix=saturn.dpdenverlab.local_1464210448_C1_F1/REFERENCES/ HTTP/1.1" 200 299 nbutest1@hs3 23
172.19.22.139 - hcpnbu [25/May/2016:16:12:21 -0600] "PUT /nbu3/athene.dpdenverlab.local_1464210462_C1_F1/IMAGE_PROPERTIES HTTP/1.1" 200 0 nbutest1@hs3 1306
