172.19.22.140 - hcpnbu [25/May/2016:15:12:00 -0600] "PUT /nub4/saturn.dpdenverlab.local_1464210453_C1_F1/IMAGE_PROPERTIES HTTP/1.1" 503 265 nbutest1@hs3 6104
172.19.22.139 - hcpnbu [25/May/2016:15:12:01 -0600] "PUT /nbu3/athene.dpdenverlab.local_1464210466_C1_F1/1 HTTP/1.1" 503 265 nbutest1@hs3 6048
172.19.22.137 - hcpnbu [25/May/2016:15:10:57 -0600] "PUT /nbu1/zeus.dpdenverlab.local_1464210403_C1_F1/9 HTTP/1.1" 503 265 nbutest1@hs3 70238
172.19.22.137 - hcpnbu [25/May/2016:15:10:56 -0600] "PUT /nbu1/zeus.dpdenverlab.local_1464210403_C1_F1/8 HTTP/1.1" 503 265 nbutest1@hs3 72476
172.19.22.139 - hcpnbu [25/May/2016:15:12:04 -0600] "PUT /nbu3/athene.dpdenverlab.local_1464210466_C1_F1/2 HTTP/1.1" 503 265 nbutest1@hs3 6045
172.19.22.137 - hcpnbu [25/May/2016:15:10:58 -0600] "PUT /nbu1/zeus.dpdenverlab.local_1464210403_C1_F1/10 HTTP/1.1" 503 265 nbutest1@hs3 71494
172.19.22.139 - hcpnbu [25/May/2016:15:12:06 -0600] "PUT /nbu3/athene.dpdenverlab.local_1464210466_C1_F1/0 HTTP/1.1" 503 265 nbutest1@hs3 6047
172.19.22.140 - hcpnbu [25/May/2016:15:12:14 -0600] "GET / HTTP/1.1" 200 612 nbutest1@hs3 18
172.19.22.137 - hcpnbu [25/May/2016:15:12:12 -0600] "PUT /nbu1/zeus.dpdenverlab.local_1464210403_C1_F1/8 HTTP/1.1" 503 265 nbutest1@hs3 4062
172.19.22.137 - hcpnbu [25/May/2016:15:12:13 -0600] "PUT /nbu1/zeus.dpdenverlab.local_1464210403_C1_F1/10 HTTP/1.1" 503 265 nbutest1@hs3 3060
172.19.22.139 - hcpnbu [25/May/2016:15:12:10 -0600] "PUT /nbu3/athene.dpdenverlab.local_1464210466_C1_F1/1 HTTP/1.1" 503 265 nbutest1@hs3 6046
172.19.22.137 - hcpnbu [25/May/2016:15:12:11 -0600] "PUT /nbu1/zeus.dpdenverlab.local_1464210403_C1_F1/9 HTTP/1.1" 503 265 nbutest1@hs3 6040
172.19.22.140 - hcpnbu [25/May/2016:15:12:11 -0600] "PUT /nub4/saturn.dpdenverlab.local_1464210453_C1_F1/IMAGE_PROPERTIES HTTP/1.1" 503 265 nbutest1@hs3 6044
172.19.22.138 - hcpnbu [25/May/2016:15:11:14 -0600] "PUT /nbu2/apollo.dpdenverlab.local_1464210423_C1_F1/2 HTTP/1.1" 200 0 nbutest1@hs3 67823
172.19.22.140 - hcpnbu [25/May/2016:15:11:15 -0600] "PUT /nub4/saturn.dpdenverlab.local_1464210434_C1_F1/3 HTTP/1.1" 200 0 nbutest1@hs3 67247
172.19.22.139 - hcpnbu [25/May/2016:15:12:15 -0600] "PUT /nbu3/athene.dpdenverlab.local_1464210466_C1_F1/2 HTTP/1.1" 200 0 nbutest1@hs3 7745
172.19.22.139 - hcpnbu [25/May/2016:15:12:26 -0600] "HEAD /nbu3/athene.dpdenverlab.local_1464210474_C1_F1/IMAGE_PROPERTIES HTTP/1.1" 200 0 nbutest1@hs3 6
172.19.22.137 - hcpnbu [25/May/2016:15:12:22 -0600] "PUT /nbu1/zeus.dpdenverlab.local_1464210403_C1_F1/9 HTTP/1.1" 200 0 nbutest1@hs3 4654
172.19.22.140 - hcpnbu [25/May/2016:15:11:48 -0600] "PUT /nub4/saturn.dpdenverlab.local_1464210438_C1_F1/IMAGE_PROPERTIES HTTP/1.1" 200 0 nbutest1@hs3 39004
172.19.22.139 - hcpnbu [25/May/2016:15:11:46 -0600] "PUT /nbu3/athene.dpdenverlab.local_1464210467_C1_HDR/IMAGE_PROPERTIES HTTP/1.1" 200 0 nbutest1@hs3 40426
172.19.22.140 - hcpnbu [25/May/2016:15:11:44 -0600] "PUT /nub4/saturn.dpdenverlab.local_1464210452_C1_F1/IMAGE_PROPERTIES HTTP/1.1" 200 0 nbutest1@hs3 43227
172.19.22.138 - hcpnbu [25/May/2016:15:12:23 -0600] "PUT /nbu2/apollo.dpdenverlab.local_1464210423_C1_F1/4 HTTP/1.1" 200 0 nbutest1@hs3 4296
172.19.22.140 - hcpnbu [25/May/2016:15:12:23 -0600] "PUT /nub4/saturn.dpdenverlab.local_1464210434_C1_F1/4 HTTP/1.1" 200 0 nbutest1@hs3 4446
172.19.22.139 - hcpnbu [25/May/2016:15:12:29 -0600] "DELETE /nbu3/athene.dpdenverlab.local_1464210460_C1_F1/IMAGE_PROPERTIES HTTP/1.1" 204 0 nbutest1@hs3 3
172.19.22.140 - hcpnbu [25/May/2016:15:12:31 -0600] "GET /nbu3/?location HTTP/1.1" 200 124 nbutest1@hs3 4
172.19.22.139 - hcpnbu [25/May/2016:15:12:32 -0600] "HEAD /nbu3/athene.dpdenverlab.local_1464210478_C1_F1/IMAGE_PROPERTIES HTTP/1.1" 200 0 nbutest1@hs3 6
172.19.22.140 - hcpnbu [25/May/2016:15:12:29 -0600] "PUT /nub4/saturn.dpdenverlab.local_1464210434_C1_F1/5 HTTP/1.1" 200 0 nbutest1@hs3 4566
172.19.22.140 - hcpnbu [25/May/2016:15:12:34 -0600] "PUT /nub4/saturn.dpdenverlab.local_1464210434_C1_F1/6 HTTP/1.1" 200 0 nbutest1@hs3 5162
172.19.22.140 - hcpnbu [25/May/2016:15:12:52 -0600] "HEAD /nub4/ HTTP/1.1" 200 0 nbutest1@hs3 2
172.19.22.140 - hcpnbu [25/May/2016:15:12:26 -0600] "PUT /nub4/saturn.dpdenverlab.local_1464210453_C1_F1/IMAGE_PROPERTIES HTTP/1.1" 503 265 nbutest1@hs3 51079
172.19.22.137 - hcpnbu [25/May/2016:15:10:48 -0600] "PUT /nbu1/zeus.dpdenverlab.local_1464210403_C1_F1/4 HTTP/1.1" 200 0 nbutest1@hs3 170492
172.19.22.139 - hcpnbu [25/May/2016:15:13:29 -0600] "PUT /nbu3/athene.dpdenverlab.local_1464210479_C1_HDR/IMAGE_PROPERTIES HTTP/1.1" 503 265 nbutest1@hs3 16733
172.19.22.140 - hcpnbu [25/May/2016:15:13:33 -0600] "PUT /nub4/saturn.dpdenverlab.local_1464210453_C1_F1/IMAGE_PROPERTIES HTTP/1.1" 503 265 nbutest1@hs3 12099
172.19.22.139 - hcpnbu [25/May/2016:15:13:48 -0600] "PUT /nbu3/athene.dpdenverlab.local_1464210479_C1_HDR/IMAGE_PROPERTIES HTTP/1.1" 200 0 nbutest1@hs3 1075
172.19.22.139 - hcpnbu [25/May/2016:15:13:51 -0600] "DELETE /nbu3/athene.dpdenverlab.local_1464210479_C1_F1/IMAGE_PROPERTIES HTTP/1.1" 204 0 nbutest1@hs3 3
172.19.22.139 - hcpnbu [25/May/2016:15:12:46 -0600] "PUT /nbu3/athene.dpdenverlab.local_1464210480_C1_F1/2 HTTP/1.1" 200 0 nbutest1@hs3 81687
172.19.22.139 - hcpnbu [25/May/2016:15:14:05 -0600] "PUT /nbu3/athene.dpdenverlab.local_1464210479_C1_F1/2 HTTP/1.1" 200 0 nbutest1@hs3 6165
172.19.22.139 - hcpnbu [25/May/2016:15:14:05 -0600] "PUT /nbu3/athene.dpdenverlab.local_1464210479_C1_F1/3 HTTP/1.1" 200 0 nbutest1@hs3 6237
172.19.22.139 - hcpnbu [25/May/2016:15:14:02 -0600] "PUT /nbu3/athene.dpdenverlab.local_1464210479_C1_F1/1 HTTP/1.1" 200 0 nbutest1@hs3 8626
172.19.22.139 - hcpnbu [25/May/2016:15:14:11 -0600] "PUT /nbu3/athene.dpdenverlab.local_1464210480_C1_F1/4 HTTP/1.1" 200 0 nbutest1@hs3 3855
172.19.22.140 - hcpnbu [25/May/2016:15:14:17 -0600] "HEAD /nbu2/ HTTP/1.1" 200 0 nbutest1@hs3 2
172.19.22.140 - hcpnbu [25/May/2016:15:15:00 -0600] "GET /nbu1/?location HTTP/1.1" 200 124 nbutest1@hs3 5
172.19.22.140 - hcpnbu [25/May/2016:15:14:18 -0600] "PUT /nub4/saturn.dpdenverlab.local_1464210453_C1_F1/IMAGE_PROPERTIES HTTP/1.1" 503 265 nbutest1@hs3 57054
172.19.22.139 - hcpnbu [25/May/2016:15:14:22 -0600] "PUT /nbu3/athene.dpdenverlab.local_1464210479_C1_F1/7 HTTP/1.1" 503 265 nbutest1@hs3 53520
172.19.22.139 - hcpnbu [25/May/2016:15:14:17 -0600] "PUT /nbu3/athene.dpdenverlab.local_1464210479_C1_F1/5 HTTP/1.1" 200 0 nbutest1@hs3 65209
172.19.22.140 - hcpnbu [25/May/2016:15:15:31 -0600] "HEAD /nbu3/ HTTP/1.1" 200 0 nbutest1@hs3 2
172.19.22.140 - hcpnbu [25/May/2016:15:16:02 -0600] "HEAD /nbu1/ HTTP/1.1" 200 0 nbutest1@hs3 3
172.19.22.138 - hcpnbu [25/May/2016:15:11:05 -0600] "PUT /nbu2/apollo.dpdenverlab.local_1464210425_C1_F1/2 HTTP/1.1" 200 0 nbutest1@hs3 313334
172.19.22.140 - hcpnbu [25/May/2016:15:16:12 -0600] "PUT /nub4/saturn.dpdenverlab.local_1464210453_C1_F1/IMAGE_PROPERTIES HTTP/1.1" 503 265 nbutest1@hs3 6075
172.19.22.140 - hcpnbu [25/May/2016:15:16:30 -0600] "GET / HTTP/1.1" 200 612 nbutest1@hs3 19
172.19.22.140 - hcpnbu [25/May/2016:15:11:12 -0600] "PUT /nub4/saturn.dpdenverlab.local_1464210434_C1_F1/0 HTTP/1.1" 200 0 nbutest1@hs3 342922
172.19.22.140 - hcpnbu [25/May/2016:15:16:56 -0600] "DELETE /nub4/saturn.dpdenverlab.local_1464210453_C1_HDR/ HTTP/1.1" 204 0 nbutest1@hs3 27
172.19.22.138 - hcpnbu [25/May/2016:15:11:13 -0600] "PUT /nbu2/apollo.dpdenverlab.local_1464210423_C1_F1/1 HTTP/1.1" 200 0 nbutest1@hs3 345794
172.19.22.140 - hcpnbu [25/May/2016:15:16:56 -0600] "PUT /nub4/saturn.dpdenverlab.local_1464210434_C1_F1/8 HTTP/1.1" 200 0 nbutest1@hs3 6670
172.19.22.140 - hcpnbu [25/May/2016:15:11:15 -0600] "PUT /nub4/saturn.dpdenverlab.local_1464210434_C1_F1/2 HTTP/1.1" 200 0 nbutest1@hs3 347539
172.19.22.138 - hcpnbu [25/May/2016:15:17:01 -0600] "PUT /nbu2/apollo.dpdenverlab.local_1464210423_C1_F1/6 HTTP/1.1" 200 0 nbutest1@hs3 5672
172.19.22.140 - hcpnbu [25/May/2016:15:17:05 -0600] "PUT /nub4/saturn.dpdenverlab.local_1464210434_C1_F1/10 HTTP/1.1" 200 0 nbutest1@hs3 7177
172.19.22.138 - hcpnbu [25/May/2016:15:17:07 -0600] "PUT /nbu2/apollo.dpdenverlab.local_1464210423_C1_F1/7 HTTP/1.1" 200 0 nbutest1@hs3 6730
172.19.22.140 - hcpnbu [25/May/2016:15:17:17 -0600] "HEAD /nbu2/ HTTP/1.1" 200 0 nbutest1@hs3 3
172.19.22.138 - hcpnbu [25/May/2016:15:11:04 -0600] "PUT /nbu2/apollo.dpdenverlab.local_1464210425_C1_F1/1 HTTP/1.1" 200 0 nbutest1@hs3 387133
172.19.22.140 - hcpnbu [25/May/2016:15:18:01 -0600] "GET /nbu1/?location HTTP/1.1" 200 124 nbutest1@hs3 5
172.19.22.138 - hcpnbu [25/May/2016:15:11:02 -0600] "PUT /nbu2/apollo.dpdenverlab.local_1464210425_C1_F1/0 HTTP/1.1" 200 0 nbutest1@hs3 442479
172.19.22.140 - hcpnbu [25/May/2016:15:18:32 -0600] "HEAD /nbu3/ HTTP/1.1" 200 0 nbutest1@hs3 2
172.19.22.140 - hcpnbu [25/May/2016:15:19:15 -0600] "GET /nbu2/?location HTTP/1.1" 200 124 nbutest1@hs3 6
172.19.22.140 - hcpnbu [25/May/2016:15:19:50 -0600] "GET /nub4/?location HTTP/1.1" 200 124 nbutest1@hs3 5
172.19.22.138 - hcpnbu [25/May/2016:15:11:14 -0600] "PUT /nbu2/apollo.dpdenverlab.local_1464210423_C1_F1/3 HTTP/1.1" 200 0 nbutest1@hs3 517026
172.19.22.138 - hcpnbu [25/May/2016:15:11:05 -0600] "PUT /nbu2/apollo.dpdenverlab.local_1464210425_C1_F1/3 HTTP/1.1" 200 0 nbutest1@hs3 538580
172.19.22.138 - hcpnbu [25/May/2016:15:20:05 -0600] "PUT /nbu2/apollo.dpdenverlab.local_1464210425_C1_F1/7 HTTP/1.1" 200 0 nbutest1@hs3 4117
172.19.22.138 - hcpnbu [25/May/2016:15:20:10 -0600] "PUT /nbu2/apollo.dpdenverlab.local_1464210425_C1_F1/8 HTTP/1.1" 200 0 nbutest1@hs3 5282
172.19.22.140 - hcpnbu [25/May/2016:15:20:28 -0600] "GET / HTTP/1.1" 200 612 nbutest1@hs3 16
172.19.22.140 - hcpnbu [25/May/2016:15:21:01 -0600] "HEAD /nbu1/ HTTP/1.1" 200 0 nbutest1@hs3 2
172.19.22.140 - hcpnbu [25/May/2016:15:21:49 -0600] "GET / HTTP/1.1" 200 612 nbutest1@hs3 17
172.19.22.138 - hcpnbu [25/May/2016:15:11:22 -0600] "PUT /nbu2/apollo.dpdenverlab.local_1464210428_C1_F1/2 HTTP/1.1" 503 265 nbutest1@hs3 648026
172.19.22.140 - hcpnbu [25/May/2016:15:22:17 -0600] "HEAD /nbu2/ HTTP/1.1" 200 0 nbutest1@hs3 2
172.19.22.138 - hcpnbu [25/May/2016:15:11:22 -0600] "PUT /nbu2/apollo.dpdenverlab.local_1464210428_C1_F1/3 HTTP/1.1" 200 0 nbutest1@hs3 676544
172.19.22.138 - hcpnbu [25/May/2016:15:22:40 -0600] "PUT /nbu2/apollo.dpdenverlab.local_1464210428_C1_F1/4 HTTP/1.1" 503 265 nbutest1@hs3 6061
172.19.22.140 - hcpnbu [25/May/2016:15:22:51 -0600] "HEAD /nub4/ HTTP/1.1" 200 0 nbutest1@hs3 2
172.19.22.140 - hcpnbu [25/May/2016:15:11:14 -0600] "PUT /nub4/saturn.dpdenverlab.local_1464210434_C1_F1/1 HTTP/1.1" 200 0 nbutest1@hs3 698712
172.19.22.138 - hcpnbu [25/May/2016:15:11:21 -0600] "PUT /nbu2/apollo.dpdenverlab.local_1464210428_C1_F1/1 HTTP/1.1" 200 0 nbutest1@hs3 692337
172.19.22.138 - hcpnbu [25/May/2016:15:22:49 -0600] "PUT /nbu2/apollo.dpdenverlab.local_1464210428_C1_F1/4 HTTP/1.1" 200 0 nbutest1@hs3 6923
172.19.22.138 - hcpnbu [25/May/2016:15:22:55 -0600] "PUT /nbu2/apollo.dpdenverlab.local_1464210428_C1_F1/5 HTTP/1.1" 200 0 nbutest1@hs3 5468
172.19.22.137 - hcpnbu [25/May/2016:15:12:27 -0600] "PUT /nbu1/zeus.dpdenverlab.local_1464210403_C1_F1/11 HTTP/1.1" 503 265 nbutest1@hs3 634233
172.19.22.138 - hcpnbu [25/May/2016:15:22:57 -0600] "PUT /nbu2/apollo.dpdenverlab.local_1464210428_C1_F1/6 HTTP/1.1" 200 0 nbutest1@hs3 5273
172.19.22.138 - hcpnbu [25/May/2016:15:23:04 -0600] "PUT /nbu2/apollo.dpdenverlab.local_1464210428_C1_F1/8 HTTP/1.1" 200 0 nbutest1@hs3 4078
172.19.22.138 - hcpnbu [25/May/2016:15:23:09 -0600] "PUT /nbu2/apollo.dpdenverlab.local_1464210428_C1_F1/9 HTTP/1.1" 200 0 nbutest1@hs3 4109
172.19.22.140 - hcpnbu [25/May/2016:15:23:30 -0600] "GET /nbu3/?location HTTP/1.1" 200 124 nbutest1@hs3 6
172.19.22.139 - hcpnbu [25/May/2016:15:11:34 -0600] "PUT /nbu3/athene.dpdenverlab.local_1464210475_C1_F1/3 HTTP/1.1" 200 0 nbutest1@hs3 715612
172.19.22.139 - hcpnbu [25/May/2016:15:11:26 -0600] "PUT /nbu3/athene.dpdenverlab.local_1464210475_C1_F1/0 HTTP/1.1" 200 0 nbutest1@hs3 740491
172.19.22.137 - hcpnbu [25/May/2016:15:12:22 -0600] "PUT /nbu1/zeus.dpdenverlab.local_1464210403_C1_F1/10 HTTP/1.1" 503 265 nbutest1@hs3 698692
172.19.22.140 - hcpnbu [25/May/2016:15:24:14 -0600] "GET / HTTP/1.1" 200 612 nbutest1@hs3 19
172.19.22.137 - hcpnbu [25/May/2016:15:24:07 -0600] "PUT /nbu1/zeus.dpdenverlab.local_1464210403_C1_F1/10 HTTP/1.1" 503 265 nbutest1@hs3 8141
172.19.22.138 - hcpnbu [25/May/2016:15:23:15 -0600] "PUT /nbu2/apollo.dpdenverlab.local_1464210428_C1_F1/10 HTTP/1.1" 200 0 nbutest1@hs3 82093
172.19.22.138 - hcpnbu [25/May/2016:15:24:38 -0600] "PUT /nbu2/apollo.dpdenverlab.local_1464210428_C1_F1/11 HTTP/1.1" 200 0 nbutest1@hs3 4990
172.19.22.140 - hcpnbu [25/May/2016:15:24:51 -0600] "GET /nub4/?location HTTP/1.1" 200 124 nbutest1@hs3 5
172.19.22.138 - hcpnbu [25/May/2016:15:11:39 -0600] "PUT /nbu2/apollo.dpdenverlab.local_1464210428_C1_F1/0 HTTP/1.1" 200 0 nbutest1@hs3 794954
172.19.22.140 - hcpnbu [25/May/2016:15:12:41 -0600] "PUT /nub4/saturn.dpdenverlab.local_1464210434_C1_F1/7 HTTP/1.1" 200 0 nbutest1@hs3 733329
172.19.22.139 - hcpnbu [25/May/2016:15:11:42 -0600] "PUT /nbu3/athene.dpdenverlab.local_1464210475_C1_F1/2 HTTP/1.1" 503 265 nbutest1@hs3 816105
172.19.22.139 - hcpnbu [25/May/2016:15:12:20 -0600] "PUT /nbu3/athene.dpdenverlab.local_1464210466_C1_F1/1 HTTP/1.1" 503 265 nbutest1@hs3 779282
172.19.22.140 - hcpnbu [25/May/2016:15:25:29 -0600] "GET / HTTP/1.1" 200 612 nbutest1@hs3 29
172.19.22.137 - hcpnbu [25/May/2016:15:25:43 -0600] "PUT /nbu1/zeus.dpdenverlab.local_1464210388_C1_F1/14 HTTP/1.1" 409 266 nbutest1@hs3 22
172.19.22.137 - hcpnbu [25/May/2016:15:25:46 -0600] "PUT /nbu1/zeus.dpdenverlab.local_1464210388_C1_F1/14 HTTP/1.1" 409 266 nbutest1@hs3 30
172.19.22.139 - hcpnbu [25/May/2016:15:25:28 -0600] "PUT /nbu3/athene.dpdenverlab.local_1464210466_C1_F1/1 HTTP/1.1" 503 265 nbutest1@hs3 19421
172.19.22.137 - hcpnbu [25/May/2016:15:25:53 -0600] "PUT /nbu1/zeus.dpdenverlab.local_1464210395_C1_F1/1 HTTP/1.1" 409 266 nbutest1@hs3 67
172.19.22.140 - hcpnbu [25/May/2016:15:26:02 -0600] "HEAD /nbu1/ HTTP/1.1" 200 0 nbutest1@hs3 2
172.19.22.137 - hcpnbu [25/May/2016:15:26:03 -0600] "PUT /nbu1/zeus.dpdenverlab.local_1464210388_C1_F1/15 HTTP/1.1" 409 266 nbutest1@hs3 21
172.19.22.137 - hcpnbu [25/May/2016:15:26:07 -0600] "PUT /nbu1/zeus.dpdenverlab.local_1464210388_C1_F1/15 HTTP/1.1" 409 266 nbutest1@hs3 20
172.19.22.139 - hcpnbu [25/May/2016:15:26:04 -0600] "PUT /nbu3/athene.dpdenverlab.local_1464210466_C1_F1/1 HTTP/1.1" 200 0 nbutest1@hs3 4909
172.19.22.140 - hcpnbu [25/May/2016:15:26:10 -0600] "PUT /nub4/saturn.dpdenverlab.local_1464210443_C1_F1/0 HTTP/1.1" 409 266 nbutest1@hs3 63
172.19.22.137 - hcpnbu [25/May/2016:15:26:13 -0600] "PUT /nbu1/zeus.dpdenverlab.local_1464210388_C1_F1/15 HTTP/1.1" 409 266 nbutest1@hs3 18
172.19.22.140 - hcpnbu [25/May/2016:15:26:15 -0600] "PUT /nub4/saturn.dpdenverlab.local_1464210451_C1_F1/2 HTTP/1.1" 409 266 nbutest1@hs3 28
172.19.22.140 - hcpnbu [25/May/2016:15:26:15 -0600] "PUT /nub4/saturn.dpdenverlab.local_1464210451_C1_F1/3 HTTP/1.1" 409 266 nbutest1@hs3 31
172.19.22.139 - hcpnbu [25/May/2016:15:26:12 -0600] "PUT /nbu3/athene.dpdenverlab.local_1464210466_C1_F1/5 HTTP/1.1" 200 0 nbutest1@hs3 4460
172.19.22.137 - hcpnbu [25/May/2016:15:26:21 -0600] "PUT /nbu1/zeus.dpdenverlab.local_1464210388_C1_F1/15 HTTP/1.1" 409 266 nbutest1@hs3 20
172.19.22.139 - hcpnbu [25/May/2016:15:12:46 -0600] "PUT /nbu3/athene.dpdenverlab.local_1464210480_C1_F1/3 HTTP/1.1" 503 265 nbutest1@hs3 818158
172.19.22.140 - hcpnbu [25/May/2016:15:26:19 -0600] "PUT /nub4/saturn.dpdenverlab.local_1464210451_C1_F1/3 HTTP/1.1" 503 265 nbutest1@hs3 6060
172.19.22.140 - hcpnbu [25/May/2016:15:26:30 -0600] "HEAD /nbu3/ HTTP/1.1" 200 0 nbutest1@hs3 2
172.19.22.139 - hcpnbu [25/May/2016:15:26:28 -0600] "PUT /nbu3/athene.dpdenverlab.local_1464210480_C1_F1/3 HTTP/1.1" 503 265 nbutest1@hs3 6070
172.19.22.140 - hcpnbu [25/May/2016:15:26:28 -0600] "PUT /nub4/saturn.dpdenverlab.local_1464210451_C1_F1/3 HTTP/1.1" 503 265 nbutest1@hs3 6039
172.19.22.139 - hcpnbu [25/May/2016:15:11:40 -0600] "PUT /nbu3/athene.dpdenverlab.local_1464210475_C1_F1/1 HTTP/1.1" 503 265 nbutest1@hs3 901505
172.19.22.137 - hcpnbu [25/May/2016:15:26:42 -0600] "PUT /nbu1/zeus.dpdenverlab.local_1464210395_C1_F1/8 HTTP/1.1" 409 266 nbutest1@hs3 31
172.19.22.139 - hcpnbu [25/May/2016:15:26:37 -0600] "PUT /nbu3/athene.dpdenverlab.local_1464210480_C1_F1/3 HTTP/1.1" 503 265 nbutest1@hs3 6055
172.19.22.137 - hcpnbu [25/May/2016:15:26:45 -0600] "PUT /nbu1/zeus.dpdenverlab.local_1464210395_C1_F1/8 HTTP/1.1" 409 266 nbutest1@hs3 20
172.19.22.140 - hcpnbu [25/May/2016:15:26:40 -0600] "PUT /nub4/saturn.dpdenverlab.local_1464210451_C1_F1/3 HTTP/1.1" 503 265 nbutest1@hs3 6055
172.19.22.138 - hcpnbu [25/May/2016:15:12:28 -0600] "PUT /nbu2/apollo.dpdenverlab.local_1464210423_C1_F1/5 HTTP/1.1" 503 265 nbutest1@hs3 858485
172.19.22.140 - hcpnbu [25/May/2016:15:26:48 -0600] "PUT /nub4/saturn.dpdenverlab.local_1464210451_C1_F1/5 HTTP/1.1" 409 266 nbutest1@hs3 31
172.19.22.140 - hcpnbu [25/May/2016:15:26:48 -0600] "PUT /nub4/saturn.dpdenverlab.local_1464210443_C1_F1/6 HTTP/1.1" 409 266 nbutest1@hs3 21
172.19.22.137 - hcpnbu [25/May/2016:15:26:50 -0600] "PUT /nbu1/zeus.dpdenverlab.local_1464210395_C1_F1/8 HTTP/1.1" 409 266 nbutest1@hs3 22
172.19.22.139 - hcpnbu [25/May/2016:15:12:27 -0600] "PUT /nbu3/athene.dpdenverlab.local_1464210466_C1_F1/4 HTTP/1.1" 503 265 nbutest1@hs3 865095
172.19.22.137 - hcpnbu [25/May/2016:15:12:22 -0600] "PUT /nbu1/zeus.dpdenverlab.local_1464210403_C1_F1/8 HTTP/1.1" 503 265 nbutest1@hs3 871120
172.19.22.138 - hcpnbu [25/May/2016:15:26:49 -0600] "PUT /nbu2/apollo.dpdenverlab.local_1464210423_C1_F1/5 HTTP/1.1" 503 265 nbutest1@hs3 6068
172.19.22.140 - hcpnbu [25/May/2016:15:26:52 -0600] "PUT /nub4/saturn.dpdenverlab.local_1464210451_C1_F1/5 HTTP/1.1" 503 265 nbutest1@hs3 6075
172.19.22.140 - hcpnbu [25/May/2016:15:26:53 -0600] "PUT /nub4/saturn.dpdenverlab.local_1464210443_C1_F1/6 HTTP/1.1" 503 265 nbutest1@hs3 6075
172.19.22.138 - hcpnbu [25/May/2016:15:27:00 -0600] "PUT /nbu2/apollo.dpdenverlab.local_1464210412_C1_F1/2 HTTP/1.1" 409 266 nbutest1@hs3 24
172.19.22.140 - hcpnbu [25/May/2016:15:26:56 -0600] "PUT /nub4/saturn.dpdenverlab.local_1464210451_C1_F1/3 HTTP/1.1" 503 265 nbutest1@hs3 6080
172.19.22.139 - hcpnbu [25/May/2016:15:27:06 -0600] "PUT /nbu3/athene.dpdenverlab.local_1464210466_C1_F1/3 HTTP/1.1" 409 266 nbutest1@hs3 5
172.19.22.140 - hcpnbu [25/May/2016:15:27:01 -0600] "PUT /nub4/saturn.dpdenverlab.local_1464210443_C1_F1/6 HTTP/1.1" 503 265 nbutest1@hs3 6056
172.19.22.140 - hcpnbu [25/May/2016:15:27:01 -0600] "PUT /nub4/saturn.dpdenverlab.local_1464210451_C1_F1/5 HTTP/1.1" 503 265 nbutest1@hs3 6039
172.19.22.137 - hcpnbu [25/May/2016:15:27:02 -0600] "PUT /nbu1/zeus.dpdenverlab.local_1464210403_C1_F1/8 HTTP/1.1" 503 265 nbutest1@hs3 6065
172.19.22.139 - hcpnbu [25/May/2016:15:27:09 -0600] "PUT /nbu3/athene.dpdenverlab.local_1464210466_C1_F1/3 HTTP/1.1" 409 266 nbutest1@hs3 5
172.19.22.138 - hcpnbu [25/May/2016:15:27:04 -0600] "PUT /nbu2/apollo.dpdenverlab.local_1464210412_C1_F1/0 HTTP/1.1" 503 265 nbutest1@hs3 6047
172.19.22.140 - hcpnbu [25/May/2016:15:27:05 -0600] "PUT /nub4/saturn.dpdenverlab.local_1464210443_C1_F1/9 HTTP/1.1" 503 265 nbutest1@hs3 6043
172.19.22.138 - hcpnbu [25/May/2016:15:27:13 -0600] "PUT /nbu2/apollo.dpdenverlab.local_1464210412_C1_F1/6 HTTP/1.1" 409 266 nbutest1@hs3 38
172.19.22.140 - hcpnbu [25/May/2016:15:27:16 -0600] "HEAD /nbu2/ HTTP/1.1" 200 0 nbutest1@hs3 3
172.19.22.139 - hcpnbu [25/May/2016:15:12:16 -0600] "PUT /nbu3/athene.dpdenverlab.local_1464210466_C1_F1/0 HTTP/1.1" 503 0 nbutest1@hs3 900182
172.19.22.140 - hcpnbu [25/May/2016:15:27:16 -0600] "PUT /nub4/saturn.dpdenverlab.local_1464210451_C1_F1/9 HTTP/1.1" 409 266 nbutest1@hs3 23
172.19.22.139 - hcpnbu [25/May/2016:15:12:04 -0600] "PUT /nbu3/athene.dpdenverlab.local_1464210466_C1_F1/3 HTTP/1.1" 503 265 nbutest1@hs3 916628
172.19.22.140 - hcpnbu [25/May/2016:15:27:18 -0600] "PUT /nub4/saturn.dpdenverlab.local_1464210451_C1_F1/3 HTTP/1.1" 200 0 nbutest1@hs3 5817
172.19.22.140 - hcpnbu [25/May/2016:15:27:19 -0600] "PUT /nub4/saturn.dpdenverlab.local_1464210451_C1_F1/9 HTTP/1.1" 200 0 nbutest1@hs3 4933
172.19.22.137 - hcpnbu [25/May/2016:15:27:25 -0600] "PUT /nbu1/zeus.dpdenverlab.local_1464210403_C1_F1/8 HTTP/1.1" 200 0 nbutest1@hs3 5619
172.19.22.138 - hcpnbu [25/May/2016:15:27:34 -0600] "PUT /nbu2/apollo.dpdenverlab.local_1464210412_C1_F1/10 HTTP/1.1" 409 266 nbutest1@hs3 24
172.19.22.137 - hcpnbu [25/May/2016:15:27:31 -0600] "PUT /nbu1/zeus.dpdenverlab.local_1464210403_C1_F1/13 HTTP/1.1" 200 0 nbutest1@hs3 4405
172.19.22.139 - hcpnbu [25/May/2016:15:27:41 -0600] "PUT /nbu3/athene.dpdenverlab.local_1464210480_C1_F1/0 HTTP/1.1" 409 266 nbutest1@hs3 25
172.19.22.137 - hcpnbu [25/May/2016:15:27:37 -0600] "PUT /nbu1/zeus.dpdenverlab.local_1464210403_C1_F1/14 HTTP/1.1" 200 0 nbutest1@hs3 5282
172.19.22.139 - hcpnbu [25/May/2016:15:27:43 -0600] "PUT /nbu3/athene.dpdenverlab.local_1464210480_C1_F1/1 HTTP/1.1" 409 266 nbutest1@hs3 5
172.19.22.139 - hcpnbu [25/May/2016:15:27:45 -0600] "PUT /nbu3/athene.dpdenverlab.local_1464210480_C1_F1/0 HTTP/1.1" 409 266 nbutest1@hs3 23
172.19.22.140 - hcpnbu [25/May/2016:15:27:45 -0600] "PUT /nub4/saturn.dpdenverlab.local_1464210438_C1_F1/5 HTTP/1.1" 409 266 nbutest1@hs3 35
172.19.22.140 - hcpnbu [25/May/2016:15:27:45 -0600] "PUT /nub4/saturn.dpdenverlab.local_1464210438_C1_F1/6 HTTP/1.1" 409 266 nbutest1@hs3 39
172.19.22.137 - hcpnbu [25/May/2016:15:13:39 -0600] "PUT /nbu1/zeus.dpdenverlab.local_1464210403_C1_F1/12 HTTP/1.1" 503 265 nbutest1@hs3 845977
172.19.22.139 - hcpnbu [25/May/2016:15:27:47 -0600] "PUT /nbu3/athene.dpdenverlab.local_1464210480_C1_F1/1 HTTP/1.1" 409 266 nbutest1@hs3 5
172.19.22.140 - hcpnbu [25/May/2016:15:27:48 -0600] "PUT /nub4/saturn.dpdenverlab.local_1464210438_C1_F1/5 HTTP/1.1" 409 266 nbutest1@hs3 24
172.19.22.140 - hcpnbu [25/May/2016:15:27:49 -0600] "PUT /nub4/saturn.dpdenverlab.local_1464210438_C1_F1/7 HTTP/1.1" 409 266 nbutest1@hs3 46
172.19.22.139 - hcpnbu [25/May/2016:15:27:51 -0600] "PUT /nbu3/athene.dpdenverlab.local_1464210480_C1_F1/0 HTTP/1.1" 409 266 nbutest1@hs3 23
172.19.22.140 - hcpnbu [25/May/2016:15:27:53 -0600] "PUT /nub4/saturn.dpdenverlab.local_1464210438_C1_F1/7 HTTP/1.1" 409 266 nbutest1@hs3 22
172.19.22.139 - hcpnbu [25/May/2016:15:27:53 -0600] "PUT /nbu3/athene.dpdenverlab.local_1464210480_C1_F1/1 HTTP/1.1" 409 266 nbutest1@hs3 5
172.19.22.138 - hcpnbu [25/May/2016:15:27:49 -0600] "PUT /nbu2/apollo.dpdenverlab.local_1464210414_C1_F1/BLOCK_MAP_FILE HTTP/1.1" 503 265 nbutest1@hs3 6075
172.19.22.140 - hcpnbu [25/May/2016:15:27:56 -0600] "PUT /nub4/saturn.dpdenverlab.local_1464210438_C1_F1/5 HTTP/1.1" 409 266 nbutest1@hs3 45
172.19.22.140 - hcpnbu [25/May/2016:15:27:58 -0600] "PUT /nub4/saturn.dpdenverlab.local_1464210438_C1_F1/7 HTTP/1.1" 409 266 nbutest1@hs3 21
172.19.22.140 - hcpnbu [25/May/2016:15:28:01 -0600] "DELETE /nub4/saturn.dpdenverlab.local_1464210439_C1_F1/BLOCK_MAP_FILE HTTP/1.1" 204 0 nbutest1@hs3 3
172.19.22.139 - hcpnbu [25/May/2016:15:12:42 -0600] "PUT /nbu3/athene.dpdenverlab.local_1464210480_C1_F1/1 HTTP/1.1" 503 265 nbutest1@hs3 920098
172.19.22.138 - hcpnbu [25/May/2016:15:27:57 -0600] "PUT /nbu2/apollo.dpdenverlab.local_1464210414_C1_F1/BLOCK_MAP_FILE HTTP/1.1" 503 265 nbutest1@hs3 6067
172.19.22.139 - hcpnbu [25/May/2016:15:28:02 -0600] "PUT /nbu3/athene.dpdenverlab.local_1464210480_C1_F1/1 HTTP/1.1" 503 265 nbutest1@hs3 6051
172.19.22.139 - hcpnbu [25/May/2016:15:28:02 -0600] "PUT /nbu3/athene.dpdenverlab.local_1464210480_C1_F1/0 HTTP/1.1" 503 265 nbutest1@hs3 6057
172.19.22.140 - hcpnbu [25/May/2016:15:28:06 -0600] "PUT /nub4/saturn.dpdenverlab.local_1464210438_C1_F1/7 HTTP/1.1" 503 265 nbutest1@hs3 6053
172.19.22.137 - hcpnbu [25/May/2016:15:28:08 -0600] "PUT /nbu1/zeus.dpdenverlab.local_1464210400_C1_F1/IMAGE_PROPERTIES HTTP/1.1" 503 265 nbutest1@hs3 6058
172.19.22.139 - hcpnbu [25/May/2016:15:28:11 -0600] "PUT /nbu3/athene.dpdenverlab.local_1464210480_C1_F1/0 HTTP/1.1" 503 265 nbutest1@hs3 6560
172.19.22.139 - hcpnbu [25/May/2016:15:28:11 -0600] "PUT /nbu3/athene.dpdenverlab.local_1464210480_C1_F1/1 HTTP/1.1" 503 265 nbutest1@hs3 6534
172.19.22.140 - hcpnbu [25/May/2016:15:28:15 -0600] "PUT /nub4/saturn.dpdenverlab.local_1464210438_C1_F1/7 HTTP/1.1" 503 265 nbutest1@hs3 6079
172.19.22.137 - hcpnbu [25/May/2016:15:28:16 -0600] "PUT /nbu1/zeus.dpdenverlab.local_1464210400_C1_F1/IMAGE_PROPERTIES HTTP/1.1" 503 265 nbutest1@hs3 6080
172.19.22.139 - hcpnbu [25/May/2016:15:28:23 -0600] "PUT /nbu3/athene.dpdenverlab.local_1464210480_C1_F1/1 HTTP/1.1" 503 265 nbutest1@hs3 6051
172.19.22.140 - hcpnbu [25/May/2016:15:28:26 -0600] "PUT /nub4/saturn.dpdenverlab.local_1464210438_C1_F1/7 HTTP/1.1" 503 265 nbutest1@hs3 6068
172.19.22.137 - hcpnbu [25/May/2016:15:28:27 -0600] "PUT /nbu1/zeus.dpdenverlab.local_1464210400_C1_F1/IMAGE_PROPERTIES HTTP/1.1" 503 265 nbutest1@hs3 6079
172.19.22.139 - hcpnbu [25/May/2016:15:28:38 -0600] "PUT /nbu3/athene.dpdenverlab.local_1464210480_C1_F1/1 HTTP/1.1" 503 265 nbutest1@hs3 6048
172.19.22.138 - hcpnbu [25/May/2016:15:28:08 -0600] "PUT /nbu2/apollo.dpdenverlab.local_1464210414_C1_F1/BLOCK_MAP_FILE HTTP/1.1" 200 0 nbutest1@hs3 35246
172.19.22.138 - hcpnbu [25/May/2016:15:28:45 -0600] "PUT /nbu2/apollo.dpdenverlab.local_1464210414_C1_F1/IMAGE_PROPERTIES HTTP/1.1" 200 0 nbutest1@hs3 1178
172.19.22.140 - hcpnbu [25/May/2016:15:28:40 -0600] "PUT /nub4/saturn.dpdenverlab.local_1464210438_C1_F1/7 HTTP/1.1" 503 265 nbutest1@hs3 6051
172.19.22.139 - hcpnbu [25/May/2016:15:28:52 -0600] "PUT /nbu3/athene.dpdenverlab.local_1464210473_C1_F1/2 HTTP/1.1" 409 266 nbutest1@hs3 44
172.19.22.139 - hcpnbu [25/May/2016:15:28:52 -0600] "PUT /nbu3/athene.dpdenverlab.local_1464210473_C1_F1/1 HTTP/1.1" 409 266 nbutest1@hs3 48
172.19.22.139 - hcpnbu [25/May/2016:15:28:56 -0600] "PUT /nbu3/athene.dpdenverlab.local_1464210473_C1_F1/2 HTTP/1.1" 409 266 nbutest1@hs3 32
172.19.22.139 - hcpnbu [25/May/2016:15:28:57 -0600] "PUT /nbu3/athene.dpdenverlab.local_1464210473_C1_F1/1 HTTP/1.1" 409 266 nbutest1@hs3 32
172.19.22.139 - hcpnbu [25/May/2016:15:29:02 -0600] "PUT /nbu3/athene.dpdenverlab.local_1464210473_C1_F1/2 HTTP/1.1" 409 266 nbutest1@hs3 25
172.19.22.139 - hcpnbu [25/May/2016:15:29:06 -0600] "PUT /nbu3/athene.dpdenverlab.local_1464210473_C1_F1/1 HTTP/1.1" 409 266 nbutest1@hs3 22
172.19.22.139 - hcpnbu [25/May/2016:15:29:02 -0600] "PUT /nbu3/athene.dpdenverlab.local_1464210480_C1_F1/1 HTTP/1.1" 200 0 nbutest1@hs3 5197
172.19.22.140 - hcpnbu [25/May/2016:15:29:04 -0600] "PUT /nub4/saturn.dpdenverlab.local_1464210438_C1_F1/7 HTTP/1.1" 200 0 nbutest1@hs3 5018
172.19.22.137 - hcpnbu [25/May/2016:15:28:42 -0600] "PUT /nbu1/zeus.dpdenverlab.local_1464210400_C1_F1/IMAGE_PROPERTIES HTTP/1.1" 200 0 nbutest1@hs3 31405
172.19.22.140 - hcpnbu [25/May/2016:15:29:15 -0600] "GET / HTTP/1.1" 200 612 nbutest1@hs3 14
172.19.22.139 - hcpnbu [25/May/2016:15:29:10 -0600] "PUT /nbu3/athene.dpdenverlab.local_1464210480_C1_F1/6 HTTP/1.1" 200 0 nbutest1@hs3 5753
172.19.22.140 - hcpnbu [25/May/2016:15:29:10 -0600] "PUT /nub4/saturn.dpdenverlab.local_1464210438_C1_F1/8 HTTP/1.1" 200 0 nbutest1@hs3 5991
172.19.22.138 - hcpnbu [25/May/2016:15:29:17 -0600] "DELETE /nbu2/apollo.dpdenverlab.local_1464210414_C1_F1/0 HTTP/1.1" 204 0 nbutest1@hs3 31
172.19.22.139 - hcpnbu [25/May/2016:15:29:12 -0600] "PUT /nbu3/athene.dpdenverlab.local_1464210473_C1_F1/2 HTTP/1.1" 200 0 nbutest1@hs3 5652
172.19.22.138 - hcpnbu [25/May/2016:15:29:18 -0600] "DELETE /nbu2/apollo.dpdenverlab.local_1464210414_C1_F1/4 HTTP/1.1" 204 0 nbutest1@hs3 24
172.19.22.137 - hcpnbu [25/May/2016:15:29:18 -0600] "GET /nbu1/?prefix=zeus.dpdenverlab.local_1464210400_C1_F1/ HTTP/1.1" 200 5169 nbutest1@hs3 35
172.19.22.138 - hcpnbu [25/May/2016:15:29:19 -0600] "DELETE /nbu2/apollo.dpdenverlab.local_1464210414_C1_F1/IMAGE_PROPERTIES HTTP/1.1" 204 0 nbutest1@hs3 13
172.19.22.139 - hcpnbu [25/May/2016:15:14:19 -0600] "PUT /nbu3/athene.dpdenverlab.local_1464210480_C1_F1/5 HTTP/1.1" 503 265 nbutest1@hs3 903230
172.19.22.138 - hcpnbu [25/May/2016:15:29:25 -0600] "GET /nbu2/?prefix=apollo.dpdenverlab.local_1464210414_C1_HDR/ HTTP/1.1" 200 1601 nbutest1@hs3 34
172.19.22.138 - hcpnbu [25/May/2016:15:29:25 -0600] "DELETE /nbu2/apollo.dpdenverlab.local_1464210414_C1_HDR/0 HTTP/1.1" 204 0 nbutest1@hs3 33
172.19.22.137 - hcpnbu [25/May/2016:15:29:29 -0600] "DELETE /nbu1/zeus.dpdenverlab.local_1464210400_C1_HDR/ HTTP/1.1" 204 0 nbutest1@hs3 31
172.19.22.137 - hcpnbu [25/May/2016:15:29:37 -0600] "GET /nbu1/?location HTTP/1.1" 200 124 nbutest1@hs3 5
172.19.22.137 - hcpnbu [25/May/2016:15:29:41 -0600] "HEAD /nbu1/zeus.dpdenverlab.local_1464210400_C1_HDR/IMAGE_PROPERTIES HTTP/1.1" 404 0 nbutest1@hs3 4
172.19.22.139 - hcpnbu [25/May/2016:15:14:20 -0600] "PUT /nbu3/athene.dpdenverlab.local_1464210479_C1_F1/6 HTTP/1.1" 503 265 nbutest1@hs3 935377
172.19.22.140 - hcpnbu [25/May/2016:15:30:01 -0600] "GET /nbu1/?location HTTP/1.1" 200 124 nbutest1@hs3 5
172.19.22.140 - hcpnbu [25/May/2016:15:30:15 -0600] "GET / HTTP/1.1" 200 612 nbutest1@hs3 22
172.19.22.139 - hcpnbu [25/May/2016:15:30:23 -0600] "PUT /nbu3/athene.dpdenverlab.local_1464210477_C1_F1/IMAGE_PROPERTIES HTTP/1.1" 200 0 nbutest1@hs3 151
172.19.22.137 - hcpnbu [25/May/2016:15:30:27 -0600] "PUT /nbu1/zeus.dpdenverlab.local_1464210388_C1_F1/16 HTTP/1.1" 409 266 nbutest1@hs3 25
172.19.22.139 - hcpnbu [25/May/2016:15:15:28 -0600] "PUT /nbu3/athene.dpdenverlab.local_1464210479_C1_F1/9 HTTP/1.1" 503 0 nbutest1@hs3 900302
172.19.22.137 - hcpnbu [25/May/2016:15:30:29 -0600] "PUT /nbu1/zeus.dpdenverlab.local_1464210388_C1_F1/16 HTTP/1.1" 409 266 nbutest1@hs3 29
172.19.22.139 - hcpnbu [25/May/2016:15:30:29 -0600] "DELETE /nbu3/athene.dpdenverlab.local_1464210476_C1_HDR/ HTTP/1.1" 204 0 nbutest1@hs3 29
172.19.22.140 - hcpnbu [25/May/2016:15:30:32 -0600] "DELETE /nub4/saturn.dpdenverlab.local_1464210439_C1_F1/2 HTTP/1.1" 204 0 nbutest1@hs3 44
172.19.22.140 - hcpnbu [25/May/2016:15:30:32 -0600] "DELETE /nub4/saturn.dpdenverlab.local_1464210439_C1_F1/3 HTTP/1.1" 204 0 nbutest1@hs3 44
172.19.22.140 - hcpnbu [25/May/2016:15:30:32 -0600] "DELETE /nub4/saturn.dpdenverlab.local_1464210439_C1_F1/1 HTTP/1.1" 204 0 nbutest1@hs3 44
172.19.22.140 - hcpnbu [25/May/2016:15:30:33 -0600] "DELETE /nub4/saturn.dpdenverlab.local_1464210439_C1_F1/BLOCK_MAP_FILE HTTP/1.1" 204 0 nbutest1@hs3 20
172.19.22.140 - hcpnbu [25/May/2016:15:30:33 -0600] "DELETE /nub4/saturn.dpdenverlab.local_1464210439_C1_F1/IMAGE_PROPERTIES HTTP/1.1" 204 0 nbutest1@hs3 20
172.19.22.139 - hcpnbu [25/May/2016:15:29:21 -0600] "PUT /nbu3/athene.dpdenverlab.local_1464210473_C1_F1/7 HTTP/1.1" 503 265 nbutest1@hs3 77480
172.19.22.140 - hcpnbu [25/May/2016:15:30:39 -0600] "DELETE /nub4/saturn.dpdenverlab.local_1464210439_C1_HDR/BLOCK_MAP_FILE HTTP/1.1" 204 0 nbutest1@hs3 21
172.19.22.140 - hcpnbu [25/May/2016:15:30:39 -0600] "DELETE /nub4/saturn.dpdenverlab.local_1464210439_C1_HDR/IMAGE_PROPERTIES HTTP/1.1" 204 0 nbutest1@hs3 21
172.19.22.139 - hcpnbu [25/May/2016:15:29:22 -0600] "PUT /nbu3/athene.dpdenverlab.local_1464210473_C1_F1/1 HTTP/1.1" 503 265 nbutest1@hs3 77395
172.19.22.137 - hcpnbu [25/May/2016:15:30:40 -0600] "HEAD /nbu3/athene.dpdenverlab.local_1464210476_C1_F1/IMAGE_PROPERTIES HTTP/1.1" 404 0 nbutest1@hs3 3
172.19.22.137 - hcpnbu [25/May/2016:15:30:40 -0600] "PUT /nbu1/zeus.dpdenverlab.local_1464210395_C1_F1/9 HTTP/1.1" 409 266 nbutest1@hs3 32
172.19.22.139 - hcpnbu [25/May/2016:15:29:23 -0600] "PUT /nbu3/athene.dpdenverlab.local_1464210480_C1_F1/5 HTTP/1.1" 503 265 nbutest1@hs3 77442
172.19.22.139 - hcpnbu [25/May/2016:15:29:14 -0600] "PUT /nbu3/athene.dpdenverlab.local_1464210473_C1_F1/6 HTTP/1.1" 200 0 nbutest1@hs3 87648
172.19.22.138 - hcpnbu [25/May/2016:15:30:46 -0600] "GET / HTTP/1.1" 200 612 nbutest1@hs3 18
172.19.22.140 - hcpnbu [25/May/2016:15:30:50 -0600] "HEAD /nub4/ HTTP/1.1" 200 0 nbutest1@hs3 2
172.19.22.137 - hcpnbu [25/May/2016:15:30:55 -0600] "HEAD /nbu3/athene.dpdenverlab.local_1464210477_C1_HDR/IMAGE_PROPERTIES HTTP/1.1" 404 0 nbutest1@hs3 4
172.19.22.140 - hcpnbu [25/May/2016:15:30:38 -0600] "PUT /nub4/saturn.dpdenverlab.local_1464210442_C1_F1/IMAGE_PROPERTIES HTTP/1.1" 200 0 nbutest1@hs3 25300
172.19.22.138 - hcpnbu [25/May/2016:15:16:19 -0600] "PUT /nbu2/apollo.dpdenverlab.local_1464210425_C1_F1/4 HTTP/1.1" 503 265 nbutest1@hs3 902052
172.19.22.140 - hcpnbu [25/May/2016:15:31:07 -0600] "GET /nub4/saturn.dpdenverlab.local_1464210442_C1_F1/BLOCK_MAP_FILE HTTP/1.1" 200 88 nbutest1@hs3 17764
172.19.22.140 - hcpnbu [25/May/2016:15:31:28 -0600] "HEAD /nub4/saturn.dpdenverlab.local_1464210442_C1_HDR/IMAGE_PROPERTIES HTTP/1.1" 200 0 nbutest1@hs3 11
172.19.22.137 - hcpnbu [25/May/2016:15:31:29 -0600] "PUT /nbu1/zeus.dpdenverlab.local_1464210401_C1_F1/11 HTTP/1.1" 409 266 nbutest1@hs3 22
172.19.22.137 - hcpnbu [25/May/2016:15:31:33 -0600] "PUT /nbu1/zeus.dpdenverlab.local_1464210401_C1_F1/11 HTTP/1.1" 409 266 nbutest1@hs3 32
172.19.22.139 - hcpnbu [25/May/2016:15:31:42 -0600] "GET / HTTP/1.1" 200 612 nbutest1@hs3 21
172.19.22.137 - hcpnbu [25/May/2016:15:31:38 -0600] "PUT /nbu1/zeus.dpdenverlab.local_1464210401_C1_F1/11 HTTP/1.1" 503 265 nbutest1@hs3 7109
172.19.22.139 - hcpnbu [25/May/2016:15:26:19 -0600] "PUT /nbu3/athene.dpdenverlab.local_1464210466_C1_F1/6 HTTP/1.1" 503 265 nbutest1@hs3 326773
172.19.22.138 - hcpnbu [25/May/2016:15:31:49 -0600] "PUT /nbu2/apollo.dpdenverlab.local_1464210411_C1_F1/4 HTTP/1.1" 409 266 nbutest1@hs3 28
172.19.22.137 - hcpnbu [25/May/2016:15:31:49 -0600] "PUT /nbu1/zeus.dpdenverlab.local_1464210401_C1_F1/11 HTTP/1.1" 200 0 nbutest1@hs3 7486
172.19.22.140 - hcpnbu [25/May/2016:15:32:02 -0600] "HEAD /nbu1/ HTTP/1.1" 200 0 nbutest1@hs3 3
172.19.22.139 - hcpnbu [25/May/2016:15:30:41 -0600] "PUT /nbu3/athene.dpdenverlab.local_1464210473_C1_F1/1 HTTP/1.1" 200 0 nbutest1@hs3 85889
172.19.22.138 - hcpnbu [25/May/2016:15:32:10 -0600] "PUT /nbu2/apollo.dpdenverlab.local_1464210411_C1_F1/5 HTTP/1.1" 409 266 nbutest1@hs3 22
172.19.22.137 - hcpnbu [25/May/2016:15:32:12 -0600] "PUT /nbu1/zeus.dpdenverlab.local_1464210401_C1_F1/12 HTTP/1.1" 409 266 nbutest1@hs3 33
172.19.22.138 - hcpnbu [25/May/2016:15:32:13 -0600] "PUT /nbu2/apollo.dpdenverlab.local_1464210411_C1_F1/5 HTTP/1.1" 409 266 nbutest1@hs3 21
172.19.22.137 - hcpnbu [25/May/2016:15:32:15 -0600] "PUT /nbu1/zeus.dpdenverlab.local_1464210388_C1_F1/17 HTTP/1.1" 409 266 nbutest1@hs3 26
172.19.22.137 - hcpnbu [25/May/2016:15:32:16 -0600] "PUT /nbu1/zeus.dpdenverlab.local_1464210401_C1_F1/12 HTTP/1.1" 409 266 nbutest1@hs3 22
172.19.22.139 - hcpnbu [25/May/2016:15:32:11 -0600] "PUT /nbu3/athene.dpdenverlab.local_1464210473_C1_F1/9 HTTP/1.1" 200 0 nbutest1@hs3 5105
172.19.22.137 - hcpnbu [25/May/2016:15:32:18 -0600] "PUT /nbu1/zeus.dpdenverlab.local_1464210388_C1_F1/17 HTTP/1.1" 409 266 nbutest1@hs3 22
172.19.22.140 - hcpnbu [25/May/2016:15:17:04 -0600] "PUT /nub4/saturn.dpdenverlab.local_1464210434_C1_F1/9 HTTP/1.1" 503 265 nbutest1@hs3 915420
172.19.22.140 - hcpnbu [25/May/2016:15:17:13 -0600] "PUT /nub4/saturn.dpdenverlab.local_1464210434_C1_F1/11 HTTP/1.1" 503 265 nbutest1@hs3 907581
172.19.22.137 - hcpnbu [25/May/2016:15:32:21 -0600] "PUT /nbu1/zeus.dpdenverlab.local_1464210401_C1_F1/12 HTTP/1.1" 409 266 nbutest1@hs3 23
172.19.22.138 - hcpnbu [25/May/2016:15:17:15 -0600] "PUT /nbu2/apollo.dpdenverlab.local_1464210423_C1_F1/8 HTTP/1.1" 503 265 nbutest1@hs3 906992
172.19.22.137 - hcpnbu [25/May/2016:15:32:23 -0600] "PUT /nbu1/zeus.dpdenverlab.local_1464210388_C1_F1/17 HTTP/1.1" 409 266 nbutest1@hs3 23
172.19.22.138 - hcpnbu [25/May/2016:15:32:27 -0600] "PUT /nbu2/apollo.dpdenverlab.local_1464210411_C1_F1/5 HTTP/1.1" 409 266 nbutest1@hs3 24
172.19.22.140 - hcpnbu [25/May/2016:15:32:30 -0600] "GET / HTTP/1.1" 200 612 nbutest1@hs3 18
172.19.22.137 - hcpnbu [25/May/2016:15:32:32 -0600] "PUT /nbu1/zeus.dpdenverlab.local_1464210401_C1_F1/12 HTTP/1.1" 409 266 nbutest1@hs3 22
172.19.22.138 - hcpnbu [25/May/2016:15:17:32 -0600] "PUT /nbu2/apollo.dpdenverlab.local_1464210425_C1_F1/5 HTTP/1.1" 503 265 nbutest1@hs3 904717
172.19.22.140 - hcpnbu [25/May/2016:15:33:02 -0600] "HEAD /nbu1/ HTTP/1.1" 200 0 nbutest1@hs3 3
172.19.22.138 - hcpnbu [25/May/2016:15:18:25 -0600] "PUT /nbu2/apollo.dpdenverlab.local_1464210425_C1_F1/6 HTTP/1.1" 503 265 nbutest1@hs3 903635
172.19.22.140 - hcpnbu [25/May/2016:15:33:32 -0600] "HEAD /nbu3/ HTTP/1.1" 200 0 nbutest1@hs3 3
172.19.22.137 - hcpnbu [25/May/2016:15:33:39 -0600] "PUT /nbu1/zeus.dpdenverlab.local_1464210395_C1_F1/12 HTTP/1.1" 409 266 nbutest1@hs3 22
172.19.22.137 - hcpnbu [25/May/2016:15:33:42 -0600] "PUT /nbu1/zeus.dpdenverlab.local_1464210395_C1_F1/12 HTTP/1.1" 409 266 nbutest1@hs3 30
172.19.22.140 - hcpnbu [25/May/2016:15:26:13 -0600] "PUT /nub4/saturn.dpdenverlab.local_1464210443_C1_F1/0 HTTP/1.1" 200 0 nbutest1@hs3 451979
172.19.22.137 - hcpnbu [25/May/2016:15:33:47 -0600] "PUT /nbu1/zeus.dpdenverlab.local_1464210395_C1_F1/12 HTTP/1.1" 409 266 nbutest1@hs3 28
172.19.22.140 - hcpnbu [25/May/2016:15:34:14 -0600] "GET / HTTP/1.1" 200 612 nbutest1@hs3 15
172.19.22.137 - hcpnbu [25/May/2016:15:33:58 -0600] "PUT /nbu1/zeus.dpdenverlab.local_1464210395_C1_F1/12 HTTP/1.1" 503 265 nbutest1@hs3 47557
172.19.22.140 - hcpnbu [25/May/2016:15:34:52 -0600] "HEAD /nub4/ HTTP/1.1" 200 0 nbutest1@hs3 2
172.19.22.140 - hcpnbu [25/May/2016:15:27:48 -0600] "PUT /nub4/saturn.dpdenverlab.local_1464210438_C1_F1/6 HTTP/1.1" 503 265 nbutest1@hs3 446828
172.19.22.137 - hcpnbu [25/May/2016:15:27:48 -0600] "PUT /nbu1/zeus.dpdenverlab.local_1464210403_C1_F1/12 HTTP/1.1" 503 265 nbutest1@hs3 447026
172.19.22.138 - hcpnbu [25/May/2016:15:19:52 -0600] "PUT /nbu2/apollo.dpdenverlab.local_1464210423_C1_F1/9 HTTP/1.1" 503 265 nbutest1@hs3 925290
172.19.22.137 - hcpnbu [25/May/2016:15:35:27 -0600] "PUT /nbu1/zeus.dpdenverlab.local_1464210390_C1_F1/18 HTTP/1.1" 409 228 nbutest1@hs3 5
172.19.22.137 - hcpnbu [25/May/2016:15:35:30 -0600] "PUT /nbu1/zeus.dpdenverlab.local_1464210390_C1_F1/18 HTTP/1.1" 409 228 nbutest1@hs3 4
172.19.22.137 - hcpnbu [25/May/2016:15:35:34 -0600] "PUT /nbu1/zeus.dpdenverlab.local_1464210390_C1_F1/18 HTTP/1.1" 409 228 nbutest1@hs3 4
172.19.22.138 - hcpnbu [25/May/2016:15:20:16 -0600] "PUT /nbu2/apollo.dpdenverlab.local_1464210425_C1_F1/9 HTTP/1.1" 503 265 nbutest1@hs3 921656
172.19.22.137 - hcpnbu [25/May/2016:15:35:46 -0600] "PUT /nbu1/zeus.dpdenverlab.local_1464210390_C1_F1/18 HTTP/1.1" 409 228 nbutest1@hs3 19
172.19.22.140 - hcpnbu [25/May/2016:15:35:59 -0600] "GET / HTTP/1.1" 200 612 nbutest1@hs3 16
172.19.22.137 - hcpnbu [25/May/2016:15:36:04 -0600] "PUT /nbu1/zeus.dpdenverlab.local_1464210390_C1_F1/18 HTTP/1.1" 409 228 nbutest1@hs3 4
172.19.22.140 - hcpnbu [25/May/2016:15:36:30 -0600] "GET /nbu3/?location HTTP/1.1" 200 124 nbutest1@hs3 6
172.19.22.140 - hcpnbu [25/May/2016:15:35:17 -0600] "PUT /nub4/saturn.dpdenverlab.local_1464210438_C1_F1/6 HTTP/1.1" 200 0 nbutest1@hs3 83166
172.19.22.140 - hcpnbu [25/May/2016:15:36:52 -0600] "HEAD /nub4/ HTTP/1.1" 200 0 nbutest1@hs3 2
172.19.22.138 - hcpnbu [25/May/2016:15:37:15 -0600] "HEAD /nbu2/apollo.dpdenverlab.local_1464210415_C1_F1/IMAGE_PROPERTIES HTTP/1.1" 200 0 nbutest1@hs3 7
172.19.22.138 - hcpnbu [25/May/2016:15:22:14 -0600] "PUT /nbu2/apollo.dpdenverlab.local_1464210428_C1_F1/2 HTTP/1.1" 503 265 nbutest1@hs3 906545
172.19.22.138 - hcpnbu [25/May/2016:15:37:27 -0600] "HEAD /nbu2/apollo.dpdenverlab.local_1464210415_C1_HDR/IMAGE_PROPERTIES HTTP/1.1" 200 0 nbutest1@hs3 7
172.19.22.137 - hcpnbu [25/May/2016:15:37:38 -0600] "PUT /nbu1/zeus.dpdenverlab.local_1464210390_C1_F1/BLOCK_MAP_FILE HTTP/1.1" 503 265 nbutest1@hs3 12948
172.19.22.140 - hcpnbu [25/May/2016:15:37:55 -0600] "GET /nbu2/?location HTTP/1.1" 200 124 nbutest1@hs3 5
172.19.22.140 - hcpnbu [25/May/2016:15:22:54 -0600] "PUT /nub4/saturn.dpdenverlab.local_1464210434_C1_F1/12 HTTP/1.1" 503 265 nbutest1@hs3 904568
172.19.22.140 - hcpnbu [25/May/2016:15:38:01 -0600] "HEAD /nbu1/ HTTP/1.1" 200 0 nbutest1@hs3 2
172.19.22.137 - hcpnbu [25/May/2016:15:38:08 -0600] "PUT /nbu1/zeus.dpdenverlab.local_1464210403_C1_F1/11 HTTP/1.1" 409 266 nbutest1@hs3 5
172.19.22.137 - hcpnbu [25/May/2016:15:38:11 -0600] "PUT /nbu1/zeus.dpdenverlab.local_1464210403_C1_F1/11 HTTP/1.1" 409 266 nbutest1@hs3 5
172.19.22.137 - hcpnbu [25/May/2016:15:38:17 -0600] "PUT /nbu1/zeus.dpdenverlab.local_1464210403_C1_F1/11 HTTP/1.1" 409 266 nbutest1@hs3 4
172.19.22.137 - hcpnbu [25/May/2016:15:38:27 -0600] "PUT /nbu1/zeus.dpdenverlab.local_1464210403_C1_F1/11 HTTP/1.1" 409 266 nbutest1@hs3 5
172.19.22.137 - hcpnbu [25/May/2016:15:23:05 -0600] "PUT /nbu1/zeus.dpdenverlab.local_1464210403_C1_F1/11 HTTP/1.1" 503 265 nbutest1@hs3 930501
172.19.22.139 - hcpnbu [25/May/2016:15:23:32 -0600] "PUT /nbu3/athene.dpdenverlab.local_1464210475_C1_F1/4 HTTP/1.1" 503 265 nbutest1@hs3 912334
172.19.22.137 - hcpnbu [25/May/2016:15:37:53 -0600] "PUT /nbu1/zeus.dpdenverlab.local_1464210390_C1_F1/BLOCK_MAP_FILE HTTP/1.1" 503 265 nbutest1@hs3 54292
172.19.22.140 - hcpnbu [25/May/2016:15:38:50 -0600] "GET / HTTP/1.1" 200 612 nbutest1@hs3 18
172.19.22.139 - hcpnbu [25/May/2016:15:23:49 -0600] "PUT /nbu3/athene.dpdenverlab.local_1464210475_C1_F1/5 HTTP/1.1" 503 265 nbutest1@hs3 902874
172.19.22.137 - hcpnbu [25/May/2016:15:38:46 -0600] "PUT /nbu1/zeus.dpdenverlab.local_1464210403_C1_F1/11 HTTP/1.1" 503 265 nbutest1@hs3 6716
172.19.22.138 - hcpnbu [25/May/2016:15:23:01 -0600] "PUT /nbu2/apollo.dpdenverlab.local_1464210428_C1_F1/7 HTTP/1.1" 503 265 nbutest1@hs3 953062
172.19.22.137 - hcpnbu [25/May/2016:15:38:52 -0600] "PUT /nbu1/zeus.dpdenverlab.local_1464210390_C1_F1/BLOCK_MAP_FILE HTTP/1.1" 503 265 nbutest1@hs3 4236
172.19.22.137 - hcpnbu [25/May/2016:15:38:55 -0600] "PUT /nbu1/zeus.dpdenverlab.local_1464210403_C1_F1/11 HTTP/1.1" 503 265 nbutest1@hs3 4005
172.19.22.137 - hcpnbu [25/May/2016:15:39:05 -0600] "PUT /nbu1/zeus.dpdenverlab.local_1464210390_C1_F1/BLOCK_MAP_FILE HTTP/1.1" 503 265 nbutest1@hs3 6051
172.19.22.137 - hcpnbu [25/May/2016:15:39:11 -0600] "PUT /nbu1/zeus.dpdenverlab.local_1464210401_C1_F1/13 HTTP/1.1" 409 266 nbutest1@hs3 23
172.19.22.140 - hcpnbu [25/May/2016:15:39:16 -0600] "HEAD /nbu2/ HTTP/1.1" 200 0 nbutest1@hs3 2
172.19.22.137 - hcpnbu [25/May/2016:15:39:15 -0600] "PUT /nbu1/zeus.dpdenverlab.local_1464210401_C1_F1/13 HTTP/1.1" 200 0 nbutest1@hs3 5125
172.19.22.137 - hcpnbu [25/May/2016:15:39:37 -0600] "PUT /nbu1/zeus.dpdenverlab.local_1464210403_C1_F1/10 HTTP/1.1" 409 266 nbutest1@hs3 5
172.19.22.137 - hcpnbu [25/May/2016:15:39:41 -0600] "PUT /nbu1/zeus.dpdenverlab.local_1464210403_C1_F1/10 HTTP/1.1" 409 266 nbutest1@hs3 6
172.19.22.137 - hcpnbu [25/May/2016:15:39:28 -0600] "PUT /nbu1/zeus.dpdenverlab.local_1464210390_C1_F1/BLOCK_MAP_FILE HTTP/1.1" 200 0 nbutest1@hs3 17363
172.19.22.137 - hcpnbu [25/May/2016:15:39:46 -0600] "PUT /nbu1/zeus.dpdenverlab.local_1464210403_C1_F1/10 HTTP/1.1" 409 266 nbutest1@hs3 5
172.19.22.138 - hcpnbu [25/May/2016:15:24:44 -0600] "PUT /nbu2/apollo.dpdenverlab.local_1464210428_C1_F1/12 HTTP/1.1" 503 265 nbutest1@hs3 903212
172.19.22.137 - hcpnbu [25/May/2016:15:39:48 -0600] "HEAD /nbu1/zeus.dpdenverlab.local_1464210390_C1_F1/IMAGE_PROPERTIES HTTP/1.1" 200 0 nbutest1@hs3 7
172.19.22.137 - hcpnbu [25/May/2016:15:24:33 -0600] "PUT /nbu1/zeus.dpdenverlab.local_1464210403_C1_F1/10 HTTP/1.1" 503 265 nbutest1@hs3 918082
172.19.22.137 - hcpnbu [25/May/2016:15:39:53 -0600] "DELETE /nbu1/zeus.dpdenverlab.local_1464210390_C1_F1/0 HTTP/1.1" 204 0 nbutest1@hs3 46
172.19.22.139 - hcpnbu [25/May/2016:15:39:54 -0600] "PUT /nbu3/athene.dpdenverlab.local_1464210468_C1_F1/9 HTTP/1.1" 409 266 nbutest1@hs3 45
172.19.22.137 - hcpnbu [25/May/2016:15:39:54 -0600] "DELETE /nbu1/zeus.dpdenverlab.local_1464210390_C1_F1/12 HTTP/1.1" 204 0 nbutest1@hs3 28
172.19.22.137 - hcpnbu [25/May/2016:15:39:55 -0600] "DELETE /nbu1/zeus.dpdenverlab.local_1464210390_C1_F1/16 HTTP/1.1" 204 0 nbutest1@hs3 22
172.19.22.137 - hcpnbu [25/May/2016:15:39:56 -0600] "DELETE /nbu1/zeus.dpdenverlab.local_1464210390_C1_F1/2 HTTP/1.1" 204 0 nbutest1@hs3 21
172.19.22.137 - hcpnbu [25/May/2016:15:39:57 -0600] "DELETE /nbu1/zeus.dpdenverlab.local_1464210390_C1_F1/3 HTTP/1.1" 204 0 nbutest1@hs3 21
172.19.22.140 - hcpnbu [25/May/2016:15:24:55 -0600] "PUT /nub4/saturn.dpdenverlab.local_1464210434_C1_F1/13 HTTP/1.1" 503 265 nbutest1@hs3 902468
172.19.22.139 - hcpnbu [25/May/2016:15:39:58 -0600] "PUT /nbu3/athene.dpdenverlab.local_1464210468_C1_F1/10 HTTP/1.1" 409 266 nbutest1@hs3 34
172.19.22.137 - hcpnbu [25/May/2016:15:39:58 -0600] "DELETE /nbu1/zeus.dpdenverlab.local_1464210390_C1_F1/7 HTTP/1.1" 204 0 nbutest1@hs3 22
172.19.22.137 - hcpnbu [25/May/2016:15:39:59 -0600] "DELETE /nbu1/zeus.dpdenverlab.local_1464210390_C1_F1/IMAGE_PROPERTIES HTTP/1.1" 204 0 nbutest1@hs3 13
172.19.22.137 - hcpnbu [25/May/2016:15:39:53 -0600] "PUT /nbu1/zeus.dpdenverlab.local_1464210403_C1_F1/10 HTTP/1.1" 503 265 nbutest1@hs3 6057
172.19.22.139 - hcpnbu [25/May/2016:15:40:02 -0600] "PUT /nbu3/athene.dpdenverlab.local_1464210468_C1_F1/10 HTTP/1.1" 409 266 nbutest1@hs3 31
172.19.22.139 - hcpnbu [25/May/2016:15:40:06 -0600] "PUT /nbu3/athene.dpdenverlab.local_1464210468_C1_F1/11 HTTP/1.1" 409 266 nbutest1@hs3 31
172.19.22.137 - hcpnbu [25/May/2016:15:40:03 -0600] "GET /nbu1/zeus.dpdenverlab.local_1464210390_C1_HDR/BLOCK_MAP_FILE HTTP/1.1" 503 0 nbutest1@hs3 3021
172.19.22.139 - hcpnbu [25/May/2016:15:40:09 -0600] "PUT /nbu3/athene.dpdenverlab.local_1464210468_C1_F1/11 HTTP/1.1" 409 266 nbutest1@hs3 23
172.19.22.137 - hcpnbu [25/May/2016:15:40:03 -0600] "PUT /nbu1/zeus.dpdenverlab.local_1464210403_C1_F1/10 HTTP/1.1" 503 265 nbutest1@hs3 6058
172.19.22.137 - hcpnbu [25/May/2016:15:40:08 -0600] "GET /nbu1/zeus.dpdenverlab.local_1464210390_C1_HDR/BLOCK_MAP_FILE HTTP/1.1" 503 0 nbutest1@hs3 3041
172.19.22.139 - hcpnbu [25/May/2016:15:40:13 -0600] "PUT /nbu3/athene.dpdenverlab.local_1464210468_C1_F1/11 HTTP/1.1" 409 266 nbutest1@hs3 25
172.19.22.137 - hcpnbu [25/May/2016:15:40:13 -0600] "GET /nbu1/zeus.dpdenverlab.local_1464210390_C1_HDR/BLOCK_MAP_FILE HTTP/1.1" 503 0 nbutest1@hs3 3032
172.19.22.138 - hcpnbu [25/May/2016:15:24:55 -0600] "PUT /nbu2/apollo.dpdenverlab.local_1464210428_C1_F1/13 HTTP/1.1" 503 265 nbutest1@hs3 922734
172.19.22.137 - hcpnbu [25/May/2016:15:40:18 -0600] "GET /nbu1/zeus.dpdenverlab.local_1464210390_C1_HDR/BLOCK_MAP_FILE HTTP/1.1" 503 0 nbutest1@hs3 3016
172.19.22.137 - hcpnbu [25/May/2016:15:40:22 -0600] "DELETE /nbu1/zeus.dpdenverlab.local_1464210390_C1_HDR/0 HTTP/1.1" 204 0 nbutest1@hs3 27
172.19.22.139 - hcpnbu [25/May/2016:15:40:22 -0600] "PUT /nbu3/athene.dpdenverlab.local_1464210468_C1_F1/11 HTTP/1.1" 503 265 nbutest1@hs3 6077
172.19.22.139 - hcpnbu [25/May/2016:15:25:23 -0600] "PUT /nbu3/athene.dpdenverlab.local_1464210475_C1_F1/2 HTTP/1.1" 503 265 nbutest1@hs3 906365
172.19.22.140 - hcpnbu [25/May/2016:15:40:30 -0600] "GET / HTTP/1.1" 200 612 nbutest1@hs3 19
172.19.22.139 - hcpnbu [25/May/2016:15:40:33 -0600] "PUT /nbu3/athene.dpdenverlab.local_1464210468_C1_F1/11 HTTP/1.1" 503 265 nbutest1@hs3 6056
172.19.22.140 - hcpnbu [25/May/2016:15:40:49 -0600] "GET / HTTP/1.1" 200 612 nbutest1@hs3 17
172.19.22.137 - hcpnbu [25/May/2016:15:25:53 -0600] "PUT /nbu1/zeus.dpdenverlab.local_1464210388_C1_F1/14 HTTP/1.1" 503 265 nbutest1@hs3 902308
172.19.22.137 - hcpnbu [25/May/2016:15:25:56 -0600] "PUT /nbu1/zeus.dpdenverlab.local_1464210395_C1_F1/1 HTTP/1.1" 503 265 nbutest1@hs3 903623
172.19.22.140 - hcpnbu [25/May/2016:15:41:15 -0600] "GET / HTTP/1.1" 200 612 nbutest1@hs3 42
172.19.22.140 - hcpnbu [25/May/2016:15:26:19 -0600] "PUT /nub4/saturn.dpdenverlab.local_1464210451_C1_F1/2 HTTP/1.1" 503 0 nbutest1@hs3 900564
172.19.22.140 - hcpnbu [25/May/2016:15:41:22 -0600] "PUT /nub4/saturn.dpdenverlab.local_1464210451_C1_F1/2 HTTP/1.1" 503 265 nbutest1@hs3 6051
172.19.22.140 - hcpnbu [25/May/2016:15:41:32 -0600] "PUT /nub4/saturn.dpdenverlab.local_1464210451_C1_F1/2 HTTP/1.1" 503 265 nbutest1@hs3 6069
172.19.22.137 - hcpnbu [25/May/2016:15:41:44 -0600] "PUT /nbu1/zeus.dpdenverlab.local_1464210388_C1_F1/15 HTTP/1.1" 409 266 nbutest1@hs3 5
172.19.22.137 - hcpnbu [25/May/2016:15:41:47 -0600] "PUT /nbu1/zeus.dpdenverlab.local_1464210388_C1_F1/15 HTTP/1.1" 409 266 nbutest1@hs3 5
172.19.22.137 - hcpnbu [25/May/2016:15:26:50 -0600] "PUT /nbu1/zeus.dpdenverlab.local_1464210401_C1_F1/10 HTTP/1.1" 503 0 nbutest1@hs3 900666
172.19.22.140 - hcpnbu [25/May/2016:15:41:50 -0600] "GET / HTTP/1.1" 200 612 nbutest1@hs3 20
172.19.22.137 - hcpnbu [25/May/2016:15:41:52 -0600] "PUT /nbu1/zeus.dpdenverlab.local_1464210388_C1_F1/15 HTTP/1.1" 409 266 nbutest1@hs3 4
172.19.22.139 - hcpnbu [25/May/2016:15:41:57 -0600] "PUT /nbu3/athene.dpdenverlab.local_1464210480_C1_F1/3 HTTP/1.1" 409 266 nbutest1@hs3 5
172.19.22.137 - hcpnbu [25/May/2016:15:41:52 -0600] "PUT /nbu1/zeus.dpdenverlab.local_1464210401_C1_F1/10 HTTP/1.1" 503 265 nbutest1@hs3 6053
172.19.22.140 - hcpnbu [25/May/2016:15:41:59 -0600] "PUT /nub4/saturn.dpdenverlab.local_1464210443_C1_F1/8 HTTP/1.1" 409 266 nbutest1@hs3 5
172.19.22.140 - hcpnbu [25/May/2016:15:26:57 -0600] "PUT /nub4/saturn.dpdenverlab.local_1464210443_C1_F1/8 HTTP/1.1" 503 265 nbutest1@hs3 902993
172.19.22.139 - hcpnbu [25/May/2016:15:26:53 -0600] "PUT /nbu3/athene.dpdenverlab.local_1464210480_C1_F1/3 HTTP/1.1" 503 265 nbutest1@hs3 906559
172.19.22.139 - hcpnbu [25/May/2016:15:26:56 -0600] "PUT /nbu3/athene.dpdenverlab.local_1464210466_C1_F1/4 HTTP/1.1" 503 265 nbutest1@hs3 904023
172.19.22.140 - hcpnbu [25/May/2016:15:42:01 -0600] "HEAD /nbu1/ HTTP/1.1" 200 0 nbutest1@hs3 2
172.19.22.137 - hcpnbu [25/May/2016:15:42:02 -0600] "PUT /nbu1/zeus.dpdenverlab.local_1464210388_C1_F1/15 HTTP/1.1" 409 266 nbutest1@hs3 5
172.19.22.137 - hcpnbu [25/May/2016:15:26:40 -0600] "PUT /nbu1/zeus.dpdenverlab.local_1464210388_C1_F1/15 HTTP/1.1" 503 265 nbutest1@hs3 922890
172.19.22.137 - hcpnbu [25/May/2016:15:42:03 -0600] "PUT /nbu1/zeus.dpdenverlab.local_1464210395_C1_F1/8 HTTP/1.1" 409 266 nbutest1@hs3 6
