172.19.22.139 - hcpnbu [25/May/2016:16:08:58 -0600] "GET /nbu3/athene.dpdenverlab.local_1464210458_C1_HDR/BLOCK_MAP_FILE HTTP/1.1" 503 0 nbutest1@hs3 3021
172.19.22.140 - hcpnbu [25/May/2016:16:09:05 -0600] "PUT /nub4/saturn.dpdenverlab.local_1464210441_C1_F1/31 HTTP/1.1" 409 266 nbutest1@hs3 28
172.19.22.139 - hcpnbu [25/May/2016:16:09:04 -0600] "GET /nbu3/athene.dpdenverlab.local_1464210458_C1_HDR/BLOCK_MAP_FILE HTTP/1.1" 503 0 nbutest1@hs3 3019
172.19.22.138 - hcpnbu [25/May/2016:16:09:10 -0600] "PUT /nbu2/apollo.dpdenverlab.local_1464210422_C1_F1/29 HTTP/1.1" 409 228 nbutest1@hs3 7
172.19.22.138 - hcpnbu [25/May/2016:16:09:12 -0600] "PUT /nbu2/apollo.dpdenverlab.local_1464210422_C1_F1/29 HTTP/1.1" 409 228 nbutest1@hs3 6
172.19.22.139 - hcpnbu [25/May/2016:16:09:09 -0600] "GET /nbu3/athene.dpdenverlab.local_1464210458_C1_HDR/BLOCK_MAP_FILE HTTP/1.1" 503 0 nbutest1@hs3 3018
172.19.22.140 - hcpnbu [25/May/2016:16:09:12 -0600] "DELETE /nub4/saturn.dpdenverlab.local_1464210447_C1_F1/BLOCK_MAP_FILE HTTP/1.1" 204 0 nbutest1@hs3 4
172.19.22.140 - hcpnbu [25/May/2016:15:55:26 -0600] "PUT /nub4/saturn.dpdenverlab.local_1464210444_C1_F1/12 HTTP/1.1" 200 0 nbutest1@hs3 828962
172.19.22.138 - hcpnbu [25/May/2016:16:09:16 -0600] "PUT /nbu2/apollo.dpdenverlab.local_1464210410_C1_F1/9 HTTP/1.1" 409 266 nbutest1@hs3 6
172.19.22.137 - hcpnbu [25/May/2016:16:09:16 -0600] "HEAD /nbu1/zeus.dpdenverlab.local_1464210391_C1_F1/IMAGE_PROPERTIES HTTP/1.1" 200 0 nbutest1@hs3 9
172.19.22.139 - hcpnbu [25/May/2016:16:09:14 -0600] "GET /nbu3/athene.dpdenverlab.local_1464210458_C1_HDR/BLOCK_MAP_FILE HTTP/1.1" 503 0 nbutest1@hs3 3019
172.19.22.138 - hcpnbu [25/May/2016:16:09:18 -0600] "PUT /nbu2/apollo.dpdenverlab.local_1464210422_C1_F1/29 HTTP/1.1" 409 228 nbutest1@hs3 5
172.19.22.138 - hcpnbu [25/May/2016:16:09:19 -0600] "PUT /nbu2/apollo.dpdenverlab.local_1464210410_C1_F1/9 HTTP/1.1" 409 266 nbutest1@hs3 7
172.19.22.138 - hcpnbu [25/May/2016:16:08:57 -0600] "PUT /nbu2/apollo.dpdenverlab.local_1464210410_C1_F1/14 HTTP/1.1" 503 265 nbutest1@hs3 26210
172.19.22.139 - hcpnbu [25/May/2016:15:54:22 -0600] "PUT /nbu3/athene.dpdenverlab.local_1464210462_C1_F1/8 HTTP/1.1" 200 0 nbutest1@hs3 901473
172.19.22.140 - hcpnbu [25/May/2016:16:09:24 -0600] "HEAD /nub4/saturn.dpdenverlab.local_1464210447_C1_F1/IMAGE_PROPERTIES HTTP/1.1" 200 0 nbutest1@hs3 8
172.19.22.138 - hcpnbu [25/May/2016:16:09:26 -0600] "PUT /nbu2/apollo.dpdenverlab.local_1464210410_C1_F1/9 HTTP/1.1" 409 266 nbutest1@hs3 6
172.19.22.139 - hcpnbu [25/May/2016:16:09:26 -0600] "PUT /nbu3/athene.dpdenverlab.local_1464210462_C1_F1/8 HTTP/1.1" 409 228 nbutest1@hs3 6
172.19.22.138 - hcpnbu [25/May/2016:16:09:27 -0600] "PUT /nbu2/apollo.dpdenverlab.local_1464210422_C1_F1/29 HTTP/1.1" 409 228 nbutest1@hs3 5
172.19.22.138 - hcpnbu [25/May/2016:16:09:30 -0600] "HEAD /nbu3/ HTTP/1.1" 200 0 nbutest1@hs3 3
172.19.22.139 - hcpnbu [25/May/2016:16:09:31 -0600] "PUT /nbu3/athene.dpdenverlab.local_1464210462_C1_F1/8 HTTP/1.1" 409 228 nbutest1@hs3 5
172.19.22.138 - hcpnbu [25/May/2016:16:09:26 -0600] "PUT /nbu2/apollo.dpdenverlab.local_1464210410_C1_F1/14 HTTP/1.1" 200 0 nbutest1@hs3 6143
172.19.22.138 - hcpnbu [25/May/2016:16:09:34 -0600] "PUT /nbu2/apollo.dpdenverlab.local_1464210410_C1_F1/9 HTTP/1.1" 409 266 nbutest1@hs3 6
172.19.22.138 - hcpnbu [25/May/2016:15:54:13 -0600] "PUT /nbu2/apollo.dpdenverlab.local_1464210410_C1_F1/9 HTTP/1.1" 200 0 nbutest1@hs3 922130
172.19.22.140 - hcpnbu [25/May/2016:16:09:35 -0600] "HEAD /nub4/saturn.dpdenverlab.local_1464210447_C1_HDR/IMAGE_PROPERTIES HTTP/1.1" 200 0 nbutest1@hs3 8
172.19.22.139 - hcpnbu [25/May/2016:16:09:36 -0600] "PUT /nbu3/athene.dpdenverlab.local_1464210462_C1_F1/8 HTTP/1.1" 409 228 nbutest1@hs3 5
172.19.22.138 - hcpnbu [25/May/2016:16:09:39 -0600] "PUT /nbu2/apollo.dpdenverlab.local_1464210417_C1_F1/31 HTTP/1.1" 409 266 nbutest1@hs3 26
172.19.22.138 - hcpnbu [25/May/2016:16:09:33 -0600] "PUT /nbu2/apollo.dpdenverlab.local_1464210410_C1_F1/15 HTTP/1.1" 200 0 nbutest1@hs3 6272
172.19.22.138 - hcpnbu [25/May/2016:16:09:41 -0600] "PUT /nbu2/apollo.dpdenverlab.local_1464210417_C1_F1/31 HTTP/1.1" 409 266 nbutest1@hs3 26
172.19.22.140 - hcpnbu [25/May/2016:16:09:37 -0600] "PUT /nub4/saturn.dpdenverlab.local_1464210441_C1_F1/31 HTTP/1.1" 200 0 nbutest1@hs3 4490
172.19.22.138 - hcpnbu [25/May/2016:16:09:43 -0600] "PUT /nbu2/apollo.dpdenverlab.local_1464210422_C1_F1/29 HTTP/1.1" 409 228 nbutest1@hs3 5
172.19.22.139 - hcpnbu [25/May/2016:16:09:45 -0600] "PUT /nbu3/athene.dpdenverlab.local_1464210462_C1_F1/8 HTTP/1.1" 409 228 nbutest1@hs3 5
172.19.22.138 - hcpnbu [25/May/2016:16:09:46 -0600] "PUT /nbu2/apollo.dpdenverlab.local_1464210417_C1_F1/31 HTTP/1.1" 409 266 nbutest1@hs3 25
172.19.22.140 - hcpnbu [25/May/2016:16:09:43 -0600] "PUT /nub4/saturn.dpdenverlab.local_1464210441_C1_F1/34 HTTP/1.1" 200 0 nbutest1@hs3 4730
172.19.22.138 - hcpnbu [25/May/2016:16:09:49 -0600] "HEAD /nub4/ HTTP/1.1" 200 0 nbutest1@hs3 4
172.19.22.139 - hcpnbu [25/May/2016:16:09:51 -0600] "HEAD /nbu1/zeus.dpdenverlab.local_1464210391_C1_F1/IMAGE_PROPERTIES HTTP/1.1" 404 0 nbutest1@hs3 5
172.19.22.138 - hcpnbu [25/May/2016:16:09:52 -0600] "PUT /nbu2/apollo.dpdenverlab.local_1464210410_C1_F1/9 HTTP/1.1" 409 228 nbutest1@hs3 6
172.19.22.138 - hcpnbu [25/May/2016:16:09:54 -0600] "PUT /nbu2/apollo.dpdenverlab.local_1464210417_C1_F1/31 HTTP/1.1" 409 228 nbutest1@hs3 6
172.19.22.139 - hcpnbu [25/May/2016:16:09:58 -0600] "HEAD /nbu3/athene.dpdenverlab.local_1464210479_C1_F1/IMAGE_PROPERTIES HTTP/1.1" 200 0 nbutest1@hs3 9
172.19.22.139 - hcpnbu [25/May/2016:15:57:45 -0600] "PUT /nbu3/athene.dpdenverlab.local_1464210481_C1_F1/14 HTTP/1.1" 200 0 nbutest1@hs3 734319
172.19.22.140 - hcpnbu [25/May/2016:15:56:47 -0600] "PUT /nub4/saturn.dpdenverlab.local_1464210444_C1_F1/1 HTTP/1.1" 200 0 nbutest1@hs3 792570
172.19.22.139 - hcpnbu [25/May/2016:16:10:02 -0600] "DELETE /nbu3/athene.dpdenverlab.local_1464210479_C1_F1/IMAGE_PROPERTIES HTTP/1.1" 204 0 nbutest1@hs3 17
172.19.22.139 - hcpnbu [25/May/2016:16:10:03 -0600] "PUT /nbu3/athene.dpdenverlab.local_1464210462_C1_F1/8 HTTP/1.1" 409 228 nbutest1@hs3 6
172.19.22.138 - hcpnbu [25/May/2016:15:58:34 -0600] "PUT /nbu2/apollo.dpdenverlab.local_1464210410_C1_F1/8 HTTP/1.1" 200 0 nbutest1@hs3 690027
172.19.22.140 - hcpnbu [25/May/2016:15:54:26 -0600] "PUT /nub4/saturn.dpdenverlab.local_1464210454_C1_F1/7 HTTP/1.1" 503 265 nbutest1@hs3 940526
172.19.22.138 - hcpnbu [25/May/2016:16:10:12 -0600] "PUT /nbu2/apollo.dpdenverlab.local_1464210417_C1_F1/31 HTTP/1.1" 409 228 nbutest1@hs3 6
172.19.22.138 - hcpnbu [25/May/2016:15:56:46 -0600] "PUT /nbu2/apollo.dpdenverlab.local_1464210410_C1_F1/13 HTTP/1.1" 200 0 nbutest1@hs3 806515
172.19.22.140 - hcpnbu [25/May/2016:16:10:14 -0600] "GET / HTTP/1.1" 200 612 nbutest1@hs3 31
172.19.22.138 - hcpnbu [25/May/2016:16:10:17 -0600] "PUT /nbu2/apollo.dpdenverlab.local_1464210422_C1_F1/29 HTTP/1.1" 409 228 nbutest1@hs3 6
172.19.22.138 - hcpnbu [25/May/2016:16:10:14 -0600] "PUT /nbu2/apollo.dpdenverlab.local_1464210410_C1_F1/18 HTTP/1.1" 503 265 nbutest1@hs3 6054
172.19.22.137 - hcpnbu [25/May/2016:15:57:10 -0600] "PUT /nbu1/zeus.dpdenverlab.local_1464210404_C1_F1/10 HTTP/1.1" 200 0 nbutest1@hs3 799590
172.19.22.138 - hcpnbu [25/May/2016:16:10:26 -0600] "PUT /nbu2/apollo.dpdenverlab.local_1464210429_C1_F1/IMAGE_PROPERTIES HTTP/1.1" 503 265 nbutest1@hs3 6055
172.19.22.140 - hcpnbu [25/May/2016:15:56:52 -0600] "PUT /nub4/saturn.dpdenverlab.local_1464210436_C1_F1/11 HTTP/1.1" 200 0 nbutest1@hs3 822383
172.19.22.139 - hcpnbu [25/May/2016:16:10:35 -0600] "PUT /nbu3/athene.dpdenverlab.local_1464210462_C1_F1/8 HTTP/1.1" 409 228 nbutest1@hs3 6
172.19.22.139 - hcpnbu [25/May/2016:16:10:38 -0600] "PUT /nbu3/athene.dpdenverlab.local_1464210462_C1_F1/6 HTTP/1.1" 409 266 nbutest1@hs3 7
172.19.22.137 - hcpnbu [25/May/2016:16:10:32 -0600] "PUT /nbu1/zeus.dpdenverlab.local_1464210404_C1_F1/28 HTTP/1.1" 503 265 nbutest1@hs3 6053
172.19.22.139 - hcpnbu [25/May/2016:16:10:40 -0600] "PUT /nbu3/athene.dpdenverlab.local_1464210462_C1_F1/6 HTTP/1.1" 409 266 nbutest1@hs3 8
172.19.22.140 - hcpnbu [25/May/2016:16:00:37 -0600] "PUT /nub4/saturn.dpdenverlab.local_1464210444_C1_F1/13 HTTP/1.1" 200 0 nbutest1@hs3 603854
172.19.22.139 - hcpnbu [25/May/2016:15:55:34 -0600] "PUT /nbu3/athene.dpdenverlab.local_1464210462_C1_F1/6 HTTP/1.1" 200 0 nbutest1@hs3 907867
172.19.22.139 - hcpnbu [25/May/2016:16:10:42 -0600] "DELETE /nbu3/athene.dpdenverlab.local_1464210479_C1_F1/ HTTP/1.1" 204 0 nbutest1@hs3 12
172.19.22.139 - hcpnbu [25/May/2016:16:10:44 -0600] "PUT /nbu3/athene.dpdenverlab.local_1464210462_C1_F1/6 HTTP/1.1" 409 228 nbutest1@hs3 6
172.19.22.140 - hcpnbu [25/May/2016:16:10:47 -0600] "DELETE /nub4/saturn.dpdenverlab.local_1464210457_C1_F1/BLOCK_MAP_FILE HTTP/1.1" 204 0 nbutest1@hs3 5
172.19.22.138 - hcpnbu [25/May/2016:16:10:34 -0600] "PUT /nbu2/apollo.dpdenverlab.local_1464210429_C1_F1/IMAGE_PROPERTIES HTTP/1.1" 200 0 nbutest1@hs3 15427
172.19.22.138 - hcpnbu [25/May/2016:16:10:50 -0600] "GET /nbu2/?prefix=apollo.dpdenverlab.local_1464210429_C1_F1/REFERENCES/ HTTP/1.1" 200 299 nbutest1@hs3 49
172.19.22.139 - hcpnbu [25/May/2016:16:10:00 -0600] "PUT /nbu3/athene.dpdenverlab.local_1464210481_C1_F1/17 HTTP/1.1" 503 265 nbutest1@hs3 52416
172.19.22.138 - hcpnbu [25/May/2016:16:10:53 -0600] "GET /nbu3/?location HTTP/1.1" 200 124 nbutest1@hs3 10
172.19.22.139 - hcpnbu [25/May/2016:16:10:53 -0600] "PUT /nbu3/athene.dpdenverlab.local_1464210462_C1_F1/6 HTTP/1.1" 409 228 nbutest1@hs3 6
172.19.22.140 - hcpnbu [25/May/2016:16:10:01 -0600] "PUT /nub4/saturn.dpdenverlab.local_1464210444_C1_F1/15 HTTP/1.1" 503 265 nbutest1@hs3 52410
172.19.22.138 - hcpnbu [25/May/2016:16:10:55 -0600] "HEAD /nbu3/ HTTP/1.1" 200 0 nbutest1@hs3 4
172.19.22.138 - hcpnbu [25/May/2016:16:10:59 -0600] "HEAD /nbu2/apollo.dpdenverlab.local_1464210429_C1_HDR/IMAGE_PROPERTIES HTTP/1.1" 200 0 nbutest1@hs3 9
172.19.22.137 - hcpnbu [25/May/2016:15:58:51 -0600] "PUT /nbu1/zeus.dpdenverlab.local_1464210404_C1_F1/24 HTTP/1.1" 200 0 nbutest1@hs3 729993
172.19.22.140 - hcpnbu [25/May/2016:15:57:25 -0600] "PUT /nub4/saturn.dpdenverlab.local_1464210444_C1_F1/5 HTTP/1.1" 200 0 nbutest1@hs3 815667
172.19.22.138 - hcpnbu [25/May/2016:16:11:04 -0600] "DELETE /nbu2/apollo.dpdenverlab.local_1464210429_C1_HDR/ HTTP/1.1" 204 0 nbutest1@hs3 23
172.19.22.137 - hcpnbu [25/May/2016:16:11:02 -0600] "PUT /nbu1/zeus.dpdenverlab.local_1464210404_C1_F1/30 HTTP/1.1" 200 0 nbutest1@hs3 5684
172.19.22.140 - hcpnbu [25/May/2016:16:11:02 -0600] "PUT /nub4/saturn.dpdenverlab.local_1464210444_C1_F1/17 HTTP/1.1" 200 0 nbutest1@hs3 5683
172.19.22.140 - hcpnbu [25/May/2016:16:11:08 -0600] "GET /nub4/?prefix=saturn.dpdenverlab.local_1464210457_C1_HDR/REFERENCES/ HTTP/1.1" 200 300 nbutest1@hs3 46
172.19.22.137 - hcpnbu [25/May/2016:16:11:10 -0600] "HEAD /nbu1/zeus.dpdenverlab.local_1464210398_C1_F1/IMAGE_PROPERTIES HTTP/1.1" 200 0 nbutest1@hs3 9
172.19.22.139 - hcpnbu [25/May/2016:16:11:11 -0600] "PUT /nbu3/athene.dpdenverlab.local_1464210462_C1_F1/6 HTTP/1.1" 409 228 nbutest1@hs3 5
172.19.22.138 - hcpnbu [25/May/2016:16:11:13 -0600] "PUT /nbu2/apollo.dpdenverlab.local_1464210422_C1_F1/29 HTTP/1.1" 409 228 nbutest1@hs3 6
172.19.22.138 - hcpnbu [25/May/2016:16:07:41 -0600] "PUT /nbu2/apollo.dpdenverlab.local_1464210422_C1_F1/26 HTTP/1.1" 503 265 nbutest1@hs3 213176
172.19.22.139 - hcpnbu [25/May/2016:16:11:14 -0600] "HEAD /nbu2/apollo.dpdenverlab.local_1464210429_C1_F1/IMAGE_PROPERTIES HTTP/1.1" 404 0 nbutest1@hs3 4
172.19.22.139 - hcpnbu [25/May/2016:16:11:18 -0600] "DELETE /nbu3/athene.dpdenverlab.local_1464210472_C1_F1/BLOCK_MAP_FILE HTTP/1.1" 204 0 nbutest1@hs3 4
172.19.22.140 - hcpnbu [25/May/2016:16:11:20 -0600] "HEAD /nub4/ HTTP/1.1" 200 0 nbutest1@hs3 3
172.19.22.140 - hcpnbu [25/May/2016:16:11:23 -0600] "HEAD /nub4/saturn.dpdenverlab.local_1464210457_C1_HDR/IMAGE_PROPERTIES HTTP/1.1" 404 0 nbutest1@hs3 4
172.19.22.138 - hcpnbu [25/May/2016:16:09:40 -0600] "PUT /nbu2/apollo.dpdenverlab.local_1464210410_C1_F1/16 HTTP/1.1" 503 0 nbutest1@hs3 103701
172.19.22.138 - hcpnbu [25/May/2016:16:10:05 -0600] "PUT /nbu2/apollo.dpdenverlab.local_1464210410_C1_F1/17 HTTP/1.1" 503 265 nbutest1@hs3 79335
172.19.22.140 - hcpnbu [25/May/2016:16:11:29 -0600] "GET / HTTP/1.1" 200 612 nbutest1@hs3 68
172.19.22.139 - hcpnbu [25/May/2016:16:11:31 -0600] "GET /nbu2/?location HTTP/1.1" 200 124 nbutest1@hs3 9
172.19.22.138 - hcpnbu [25/May/2016:16:11:16 -0600] "PUT /nbu2/apollo.dpdenverlab.local_1464210422_C1_F1/BLOCK_MAP_FILE HTTP/1.1" 200 0 nbutest1@hs3 16604
172.19.22.139 - hcpnbu [25/May/2016:16:11:32 -0600] "PUT /nbu3/athene.dpdenverlab.local_1464210462_C1_F1/8 HTTP/1.1" 409 228 nbutest1@hs3 6
172.19.22.139 - hcpnbu [25/May/2016:16:07:48 -0600] "PUT /nbu3/athene.dpdenverlab.local_1464210462_C1_F1/5 HTTP/1.1" 503 0 nbutest1@hs3 224502
172.19.22.139 - hcpnbu [25/May/2016:16:06:17 -0600] "PUT /nbu3/athene.dpdenverlab.local_1464210462_C1_F1/4 HTTP/1.1" 503 0 nbutest1@hs3 315802
172.19.22.137 - hcpnbu [25/May/2016:16:11:34 -0600] "DELETE /nbu1/zeus.dpdenverlab.local_1464210403_C1_F1/IMAGE_PROPERTIES HTTP/1.1" 204 0 nbutest1@hs3 15
172.19.22.139 - hcpnbu [25/May/2016:15:58:33 -0600] "PUT /nbu3/athene.dpdenverlab.local_1464210481_C1_F1/7 HTTP/1.1" 200 0 nbutest1@hs3 781940
172.19.22.137 - hcpnbu [25/May/2016:16:11:38 -0600] "GET /nbu1/zeus.dpdenverlab.local_1464210403_C1_F1/BLOCK_MAP_FILE HTTP/1.1" 503 0 nbutest1@hs3 3017
172.19.22.137 - hcpnbu [25/May/2016:16:11:43 -0600] "GET /nbu1/zeus.dpdenverlab.local_1464210403_C1_F1/BLOCK_MAP_FILE HTTP/1.1" 503 0 nbutest1@hs3 3021
172.19.22.138 - hcpnbu [25/May/2016:16:11:51 -0600] "GET /nbu2/?prefix=apollo.dpdenverlab.local_1464210428_C1_HDR/REFERENCES/ HTTP/1.1" 200 300 nbutest1@hs3 47
172.19.22.137 - hcpnbu [25/May/2016:16:11:48 -0600] "GET /nbu1/zeus.dpdenverlab.local_1464210403_C1_F1/BLOCK_MAP_FILE HTTP/1.1" 503 0 nbutest1@hs3 3017
172.19.22.140 - hcpnbu [25/May/2016:16:11:48 -0600] "PUT /nub4/saturn.dpdenverlab.local_1464210456_C1_F1/BLOCK_MAP_FILE HTTP/1.1" 503 265 nbutest1@hs3 6054
172.19.22.137 - hcpnbu [25/May/2016:16:11:54 -0600] "GET /nbu1/zeus.dpdenverlab.local_1464210398_C1_F1/BLOCK_MAP_FILE HTTP/1.1" 200 680 nbutest1@hs3 14
172.19.22.137 - hcpnbu [25/May/2016:16:11:53 -0600] "GET /nbu1/zeus.dpdenverlab.local_1464210403_C1_F1/BLOCK_MAP_FILE HTTP/1.1" 503 0 nbutest1@hs3 3016
172.19.22.139 - hcpnbu [25/May/2016:16:11:36 -0600] "PUT /nbu3/athene.dpdenverlab.local_1464210462_C1_F1/BLOCK_MAP_FILE HTTP/1.1" 200 0 nbutest1@hs3 24665
172.19.22.139 - hcpnbu [25/May/2016:16:12:01 -0600] "GET /nbu2/?location HTTP/1.1" 200 124 nbutest1@hs3 10
172.19.22.140 - hcpnbu [25/May/2016:16:11:56 -0600] "PUT /nub4/saturn.dpdenverlab.local_1464210456_C1_F1/BLOCK_MAP_FILE HTTP/1.1" 503 265 nbutest1@hs3 6057
172.19.22.139 - hcpnbu [25/May/2016:16:12:03 -0600] "GET /nbu3/?prefix=athene.dpdenverlab.local_1464210472_C1_F1/REFERENCES/ HTTP/1.1" 200 299 nbutest1@hs3 45
172.19.22.139 - hcpnbu [25/May/2016:16:12:05 -0600] "GET /nbu3/?prefix=athene.dpdenverlab.local_1464210472_C1_F1/ HTTP/1.1" 200 8481 nbutest1@hs3 58
172.19.22.139 - hcpnbu [25/May/2016:16:12:13 -0600] "DELETE /nbu3/athene.dpdenverlab.local_1464210472_C1_F1/ HTTP/1.1" 204 0 nbutest1@hs3 11
172.19.22.139 - hcpnbu [25/May/2016:16:12:15 -0600] "GET /nbu3/?prefix=athene.dpdenverlab.local_1464210472_C1_HDR/REFERENCES/ HTTP/1.1" 200 300 nbutest1@hs3 46
172.19.22.140 - hcpnbu [25/May/2016:16:12:07 -0600] "PUT /nub4/saturn.dpdenverlab.local_1464210456_C1_F1/BLOCK_MAP_FILE HTTP/1.1" 200 0 nbutest1@hs3 9089
172.19.22.138 - hcpnbu [25/May/2016:16:12:17 -0600] "DELETE /nbu2/apollo.dpdenverlab.local_1464210422_C1_F1/0 HTTP/1.1" 204 0 nbutest1@hs3 33
172.19.22.138 - hcpnbu [25/May/2016:16:12:17 -0600] "GET /nbu2/?prefix=apollo.dpdenverlab.local_1464210417_C1_F1/ HTTP/1.1" 200 12089 nbutest1@hs3 76
172.19.22.138 - hcpnbu [25/May/2016:16:12:18 -0600] "DELETE /nbu2/apollo.dpdenverlab.local_1464210422_C1_F1/12 HTTP/1.1" 204 0 nbutest1@hs3 26
172.19.22.138 - hcpnbu [25/May/2016:16:12:18 -0600] "HEAD /nbu1/ HTTP/1.1" 200 0 nbutest1@hs3 3
172.19.22.138 - hcpnbu [25/May/2016:16:12:19 -0600] "DELETE /nbu2/apollo.dpdenverlab.local_1464210422_C1_F1/16 HTTP/1.1" 204 0 nbutest1@hs3 21
172.19.22.138 - hcpnbu [25/May/2016:16:12:20 -0600] "DELETE /nbu2/apollo.dpdenverlab.local_1464210422_C1_F1/2 HTTP/1.1" 204 0 nbutest1@hs3 22
172.19.22.138 - hcpnbu [25/May/2016:16:12:21 -0600] "DELETE /nbu2/apollo.dpdenverlab.local_1464210422_C1_F1/23 HTTP/1.1" 204 0 nbutest1@hs3 23
172.19.22.138 - hcpnbu [25/May/2016:16:12:22 -0600] "DELETE /nbu2/apollo.dpdenverlab.local_1464210422_C1_F1/28 HTTP/1.1" 204 0 nbutest1@hs3 22
172.19.22.138 - hcpnbu [25/May/2016:16:12:23 -0600] "DELETE /nbu2/apollo.dpdenverlab.local_1464210422_C1_F1/32 HTTP/1.1" 204 0 nbutest1@hs3 21
