172.19.22.139 - hcpnbu [25/May/2016:15:44:23 -0600] "PUT /nbu3/athene.dpdenverlab.local_1464210471_C1_F1/7 HTTP/1.1" 409 266 nbutest1@hs3 20
172.19.22.139 - hcpnbu [25/May/2016:15:29:09 -0600] "PUT /nbu3/athene.dpdenverlab.local_1464210471_C1_F1/7 HTTP/1.1" 503 265 nbutest1@hs3 917189
172.19.22.140 - hcpnbu [25/May/2016:15:45:00 -0600] "GET / HTTP/1.1" 200 612 nbutest1@hs3 38
172.19.22.139 - hcpnbu [25/May/2016:15:45:20 -0600] "DELETE /nbu3/athene.dpdenverlab.local_1464210463_C1_F1/BLOCK_MAP_FILE HTTP/1.1" 204 0 nbutest1@hs3 5
172.19.22.138 - hcpnbu [25/May/2016:15:39:47 -0600] "PUT /nbu2/apollo.dpdenverlab.local_1464210428_C1_F1/12 HTTP/1.1" 200 0 nbutest1@hs3 333764
172.19.22.139 - hcpnbu [25/May/2016:15:44:33 -0600] "PUT /nbu3/athene.dpdenverlab.local_1464210471_C1_F1/7 HTTP/1.1" 503 265 nbutest1@hs3 52441
172.19.22.139 - hcpnbu [25/May/2016:15:45:42 -0600] "GET /nbu3/?prefix=athene.dpdenverlab.local_1464210463_C1_F1/REFERENCES/ HTTP/1.1" 200 299 nbutest1@hs3 52
172.19.22.140 - hcpnbu [25/May/2016:15:45:51 -0600] "HEAD /nub4/ HTTP/1.1" 200 0 nbutest1@hs3 4
172.19.22.137 - hcpnbu [25/May/2016:15:30:56 -0600] "PUT /nbu1/zeus.dpdenverlab.local_1464210394_C1_F1/16 HTTP/1.1" 503 0 nbutest1@hs3 900734
172.19.22.138 - hcpnbu [25/May/2016:15:46:03 -0600] "GET / HTTP/1.1" 200 612 nbutest1@hs3 35
172.19.22.140 - hcpnbu [25/May/2016:15:46:16 -0600] "GET /nbu2/?location HTTP/1.1" 200 124 nbutest1@hs3 11
172.19.22.138 - hcpnbu [25/May/2016:15:31:25 -0600] "PUT /nbu2/apollo.dpdenverlab.local_1464210425_C1_F1/4 HTTP/1.1" 503 265 nbutest1@hs3 901792
172.19.22.140 - hcpnbu [25/May/2016:15:31:57 -0600] "PUT /nub4/saturn.dpdenverlab.local_1464210441_C1_F1/14 HTTP/1.1" 503 265 nbutest1@hs3 901397
172.19.22.140 - hcpnbu [25/May/2016:15:47:00 -0600] "GET / HTTP/1.1" 200 612 nbutest1@hs3 33
172.19.22.140 - hcpnbu [25/May/2016:15:31:58 -0600] "PUT /nub4/saturn.dpdenverlab.local_1464210450_C1_F1/15 HTTP/1.1" 503 265 nbutest1@hs3 906021
172.19.22.138 - hcpnbu [25/May/2016:15:47:13 -0600] "PUT /nbu2/apollo.dpdenverlab.local_1464210420_C1_F1/5 HTTP/1.1" 409 266 nbutest1@hs3 7
172.19.22.138 - hcpnbu [25/May/2016:15:47:15 -0600] "PUT /nbu2/apollo.dpdenverlab.local_1464210420_C1_F1/5 HTTP/1.1" 409 266 nbutest1@hs3 8
172.19.22.138 - hcpnbu [25/May/2016:15:32:11 -0600] "PUT /nbu2/apollo.dpdenverlab.local_1464210420_C1_F1/5 HTTP/1.1" 503 265 nbutest1@hs3 905254
172.19.22.139 - hcpnbu [25/May/2016:15:32:14 -0600] "PUT /nbu3/athene.dpdenverlab.local_1464210468_C1_F1/12 HTTP/1.1" 503 265 nbutest1@hs3 906743
172.19.22.138 - hcpnbu [25/May/2016:15:47:20 -0600] "PUT /nbu2/apollo.dpdenverlab.local_1464210420_C1_F1/5 HTTP/1.1" 503 265 nbutest1@hs3 6064
172.19.22.140 - hcpnbu [25/May/2016:15:47:31 -0600] "HEAD /nbu3/ HTTP/1.1" 200 0 nbutest1@hs3 3
172.19.22.138 - hcpnbu [25/May/2016:15:47:28 -0600] "PUT /nbu2/apollo.dpdenverlab.local_1464210420_C1_F1/5 HTTP/1.1" 503 265 nbutest1@hs3 6055
172.19.22.138 - hcpnbu [25/May/2016:15:47:38 -0600] "PUT /nbu2/apollo.dpdenverlab.local_1464210420_C1_F1/4 HTTP/1.1" 409 266 nbutest1@hs3 12
172.19.22.138 - hcpnbu [25/May/2016:15:32:38 -0600] "PUT /nbu2/apollo.dpdenverlab.local_1464210425_C1_F1/5 HTTP/1.1" 503 0 nbutest1@hs3 900204
172.19.22.138 - hcpnbu [25/May/2016:15:47:41 -0600] "PUT /nbu2/apollo.dpdenverlab.local_1464210420_C1_F1/4 HTTP/1.1" 409 266 nbutest1@hs3 7
172.19.22.138 - hcpnbu [25/May/2016:15:47:40 -0600] "PUT /nbu2/apollo.dpdenverlab.local_1464210420_C1_F1/5 HTTP/1.1" 503 265 nbutest1@hs3 6062
172.19.22.138 - hcpnbu [25/May/2016:15:47:41 -0600] "PUT /nbu2/apollo.dpdenverlab.local_1464210425_C1_F1/5 HTTP/1.1" 503 265 nbutest1@hs3 4499
172.19.22.137 - hcpnbu [25/May/2016:15:47:46 -0600] "PUT /nbu1/zeus.dpdenverlab.local_1464210396_C1_F1/21 HTTP/1.1" 409 266 nbutest1@hs3 12
172.19.22.138 - hcpnbu [25/May/2016:15:47:47 -0600] "PUT /nbu2/apollo.dpdenverlab.local_1464210420_C1_F1/4 HTTP/1.1" 409 266 nbutest1@hs3 7
172.19.22.137 - hcpnbu [25/May/2016:15:32:42 -0600] "PUT /nbu1/zeus.dpdenverlab.local_1464210396_C1_F1/21 HTTP/1.1" 503 265 nbutest1@hs3 907948
172.19.22.138 - hcpnbu [25/May/2016:15:47:56 -0600] "PUT /nbu2/apollo.dpdenverlab.local_1464210420_C1_F1/4 HTTP/1.1" 409 266 nbutest1@hs3 22
172.19.22.138 - hcpnbu [25/May/2016:15:47:56 -0600] "PUT /nbu2/apollo.dpdenverlab.local_1464210420_C1_F1/5 HTTP/1.1" 503 265 nbutest1@hs3 6065
172.19.22.138 - hcpnbu [25/May/2016:15:32:33 -0600] "PUT /nbu2/apollo.dpdenverlab.local_1464210420_C1_F1/4 HTTP/1.1" 200 0 nbutest1@hs3 940445
172.19.22.138 - hcpnbu [25/May/2016:15:48:14 -0600] "PUT /nbu2/apollo.dpdenverlab.local_1464210420_C1_F1/4 HTTP/1.1" 409 228 nbutest1@hs3 5
172.19.22.140 - hcpnbu [25/May/2016:15:48:16 -0600] "GET /nbu2/?location HTTP/1.1" 200 124 nbutest1@hs3 11
172.19.22.137 - hcpnbu [25/May/2016:15:48:35 -0600] "PUT /nbu1/zeus.dpdenverlab.local_1464210407_C1_F1/19 HTTP/1.1" 409 266 nbutest1@hs3 7
172.19.22.137 - hcpnbu [25/May/2016:15:48:39 -0600] "PUT /nbu1/zeus.dpdenverlab.local_1464210407_C1_F1/19 HTTP/1.1" 409 266 nbutest1@hs3 6
172.19.22.137 - hcpnbu [25/May/2016:15:48:42 -0600] "PUT /nbu1/zeus.dpdenverlab.local_1464210396_C1_F1/22 HTTP/1.1" 409 266 nbutest1@hs3 8
172.19.22.138 - hcpnbu [25/May/2016:15:33:41 -0600] "PUT /nbu2/apollo.dpdenverlab.local_1464210425_C1_F1/11 HTTP/1.1" 200 0 nbutest1@hs3 901884
172.19.22.138 - hcpnbu [25/May/2016:15:48:44 -0600] "PUT /nbu2/apollo.dpdenverlab.local_1464210425_C1_F1/11 HTTP/1.1" 409 228 nbutest1@hs3 6
172.19.22.137 - hcpnbu [25/May/2016:15:48:45 -0600] "PUT /nbu1/zeus.dpdenverlab.local_1464210407_C1_F1/19 HTTP/1.1" 409 266 nbutest1@hs3 5
172.19.22.137 - hcpnbu [25/May/2016:15:33:32 -0600] "PUT /nbu1/zeus.dpdenverlab.local_1464210407_C1_F1/19 HTTP/1.1" 503 265 nbutest1@hs3 913218
172.19.22.137 - hcpnbu [25/May/2016:15:48:45 -0600] "PUT /nbu1/zeus.dpdenverlab.local_1464210396_C1_F1/20 HTTP/1.1" 409 266 nbutest1@hs3 8
172.19.22.137 - hcpnbu [25/May/2016:15:48:45 -0600] "PUT /nbu1/zeus.dpdenverlab.local_1464210396_C1_F1/22 HTTP/1.1" 409 266 nbutest1@hs3 33
172.19.22.137 - hcpnbu [25/May/2016:15:33:38 -0600] "PUT /nbu1/zeus.dpdenverlab.local_1464210396_C1_F1/22 HTTP/1.1" 503 265 nbutest1@hs3 907658
172.19.22.138 - hcpnbu [25/May/2016:15:48:46 -0600] "PUT /nbu2/apollo.dpdenverlab.local_1464210425_C1_F1/11 HTTP/1.1" 409 228 nbutest1@hs3 6
172.19.22.138 - hcpnbu [25/May/2016:15:48:48 -0600] "PUT /nbu2/apollo.dpdenverlab.local_1464210420_C1_F1/4 HTTP/1.1" 409 228 nbutest1@hs3 6
172.19.22.137 - hcpnbu [25/May/2016:15:48:49 -0600] "PUT /nbu1/zeus.dpdenverlab.local_1464210396_C1_F1/20 HTTP/1.1" 409 266 nbutest1@hs3 7
172.19.22.139 - hcpnbu [25/May/2016:15:33:48 -0600] "PUT /nbu3/athene.dpdenverlab.local_1464210471_C1_F1/5 HTTP/1.1" 503 265 nbutest1@hs3 901924
172.19.22.140 - hcpnbu [25/May/2016:15:48:51 -0600] "GET /nub4/?location HTTP/1.1" 200 124 nbutest1@hs3 9
172.19.22.138 - hcpnbu [25/May/2016:15:33:44 -0600] "PUT /nbu2/apollo.dpdenverlab.local_1464210432_C1_F1/8 HTTP/1.1" 503 265 nbutest1@hs3 907493
172.19.22.138 - hcpnbu [25/May/2016:15:48:52 -0600] "PUT /nbu2/apollo.dpdenverlab.local_1464210425_C1_F1/11 HTTP/1.1" 409 228 nbutest1@hs3 6
172.19.22.137 - hcpnbu [25/May/2016:15:48:49 -0600] "PUT /nbu1/zeus.dpdenverlab.local_1464210396_C1_F1/22 HTTP/1.1" 503 265 nbutest1@hs3 6053
172.19.22.137 - hcpnbu [25/May/2016:15:48:55 -0600] "PUT /nbu1/zeus.dpdenverlab.local_1464210396_C1_F1/20 HTTP/1.1" 409 266 nbutest1@hs3 7
172.19.22.137 - hcpnbu [25/May/2016:15:33:42 -0600] "PUT /nbu1/zeus.dpdenverlab.local_1464210396_C1_F1/20 HTTP/1.1" 503 265 nbutest1@hs3 916538
172.19.22.137 - hcpnbu [25/May/2016:15:48:56 -0600] "PUT /nbu1/zeus.dpdenverlab.local_1464210407_C1_F1/19 HTTP/1.1" 503 265 nbutest1@hs3 4067
172.19.22.138 - hcpnbu [25/May/2016:15:49:02 -0600] "PUT /nbu2/apollo.dpdenverlab.local_1464210425_C1_F1/11 HTTP/1.1" 409 228 nbutest1@hs3 6
172.19.22.137 - hcpnbu [25/May/2016:15:48:58 -0600] "PUT /nbu1/zeus.dpdenverlab.local_1464210396_C1_F1/22 HTTP/1.1" 503 265 nbutest1@hs3 4865
172.19.22.137 - hcpnbu [25/May/2016:15:49:02 -0600] "PUT /nbu1/zeus.dpdenverlab.local_1464210407_C1_F1/19 HTTP/1.1" 503 265 nbutest1@hs3 4031
172.19.22.138 - hcpnbu [25/May/2016:15:34:16 -0600] "PUT /nbu2/apollo.dpdenverlab.local_1464210420_C1_F1/6 HTTP/1.1" 503 265 nbutest1@hs3 902534
172.19.22.138 - hcpnbu [25/May/2016:15:49:20 -0600] "PUT /nbu2/apollo.dpdenverlab.local_1464210425_C1_F1/11 HTTP/1.1" 409 228 nbutest1@hs3 5
172.19.22.140 - hcpnbu [25/May/2016:15:49:30 -0600] "GET / HTTP/1.1" 200 612 nbutest1@hs3 34
172.19.22.138 - hcpnbu [25/May/2016:15:49:47 -0600] "PUT /nbu2/apollo.dpdenverlab.local_1464210420_C1_F1/4 HTTP/1.1" 409 228 nbutest1@hs3 6
172.19.22.138 - hcpnbu [25/May/2016:15:49:20 -0600] "PUT /nbu2/apollo.dpdenverlab.local_1464210420_C1_F1/6 HTTP/1.1" 503 265 nbutest1@hs3 28150
172.19.22.138 - hcpnbu [25/May/2016:15:35:11 -0600] "PUT /nbu2/apollo.dpdenverlab.local_1464210420_C1_F1/8 HTTP/1.1" 503 265 nbutest1@hs3 877431
172.19.22.138 - hcpnbu [25/May/2016:15:48:19 -0600] "PUT /nbu2/apollo.dpdenverlab.local_1464210420_C1_F1/5 HTTP/1.1" 503 265 nbutest1@hs3 90464
172.19.22.140 - hcpnbu [25/May/2016:15:49:52 -0600] "HEAD /nub4/ HTTP/1.1" 200 0 nbutest1@hs3 4
172.19.22.138 - hcpnbu [25/May/2016:15:49:54 -0600] "PUT /nbu2/apollo.dpdenverlab.local_1464210425_C1_F1/11 HTTP/1.1" 409 228 nbutest1@hs3 5
172.19.22.139 - hcpnbu [25/May/2016:15:49:58 -0600] "PUT /nbu3/athene.dpdenverlab.local_1464210481_C1_F1/11 HTTP/1.1" 409 266 nbutest1@hs3 7
172.19.22.138 - hcpnbu [25/May/2016:15:50:00 -0600] "DELETE /nbu2/apollo.dpdenverlab.local_1464210420_C1_F1/ HTTP/1.1" 204 0 nbutest1@hs3 13
172.19.22.139 - hcpnbu [25/May/2016:15:50:01 -0600] "PUT /nbu3/athene.dpdenverlab.local_1464210481_C1_F1/11 HTTP/1.1" 409 266 nbutest1@hs3 7
172.19.22.139 - hcpnbu [25/May/2016:15:50:06 -0600] "PUT /nbu3/athene.dpdenverlab.local_1464210481_C1_F1/11 HTTP/1.1" 409 266 nbutest1@hs3 8
172.19.22.139 - hcpnbu [25/May/2016:15:34:54 -0600] "PUT /nbu3/athene.dpdenverlab.local_1464210481_C1_F1/11 HTTP/1.1" 503 265 nbutest1@hs3 915536
172.19.22.138 - hcpnbu [25/May/2016:15:50:12 -0600] "GET / HTTP/1.1" 200 612 nbutest1@hs3 39
172.19.22.138 - hcpnbu [25/May/2016:15:50:18 -0600] "HEAD /nbu2/apollo.dpdenverlab.local_1464210420_C1_HDR/IMAGE_PROPERTIES HTTP/1.1" 404 0 nbutest1@hs3 5
172.19.22.137 - hcpnbu [25/May/2016:15:50:24 -0600] "PUT /nbu1/zeus.dpdenverlab.local_1464210407_C1_F1/16 HTTP/1.1" 409 266 nbutest1@hs3 7
172.19.22.137 - hcpnbu [25/May/2016:15:50:28 -0600] "PUT /nbu1/zeus.dpdenverlab.local_1464210407_C1_F1/16 HTTP/1.1" 409 266 nbutest1@hs3 7
172.19.22.137 - hcpnbu [25/May/2016:15:50:34 -0600] "PUT /nbu1/zeus.dpdenverlab.local_1464210407_C1_F1/16 HTTP/1.1" 409 266 nbutest1@hs3 7
172.19.22.137 - hcpnbu [25/May/2016:15:35:20 -0600] "PUT /nbu1/zeus.dpdenverlab.local_1464210407_C1_F1/16 HTTP/1.1" 503 265 nbutest1@hs3 920122
172.19.22.138 - hcpnbu [25/May/2016:15:50:53 -0600] "PUT /nbu2/apollo.dpdenverlab.local_1464210425_C1_F1/11 HTTP/1.1" 409 228 nbutest1@hs3 5
172.19.22.138 - hcpnbu [25/May/2016:15:46:28 -0600] "PUT /nbu2/apollo.dpdenverlab.local_1464210425_C1_F1/4 HTTP/1.1" 503 0 nbutest1@hs3 266137
172.19.22.138 - hcpnbu [25/May/2016:15:36:37 -0600] "PUT /nbu2/apollo.dpdenverlab.local_1464210425_C1_F1/14 HTTP/1.1" 503 0 nbutest1@hs3 856606
172.19.22.138 - hcpnbu [25/May/2016:15:50:55 -0600] "HEAD /nbu2/apollo.dpdenverlab.local_1464210425_C1_F1/IMAGE_PROPERTIES HTTP/1.1" 200 0 nbutest1@hs3 10
172.19.22.137 - hcpnbu [25/May/2016:15:36:45 -0600] "PUT /nbu1/zeus.dpdenverlab.local_1464210396_C1_F1/26 HTTP/1.1" 200 0 nbutest1@hs3 850396
172.19.22.137 - hcpnbu [25/May/2016:15:50:57 -0600] "PUT /nbu1/zeus.dpdenverlab.local_1464210396_C1_F1/27 HTTP/1.1" 503 265 nbutest1@hs3 5967
172.19.22.138 - hcpnbu [25/May/2016:15:47:50 -0600] "PUT /nbu2/apollo.dpdenverlab.local_1464210425_C1_F1/5 HTTP/1.1" 503 265 nbutest1@hs3 196630
172.19.22.139 - hcpnbu [25/May/2016:15:51:09 -0600] "PUT /nbu3/athene.dpdenverlab.local_1464210462_C1_F1/4 HTTP/1.1" 409 266 nbutest1@hs3 9
172.19.22.139 - hcpnbu [25/May/2016:15:36:06 -0600] "PUT /nbu3/athene.dpdenverlab.local_1464210462_C1_F1/4 HTTP/1.1" 503 265 nbutest1@hs3 904115
172.19.22.140 - hcpnbu [25/May/2016:15:51:14 -0600] "GET / HTTP/1.1" 200 612 nbutest1@hs3 29
172.19.22.140 - hcpnbu [25/May/2016:15:51:50 -0600] "GET /nub4/?location HTTP/1.1" 200 124 nbutest1@hs3 20
172.19.22.140 - hcpnbu [25/May/2016:15:52:28 -0600] "GET / HTTP/1.1" 200 612 nbutest1@hs3 35
172.19.22.139 - hcpnbu [25/May/2016:15:37:31 -0600] "PUT /nbu3/athene.dpdenverlab.local_1464210462_C1_F1/5 HTTP/1.1" 503 265 nbutest1@hs3 903305
172.19.22.139 - hcpnbu [25/May/2016:15:52:35 -0600] "PUT /nbu3/athene.dpdenverlab.local_1464210462_C1_F1/5 HTTP/1.1" 503 265 nbutest1@hs3 6059
172.19.22.138 - hcpnbu [25/May/2016:15:52:59 -0600] "GET /nbu2/?prefix=apollo.dpdenverlab.local_1464210425_C1_F1/REFERENCES/ HTTP/1.1" 200 299 nbutest1@hs3 52
172.19.22.137 - hcpnbu [25/May/2016:15:38:04 -0600] "PUT /nbu1/zeus.dpdenverlab.local_1464210407_C1_F1/21 HTTP/1.1" 503 0 nbutest1@hs3 900090
172.19.22.138 - hcpnbu [25/May/2016:15:53:05 -0600] "DELETE /nbu2/apollo.dpdenverlab.local_1464210425_C1_F1/11 HTTP/1.1" 204 0 nbutest1@hs3 44
172.19.22.138 - hcpnbu [25/May/2016:15:53:05 -0600] "DELETE /nbu2/apollo.dpdenverlab.local_1464210425_C1_F1/1 HTTP/1.1" 204 0 nbutest1@hs3 44
172.19.22.138 - hcpnbu [25/May/2016:15:53:05 -0600] "DELETE /nbu2/apollo.dpdenverlab.local_1464210425_C1_F1/10 HTTP/1.1" 204 0 nbutest1@hs3 44
172.19.22.138 - hcpnbu [25/May/2016:15:53:06 -0600] "DELETE /nbu2/apollo.dpdenverlab.local_1464210425_C1_F1/2 HTTP/1.1" 204 0 nbutest1@hs3 31
172.19.22.138 - hcpnbu [25/May/2016:15:53:06 -0600] "DELETE /nbu2/apollo.dpdenverlab.local_1464210425_C1_F1/13 HTTP/1.1" 204 0 nbutest1@hs3 43
172.19.22.138 - hcpnbu [25/May/2016:15:53:06 -0600] "DELETE /nbu2/apollo.dpdenverlab.local_1464210425_C1_F1/3 HTTP/1.1" 204 0 nbutest1@hs3 42
172.19.22.138 - hcpnbu [25/May/2016:15:53:07 -0600] "DELETE /nbu2/apollo.dpdenverlab.local_1464210425_C1_F1/7 HTTP/1.1" 204 0 nbutest1@hs3 57
172.19.22.138 - hcpnbu [25/May/2016:15:53:07 -0600] "DELETE /nbu2/apollo.dpdenverlab.local_1464210425_C1_F1/8 HTTP/1.1" 204 0 nbutest1@hs3 73
172.19.22.138 - hcpnbu [25/May/2016:15:53:07 -0600] "DELETE /nbu2/apollo.dpdenverlab.local_1464210425_C1_F1/9 HTTP/1.1" 204 0 nbutest1@hs3 73
172.19.22.138 - hcpnbu [25/May/2016:15:53:08 -0600] "DELETE /nbu2/apollo.dpdenverlab.local_1464210425_C1_F1/IMAGE_PROPERTIES HTTP/1.1" 204 0 nbutest1@hs3 37
172.19.22.138 - hcpnbu [25/May/2016:15:53:14 -0600] "DELETE /nbu2/apollo.dpdenverlab.local_1464210425_C1_HDR/BLOCK_MAP_FILE HTTP/1.1" 204 0 nbutest1@hs3 85
172.19.22.138 - hcpnbu [25/May/2016:15:53:14 -0600] "DELETE /nbu2/apollo.dpdenverlab.local_1464210425_C1_HDR/IMAGE_PROPERTIES HTTP/1.1" 204 0 nbutest1@hs3 85
172.19.22.138 - hcpnbu [25/May/2016:15:53:15 -0600] "DELETE /nbu2/apollo.dpdenverlab.local_1464210425_C1_HDR/ HTTP/1.1" 204 0 nbutest1@hs3 31
172.19.22.137 - hcpnbu [25/May/2016:15:53:19 -0600] "PUT /nbu1/zeus.dpdenverlab.local_1464210407_C1_F1/22 HTTP/1.1" 409 266 nbutest1@hs3 7
172.19.22.137 - hcpnbu [25/May/2016:15:53:23 -0600] "PUT /nbu1/zeus.dpdenverlab.local_1464210407_C1_F1/22 HTTP/1.1" 409 266 nbutest1@hs3 7
172.19.22.140 - hcpnbu [25/May/2016:15:53:29 -0600] "GET / HTTP/1.1" 200 612 nbutest1@hs3 35
172.19.22.137 - hcpnbu [25/May/2016:15:53:29 -0600] "PUT /nbu1/zeus.dpdenverlab.local_1464210407_C1_F1/22 HTTP/1.1" 409 266 nbutest1@hs3 7
172.19.22.137 - hcpnbu [25/May/2016:15:38:16 -0600] "PUT /nbu1/zeus.dpdenverlab.local_1464210407_C1_F1/22 HTTP/1.1" 503 265 nbutest1@hs3 919685
172.19.22.137 - hcpnbu [25/May/2016:15:53:40 -0600] "PUT /nbu1/zeus.dpdenverlab.local_1464210407_C1_F1/22 HTTP/1.1" 503 265 nbutest1@hs3 6060
172.19.22.137 - hcpnbu [25/May/2016:15:39:22 -0600] "PUT /nbu1/zeus.dpdenverlab.local_1464210394_C1_F1/29 HTTP/1.1" 503 265 nbutest1@hs3 865238
172.19.22.137 - hcpnbu [25/May/2016:15:53:50 -0600] "PUT /nbu1/zeus.dpdenverlab.local_1464210407_C1_F1/22 HTTP/1.1" 503 265 nbutest1@hs3 6050
172.19.22.137 - hcpnbu [25/May/2016:15:53:51 -0600] "PUT /nbu1/zeus.dpdenverlab.local_1464210394_C1_F1/29 HTTP/1.1" 503 265 nbutest1@hs3 5320
172.19.22.140 - hcpnbu [25/May/2016:15:54:01 -0600] "GET /nbu1/?location HTTP/1.1" 200 124 nbutest1@hs3 12
172.19.22.139 - hcpnbu [25/May/2016:15:42:50 -0600] "PUT /nbu3/athene.dpdenverlab.local_1464210481_C1_F1/6 HTTP/1.1" 200 0 nbutest1@hs3 676932
172.19.22.138 - hcpnbu [25/May/2016:15:39:09 -0600] "PUT /nbu2/apollo.dpdenverlab.local_1464210410_C1_F1/9 HTTP/1.1" 503 0 nbutest1@hs3 901061
172.19.22.138 - hcpnbu [25/May/2016:15:39:15 -0600] "PUT /nbu2/apollo.dpdenverlab.local_1464210428_C1_F1/7 HTTP/1.1" 503 0 nbutest1@hs3 901049
172.19.22.140 - hcpnbu [25/May/2016:15:40:56 -0600] "PUT /nub4/saturn.dpdenverlab.local_1464210454_C1_F1/0 HTTP/1.1" 200 0 nbutest1@hs3 802638
172.19.22.139 - hcpnbu [25/May/2016:15:39:19 -0600] "PUT /nbu3/athene.dpdenverlab.local_1464210462_C1_F1/8 HTTP/1.1" 503 0 nbutest1@hs3 901055
172.19.22.137 - hcpnbu [25/May/2016:15:44:17 -0600] "PUT /nbu1/zeus.dpdenverlab.local_1464210404_C1_F1/21 HTTP/1.1" 503 265 nbutest1@hs3 605602
172.19.22.139 - hcpnbu [25/May/2016:15:54:24 -0600] "PUT /nbu3/athene.dpdenverlab.local_1464210471_C1_F1/9 HTTP/1.1" 409 266 nbutest1@hs3 7
172.19.22.140 - hcpnbu [25/May/2016:15:54:20 -0600] "PUT /nub4/saturn.dpdenverlab.local_1464210454_C1_F1/6 HTTP/1.1" 200 0 nbutest1@hs3 4524
172.19.22.139 - hcpnbu [25/May/2016:15:54:28 -0600] "PUT /nbu3/athene.dpdenverlab.local_1464210471_C1_F1/9 HTTP/1.1" 409 266 nbutest1@hs3 6
172.19.22.140 - hcpnbu [25/May/2016:15:54:31 -0600] "GET /nbu3/?location HTTP/1.1" 200 124 nbutest1@hs3 11
172.19.22.139 - hcpnbu [25/May/2016:15:39:20 -0600] "PUT /nbu3/athene.dpdenverlab.local_1464210471_C1_F1/9 HTTP/1.1" 503 265 nbutest1@hs3 912286
172.19.22.140 - hcpnbu [25/May/2016:15:42:15 -0600] "PUT /nub4/saturn.dpdenverlab.local_1464210436_C1_F1/4 HTTP/1.1" 200 0 nbutest1@hs3 743121
172.19.22.139 - hcpnbu [25/May/2016:15:54:34 -0600] "PUT /nbu3/athene.dpdenverlab.local_1464210471_C1_F1/9 HTTP/1.1" 200 0 nbutest1@hs3 5068
172.19.22.139 - hcpnbu [25/May/2016:15:54:42 -0600] "PUT /nbu3/athene.dpdenverlab.local_1464210471_C1_F1/11 HTTP/1.1" 200 0 nbutest1@hs3 4170
172.19.22.138 - hcpnbu [25/May/2016:15:54:53 -0600] "PUT /nbu2/apollo.dpdenverlab.local_1464210410_C1_F1/10 HTTP/1.1" 409 266 nbutest1@hs3 7
172.19.22.138 - hcpnbu [25/May/2016:15:54:57 -0600] "PUT /nbu2/apollo.dpdenverlab.local_1464210410_C1_F1/10 HTTP/1.1" 409 266 nbutest1@hs3 7
172.19.22.138 - hcpnbu [25/May/2016:15:39:50 -0600] "PUT /nbu2/apollo.dpdenverlab.local_1464210410_C1_F1/10 HTTP/1.1" 503 265 nbutest1@hs3 908774
172.19.22.139 - hcpnbu [25/May/2016:15:40:09 -0600] "PUT /nbu3/athene.dpdenverlab.local_1464210462_C1_F1/6 HTTP/1.1" 503 265 nbutest1@hs3 902542
172.19.22.140 - hcpnbu [25/May/2016:15:55:14 -0600] "GET / HTTP/1.1" 200 612 nbutest1@hs3 37
172.19.22.139 - hcpnbu [25/May/2016:15:55:12 -0600] "PUT /nbu3/athene.dpdenverlab.local_1464210462_C1_F1/6 HTTP/1.1" 503 265 nbutest1@hs3 6309
172.19.22.140 - hcpnbu [25/May/2016:15:41:45 -0600] "PUT /nub4/saturn.dpdenverlab.local_1464210444_C1_F1/3 HTTP/1.1" 200 0 nbutest1@hs3 819303
172.19.22.139 - hcpnbu [25/May/2016:15:55:21 -0600] "PUT /nbu3/athene.dpdenverlab.local_1464210462_C1_F1/6 HTTP/1.1" 503 265 nbutest1@hs3 6054
172.19.22.140 - hcpnbu [25/May/2016:15:55:51 -0600] "GET /nub4/?location HTTP/1.1" 200 124 nbutest1@hs3 12
172.19.22.138 - hcpnbu [25/May/2016:15:41:05 -0600] "PUT /nbu2/apollo.dpdenverlab.local_1464210428_C1_F1/19 HTTP/1.1" 503 265 nbutest1@hs3 901897
172.19.22.139 - hcpnbu [25/May/2016:15:54:50 -0600] "PUT /nbu3/athene.dpdenverlab.local_1464210471_C1_F1/12 HTTP/1.1" 503 265 nbutest1@hs3 78576
172.19.22.139 - hcpnbu [25/May/2016:15:56:17 -0600] "PUT /nbu3/athene.dpdenverlab.local_1464210471_C1_F1/10 HTTP/1.1" 409 266 nbutest1@hs3 8
172.19.22.140 - hcpnbu [25/May/2016:15:56:17 -0600] "HEAD /nbu2/ HTTP/1.1" 200 0 nbutest1@hs3 3
172.19.22.138 - hcpnbu [25/May/2016:15:56:17 -0600] "PUT /nbu2/apollo.dpdenverlab.local_1464210410_C1_F1/13 HTTP/1.1" 409 266 nbutest1@hs3 6
172.19.22.139 - hcpnbu [25/May/2016:15:56:21 -0600] "PUT /nbu3/athene.dpdenverlab.local_1464210471_C1_F1/10 HTTP/1.1" 409 266 nbutest1@hs3 7
172.19.22.138 - hcpnbu [25/May/2016:15:56:21 -0600] "PUT /nbu2/apollo.dpdenverlab.local_1464210410_C1_F1/13 HTTP/1.1" 409 266 nbutest1@hs3 7
172.19.22.139 - hcpnbu [25/May/2016:15:56:27 -0600] "PUT /nbu3/athene.dpdenverlab.local_1464210471_C1_F1/10 HTTP/1.1" 409 266 nbutest1@hs3 7
172.19.22.138 - hcpnbu [25/May/2016:15:56:28 -0600] "PUT /nbu2/apollo.dpdenverlab.local_1464210410_C1_F1/13 HTTP/1.1" 409 266 nbutest1@hs3 7
172.19.22.138 - hcpnbu [25/May/2016:15:41:13 -0600] "PUT /nbu2/apollo.dpdenverlab.local_1464210410_C1_F1/13 HTTP/1.1" 503 265 nbutest1@hs3 916883
172.19.22.139 - hcpnbu [25/May/2016:15:56:37 -0600] "PUT /nbu3/athene.dpdenverlab.local_1464210471_C1_F1/10 HTTP/1.1" 409 266 nbutest1@hs3 7
172.19.22.140 - hcpnbu [25/May/2016:15:56:39 -0600] "PUT /nub4/saturn.dpdenverlab.local_1464210444_C1_F1/1 HTTP/1.1" 409 266 nbutest1@hs3 7
172.19.22.140 - hcpnbu [25/May/2016:15:56:42 -0600] "PUT /nub4/saturn.dpdenverlab.local_1464210444_C1_F1/1 HTTP/1.1" 409 266 nbutest1@hs3 7
172.19.22.137 - hcpnbu [25/May/2016:15:56:43 -0600] "PUT /nbu1/zeus.dpdenverlab.local_1464210404_C1_F1/10 HTTP/1.1" 409 266 nbutest1@hs3 8
172.19.22.138 - hcpnbu [25/May/2016:15:56:38 -0600] "PUT /nbu2/apollo.dpdenverlab.local_1464210410_C1_F1/13 HTTP/1.1" 503 265 nbutest1@hs3 6057
172.19.22.140 - hcpnbu [25/May/2016:15:41:35 -0600] "PUT /nub4/saturn.dpdenverlab.local_1464210444_C1_F1/1 HTTP/1.1" 503 265 nbutest1@hs3 910953
172.19.22.137 - hcpnbu [25/May/2016:15:41:28 -0600] "PUT /nbu1/zeus.dpdenverlab.local_1464210402_C1_F1/15 HTTP/1.1" 503 265 nbutest1@hs3 917606
172.19.22.137 - hcpnbu [25/May/2016:15:56:47 -0600] "PUT /nbu1/zeus.dpdenverlab.local_1464210404_C1_F1/10 HTTP/1.1" 409 266 nbutest1@hs3 8
172.19.22.140 - hcpnbu [25/May/2016:15:42:33 -0600] "PUT /nub4/saturn.dpdenverlab.local_1464210436_C1_F1/8 HTTP/1.1" 200 0 nbutest1@hs3 857698
172.19.22.140 - hcpnbu [25/May/2016:15:41:52 -0600] "PUT /nub4/saturn.dpdenverlab.local_1464210454_C1_F1/4 HTTP/1.1" 503 0 nbutest1@hs3 901055
172.19.22.137 - hcpnbu [25/May/2016:15:56:53 -0600] "PUT /nbu1/zeus.dpdenverlab.local_1464210404_C1_F1/10 HTTP/1.1" 409 266 nbutest1@hs3 8
172.19.22.139 - hcpnbu [25/May/2016:15:56:54 -0600] "PUT /nbu3/athene.dpdenverlab.local_1464210471_C1_F1/10 HTTP/1.1" 409 266 nbutest1@hs3 8
172.19.22.140 - hcpnbu [25/May/2016:15:56:55 -0600] "PUT /nub4/saturn.dpdenverlab.local_1464210454_C1_F1/4 HTTP/1.1" 503 265 nbutest1@hs3 6056
172.19.22.137 - hcpnbu [25/May/2016:15:41:39 -0600] "PUT /nbu1/zeus.dpdenverlab.local_1464210404_C1_F1/10 HTTP/1.1" 503 265 nbutest1@hs3 923526
172.19.22.140 - hcpnbu [25/May/2016:15:57:07 -0600] "PUT /nub4/saturn.dpdenverlab.local_1464210436_C1_F1/6 HTTP/1.1" 409 266 nbutest1@hs3 7
172.19.22.140 - hcpnbu [25/May/2016:15:57:05 -0600] "PUT /nub4/saturn.dpdenverlab.local_1464210454_C1_F1/4 HTTP/1.1" 503 265 nbutest1@hs3 4321
172.19.22.137 - hcpnbu [25/May/2016:15:57:03 -0600] "PUT /nbu1/zeus.dpdenverlab.local_1464210404_C1_F1/10 HTTP/1.1" 503 265 nbutest1@hs3 6055
172.19.22.140 - hcpnbu [25/May/2016:15:57:10 -0600] "PUT /nub4/saturn.dpdenverlab.local_1464210436_C1_F1/6 HTTP/1.1" 409 266 nbutest1@hs3 8
172.19.22.140 - hcpnbu [25/May/2016:15:57:17 -0600] "HEAD /nbu2/ HTTP/1.1" 200 0 nbutest1@hs3 4
172.19.22.140 - hcpnbu [25/May/2016:15:57:14 -0600] "PUT /nub4/saturn.dpdenverlab.local_1464210454_C1_F1/4 HTTP/1.1" 200 0 nbutest1@hs3 5173
172.19.22.137 - hcpnbu [25/May/2016:15:57:24 -0600] "PUT /nbu1/zeus.dpdenverlab.local_1464210404_C1_F1/9 HTTP/1.1" 409 266 nbutest1@hs3 6
172.19.22.138 - hcpnbu [25/May/2016:15:56:56 -0600] "GET /nbu2/apollo.dpdenverlab.local_1464210411_C1_F1/BLOCK_MAP_FILE HTTP/1.1" 200 290 nbutest1@hs3 28834
172.19.22.140 - hcpnbu [25/May/2016:15:42:21 -0600] "PUT /nub4/saturn.dpdenverlab.local_1464210444_C1_F1/5 HTTP/1.1" 503 265 nbutest1@hs3 903706
172.19.22.138 - hcpnbu [25/May/2016:15:42:12 -0600] "PUT /nbu2/apollo.dpdenverlab.local_1464210418_C1_F1/10 HTTP/1.1" 503 265 nbutest1@hs3 913890
172.19.22.140 - hcpnbu [25/May/2016:15:42:19 -0600] "PUT /nub4/saturn.dpdenverlab.local_1464210454_C1_F1/1 HTTP/1.1" 503 265 nbutest1@hs3 906774
172.19.22.140 - hcpnbu [25/May/2016:15:57:21 -0600] "PUT /nub4/saturn.dpdenverlab.local_1464210454_C1_F1/8 HTTP/1.1" 200 0 nbutest1@hs3 5330
172.19.22.139 - hcpnbu [25/May/2016:15:57:27 -0600] "PUT /nbu3/athene.dpdenverlab.local_1464210471_C1_F1/10 HTTP/1.1" 409 266 nbutest1@hs3 8
172.19.22.137 - hcpnbu [25/May/2016:15:57:28 -0600] "PUT /nbu1/zeus.dpdenverlab.local_1464210404_C1_F1/9 HTTP/1.1" 409 266 nbutest1@hs3 7
172.19.22.139 - hcpnbu [25/May/2016:15:41:12 -0600] "PUT /nbu3/athene.dpdenverlab.local_1464210471_C1_F1/10 HTTP/1.1" 200 0 nbutest1@hs3 976653
172.19.22.140 - hcpnbu [25/May/2016:15:42:04 -0600] "PUT /nub4/saturn.dpdenverlab.local_1464210436_C1_F1/6 HTTP/1.1" 503 265 nbutest1@hs3 926503
172.19.22.140 - hcpnbu [25/May/2016:15:57:32 -0600] "HEAD /nbu3/ HTTP/1.1" 200 0 nbutest1@hs3 3
172.19.22.140 - hcpnbu [25/May/2016:15:57:27 -0600] "PUT /nub4/saturn.dpdenverlab.local_1464210454_C1_F1/9 HTTP/1.1" 200 0 nbutest1@hs3 5658
172.19.22.140 - hcpnbu [25/May/2016:15:42:15 -0600] "PUT /nub4/saturn.dpdenverlab.local_1464210436_C1_F1/9 HTTP/1.1" 503 265 nbutest1@hs3 917935
172.19.22.137 - hcpnbu [25/May/2016:15:57:34 -0600] "PUT /nbu1/zeus.dpdenverlab.local_1464210404_C1_F1/9 HTTP/1.1" 409 266 nbutest1@hs3 8
172.19.22.139 - hcpnbu [25/May/2016:15:57:38 -0600] "PUT /nbu3/athene.dpdenverlab.local_1464210481_C1_F1/7 HTTP/1.1" 409 266 nbutest1@hs3 8
172.19.22.140 - hcpnbu [25/May/2016:15:42:32 -0600] "PUT /nub4/saturn.dpdenverlab.local_1464210454_C1_F1/5 HTTP/1.1" 503 265 nbutest1@hs3 905991
172.19.22.140 - hcpnbu [25/May/2016:15:57:34 -0600] "PUT /nub4/saturn.dpdenverlab.local_1464210454_C1_F1/10 HTTP/1.1" 200 0 nbutest1@hs3 7289
172.19.22.138 - hcpnbu [25/May/2016:15:57:41 -0600] "GET / HTTP/1.1" 200 612 nbutest1@hs3 35
172.19.22.139 - hcpnbu [25/May/2016:15:42:41 -0600] "PUT /nbu3/athene.dpdenverlab.local_1464210481_C1_F1/14 HTTP/1.1" 503 265 nbutest1@hs3 901135
172.19.22.139 - hcpnbu [25/May/2016:15:57:43 -0600] "PUT /nbu3/athene.dpdenverlab.local_1464210481_C1_F1/7 HTTP/1.1" 409 266 nbutest1@hs3 6
172.19.22.137 - hcpnbu [25/May/2016:15:57:43 -0600] "PUT /nbu1/zeus.dpdenverlab.local_1464210404_C1_F1/9 HTTP/1.1" 409 266 nbutest1@hs3 7
172.19.22.140 - hcpnbu [25/May/2016:15:57:42 -0600] "PUT /nub4/saturn.dpdenverlab.local_1464210454_C1_F1/12 HTTP/1.1" 200 0 nbutest1@hs3 5571
172.19.22.139 - hcpnbu [25/May/2016:15:57:49 -0600] "PUT /nbu3/athene.dpdenverlab.local_1464210481_C1_F1/7 HTTP/1.1" 409 266 nbutest1@hs3 8
172.19.22.140 - hcpnbu [25/May/2016:15:57:50 -0600] "GET / HTTP/1.1" 200 612 nbutest1@hs3 37
172.19.22.139 - hcpnbu [25/May/2016:15:57:58 -0600] "PUT /nbu3/athene.dpdenverlab.local_1464210481_C1_F1/7 HTTP/1.1" 409 266 nbutest1@hs3 7
172.19.22.139 - hcpnbu [25/May/2016:15:42:33 -0600] "PUT /nbu3/athene.dpdenverlab.local_1464210481_C1_F1/7 HTTP/1.1" 503 265 nbutest1@hs3 927277
172.19.22.137 - hcpnbu [25/May/2016:15:58:01 -0600] "PUT /nbu1/zeus.dpdenverlab.local_1464210404_C1_F1/9 HTTP/1.1" 409 266 nbutest1@hs3 7
172.19.22.140 - hcpnbu [25/May/2016:15:58:14 -0600] "GET /nbu2/?location HTTP/1.1" 200 124 nbutest1@hs3 11
172.19.22.137 - hcpnbu [25/May/2016:15:42:19 -0600] "PUT /nbu1/zeus.dpdenverlab.local_1464210404_C1_F1/9 HTTP/1.1" 503 265 nbutest1@hs3 959752
172.19.22.139 - hcpnbu [25/May/2016:15:58:14 -0600] "PUT /nbu3/athene.dpdenverlab.local_1464210481_C1_F1/7 HTTP/1.1" 503 265 nbutest1@hs3 6058
172.19.22.138 - hcpnbu [25/May/2016:15:58:23 -0600] "PUT /nbu2/apollo.dpdenverlab.local_1464210410_C1_F1/8 HTTP/1.1" 409 266 nbutest1@hs3 7
172.19.22.139 - hcpnbu [25/May/2016:15:58:23 -0600] "PUT /nbu3/athene.dpdenverlab.local_1464210471_C1_F1/10 HTTP/1.1" 409 228 nbutest1@hs3 6
172.19.22.138 - hcpnbu [25/May/2016:15:43:19 -0600] "PUT /nbu2/apollo.dpdenverlab.local_1464210410_C1_F1/8 HTTP/1.1" 503 265 nbutest1@hs3 905040
172.19.22.139 - hcpnbu [25/May/2016:15:56:10 -0600] "PUT /nbu3/athene.dpdenverlab.local_1464210471_C1_F1/12 HTTP/1.1" 503 265 nbutest1@hs3 137622
172.19.22.139 - hcpnbu [25/May/2016:15:58:23 -0600] "PUT /nbu3/athene.dpdenverlab.local_1464210481_C1_F1/7 HTTP/1.1" 503 265 nbutest1@hs3 6055
172.19.22.138 - hcpnbu [25/May/2016:15:58:26 -0600] "PUT /nbu2/apollo.dpdenverlab.local_1464210410_C1_F1/8 HTTP/1.1" 503 265 nbutest1@hs3 6049
172.19.22.139 - hcpnbu [25/May/2016:15:48:52 -0600] "PUT /nbu3/athene.dpdenverlab.local_1464210471_C1_F1/5 HTTP/1.1" 503 265 nbutest1@hs3 580399
172.19.22.137 - hcpnbu [25/May/2016:15:58:35 -0600] "PUT /nbu1/zeus.dpdenverlab.local_1464210404_C1_F1/9 HTTP/1.1" 503 265 nbutest1@hs3 6066
172.19.22.139 - hcpnbu [25/May/2016:15:45:29 -0600] "PUT /nbu3/athene.dpdenverlab.local_1464210471_C1_F1/7 HTTP/1.1" 503 265 nbutest1@hs3 793176
172.19.22.139 - hcpnbu [25/May/2016:15:58:43 -0600] "PUT /nbu3/athene.dpdenverlab.local_1464210459_C1_F1/21 HTTP/1.1" 409 266 nbutest1@hs3 24
172.19.22.137 - hcpnbu [25/May/2016:15:58:46 -0600] "PUT /nbu1/zeus.dpdenverlab.local_1464210404_C1_F1/9 HTTP/1.1" 200 0 nbutest1@hs3 4362
172.19.22.139 - hcpnbu [25/May/2016:15:58:48 -0600] "PUT /nbu3/athene.dpdenverlab.local_1464210459_C1_F1/21 HTTP/1.1" 200 0 nbutest1@hs3 5264
172.19.22.139 - hcpnbu [25/May/2016:15:58:59 -0600] "HEAD /nbu3/athene.dpdenverlab.local_1464210475_C1_F1/IMAGE_PROPERTIES HTTP/1.1" 200 0 nbutest1@hs3 9
172.19.22.140 - hcpnbu [25/May/2016:15:59:05 -0600] "HEAD /nub4/saturn.dpdenverlab.local_1464210449_C1_F1/IMAGE_PROPERTIES HTTP/1.1" 200 0 nbutest1@hs3 10
172.19.22.140 - hcpnbu [25/May/2016:15:57:49 -0600] "PUT /nub4/saturn.dpdenverlab.local_1464210454_C1_F1/14 HTTP/1.1" 503 265 nbutest1@hs3 78593
172.19.22.140 - hcpnbu [25/May/2016:15:59:08 -0600] "DELETE /nub4/saturn.dpdenverlab.local_1464210449_C1_F1/IMAGE_PROPERTIES HTTP/1.1" 204 0 nbutest1@hs3 16
172.19.22.139 - hcpnbu [25/May/2016:15:59:11 -0600] "PUT /nbu3/athene.dpdenverlab.local_1464210459_C1_F1/26 HTTP/1.1" 409 266 nbutest1@hs3 30
172.19.22.140 - hcpnbu [25/May/2016:15:59:11 -0600] "GET /nub4/saturn.dpdenverlab.local_1464210449_C1_F1/BLOCK_MAP_FILE HTTP/1.1" 200 368 nbutest1@hs3 11
172.19.22.140 - hcpnbu [25/May/2016:15:59:14 -0600] "PUT /nub4/saturn.dpdenverlab.local_1464210444_C1_F1/11 HTTP/1.1" 409 266 nbutest1@hs3 18
172.19.22.139 - hcpnbu [25/May/2016:15:59:14 -0600] "PUT /nbu3/athene.dpdenverlab.local_1464210459_C1_F1/26 HTTP/1.1" 409 266 nbutest1@hs3 26
172.19.22.140 - hcpnbu [25/May/2016:15:59:16 -0600] "PUT /nub4/saturn.dpdenverlab.local_1464210444_C1_F1/11 HTTP/1.1" 409 266 nbutest1@hs3 8
172.19.22.140 - hcpnbu [25/May/2016:15:59:17 -0600] "PUT /nub4/saturn.dpdenverlab.local_1464210445_C1_F1/IMAGE_PROPERTIES HTTP/1.1" 200 0 nbutest1@hs3 258
172.19.22.140 - hcpnbu [25/May/2016:15:59:19 -0600] "GET /nub4/?prefix=saturn.dpdenverlab.local_1464210449_C1_HDR/REFERENCES/ HTTP/1.1" 200 300 nbutest1@hs3 50
172.19.22.139 - hcpnbu [25/May/2016:15:59:20 -0600] "PUT /nbu3/athene.dpdenverlab.local_1464210459_C1_F1/26 HTTP/1.1" 409 228 nbutest1@hs3 6
172.19.22.140 - hcpnbu [25/May/2016:15:59:22 -0600] "PUT /nub4/saturn.dpdenverlab.local_1464210444_C1_F1/11 HTTP/1.1" 409 266 nbutest1@hs3 8
172.19.22.140 - hcpnbu [25/May/2016:15:44:11 -0600] "PUT /nub4/saturn.dpdenverlab.local_1464210444_C1_F1/11 HTTP/1.1" 503 265 nbutest1@hs3 912060
172.19.22.138 - hcpnbu [25/May/2016:15:59:27 -0600] "HEAD /nbu3/ HTTP/1.1" 200 0 nbutest1@hs3 4
172.19.22.139 - hcpnbu [25/May/2016:15:59:28 -0600] "PUT /nbu3/athene.dpdenverlab.local_1464210459_C1_F1/26 HTTP/1.1" 409 228 nbutest1@hs3 6
172.19.22.140 - hcpnbu [25/May/2016:15:59:31 -0600] "HEAD /nbu3/ HTTP/1.1" 200 0 nbutest1@hs3 4
172.19.22.140 - hcpnbu [25/May/2016:15:59:36 -0600] "GET /nub4/?prefix=saturn.dpdenverlab.local_1464210445_C1_HDR/REFERENCES/ HTTP/1.1" 200 300 nbutest1@hs3 48
172.19.22.139 - hcpnbu [25/May/2016:15:59:46 -0600] "GET /nbu3/?prefix=athene.dpdenverlab.local_1464210471_C1_F1/REFERENCES/ HTTP/1.1" 200 299 nbutest1@hs3 44
172.19.22.140 - hcpnbu [25/May/2016:15:59:50 -0600] "GET /nub4/?location HTTP/1.1" 200 124 nbutest1@hs3 10
172.19.22.138 - hcpnbu [25/May/2016:15:59:53 -0600] "HEAD /nbu2/apollo.dpdenverlab.local_1464210412_C1_F1/IMAGE_PROPERTIES HTTP/1.1" 200 0 nbutest1@hs3 11
172.19.22.140 - hcpnbu [25/May/2016:16:00:00 -0600] "GET /nbu1/?location HTTP/1.1" 200 124 nbutest1@hs3 10
172.19.22.138 - hcpnbu [25/May/2016:16:00:10 -0600] "PUT /nbu2/apollo.dpdenverlab.local_1464210426_C1_F1/21 HTTP/1.1" 409 266 nbutest1@hs3 49
172.19.22.138 - hcpnbu [25/May/2016:16:00:12 -0600] "PUT /nbu2/apollo.dpdenverlab.local_1464210426_C1_F1/21 HTTP/1.1" 409 266 nbutest1@hs3 33
172.19.22.138 - hcpnbu [25/May/2016:16:00:17 -0600] "DELETE /nbu2/apollo.dpdenverlab.local_1464210412_C1_F1/IMAGE_PROPERTIES HTTP/1.1" 204 0 nbutest1@hs3 16
172.19.22.138 - hcpnbu [25/May/2016:16:00:18 -0600] "PUT /nbu2/apollo.dpdenverlab.local_1464210426_C1_F1/21 HTTP/1.1" 409 266 nbutest1@hs3 28
172.19.22.138 - hcpnbu [25/May/2016:15:45:22 -0600] "PUT /nbu2/apollo.dpdenverlab.local_1464210428_C1_F1/20 HTTP/1.1" 503 265 nbutest1@hs3 901533
172.19.22.138 - hcpnbu [25/May/2016:16:00:26 -0600] "PUT /nbu2/apollo.dpdenverlab.local_1464210426_C1_F1/21 HTTP/1.1" 409 266 nbutest1@hs3 28
172.19.22.140 - hcpnbu [25/May/2016:15:59:33 -0600] "PUT /nub4/saturn.dpdenverlab.local_1464210444_C1_F1/11 HTTP/1.1" 503 265 nbutest1@hs3 56394
172.19.22.138 - hcpnbu [25/May/2016:16:00:32 -0600] "GET /nbu2/apollo.dpdenverlab.local_1464210412_C1_F1/BLOCK_MAP_FILE HTTP/1.1" 200 420 nbutest1@hs3 10
172.19.22.140 - hcpnbu [25/May/2016:16:00:31 -0600] "PUT /nub4/saturn.dpdenverlab.local_1464210444_C1_F1/11 HTTP/1.1" 200 0 nbutest1@hs3 4362
172.19.22.138 - hcpnbu [25/May/2016:16:00:41 -0600] "GET /nbu2/?prefix=apollo.dpdenverlab.local_1464210412_C1_HDR/REFERENCES/ HTTP/1.1" 200 300 nbutest1@hs3 53
172.19.22.138 - hcpnbu [25/May/2016:16:00:43 -0600] "PUT /nbu2/apollo.dpdenverlab.local_1464210426_C1_F1/21 HTTP/1.1" 409 266 nbutest1@hs3 296
172.19.22.140 - hcpnbu [25/May/2016:16:00:50 -0600] "DELETE /nub4/saturn.dpdenverlab.local_1464210452_C1_F1/ HTTP/1.1" 204 0 nbutest1@hs3 15
172.19.22.140 - hcpnbu [25/May/2016:16:00:54 -0600] "GET /nub4/saturn.dpdenverlab.local_1464210452_C1_HDR/BLOCK_MAP_FILE HTTP/1.1" 200 11 nbutest1@hs3 26
172.19.22.140 - hcpnbu [25/May/2016:16:01:02 -0600] "HEAD /nbu1/ HTTP/1.1" 200 0 nbutest1@hs3 3
172.19.22.140 - hcpnbu [25/May/2016:16:01:13 -0600] "GET / HTTP/1.1" 200 612 nbutest1@hs3 45
172.19.22.139 - hcpnbu [25/May/2016:15:58:55 -0600] "PUT /nbu3/athene.dpdenverlab.local_1464210459_C1_F1/29 HTTP/1.1" 503 265 nbutest1@hs3 140906
172.19.22.139 - hcpnbu [25/May/2016:16:01:26 -0600] "DELETE /nbu3/athene.dpdenverlab.local_1464210459_C1_F1/IMAGE_PROPERTIES HTTP/1.1" 204 0 nbutest1@hs3 21
172.19.22.140 - hcpnbu [25/May/2016:16:01:50 -0600] "GET / HTTP/1.1" 200 612 nbutest1@hs3 37
172.19.22.140 - hcpnbu [25/May/2016:16:02:11 -0600] "PUT /nub4/saturn.dpdenverlab.local_1464210441_C1_F1/19 HTTP/1.1" 409 266 nbutest1@hs3 36
172.19.22.140 - hcpnbu [25/May/2016:16:02:14 -0600] "PUT /nub4/saturn.dpdenverlab.local_1464210441_C1_F1/19 HTTP/1.1" 409 266 nbutest1@hs3 28
172.19.22.140 - hcpnbu [25/May/2016:16:02:29 -0600] "GET / HTTP/1.1" 200 612 nbutest1@hs3 35
172.19.22.139 - hcpnbu [25/May/2016:16:02:38 -0600] "PUT /nbu3/athene.dpdenverlab.local_1464210478_C1_F1/BLOCK_MAP_FILE HTTP/1.1" 503 265 nbutest1@hs3 6054
172.19.22.140 - hcpnbu [25/May/2016:16:02:51 -0600] "HEAD /nub4/ HTTP/1.1" 200 0 nbutest1@hs3 4
172.19.22.137 - hcpnbu [25/May/2016:15:47:50 -0600] "PUT /nbu1/zeus.dpdenverlab.local_1464210396_C1_F1/21 HTTP/1.1" 503 0 nbutest1@hs3 901064
172.19.22.139 - hcpnbu [25/May/2016:16:03:00 -0600] "GET /nbu3/?prefix=athene.dpdenverlab.local_1464210459_C1_HDR/ HTTP/1.1" 200 1601 nbutest1@hs3 54
172.19.22.139 - hcpnbu [25/May/2016:16:02:46 -0600] "PUT /nbu3/athene.dpdenverlab.local_1464210478_C1_F1/BLOCK_MAP_FILE HTTP/1.1" 200 0 nbutest1@hs3 16711
172.19.22.138 - hcpnbu [25/May/2016:16:03:13 -0600] "HEAD /nbu3/athene.dpdenverlab.local_1464210459_C1_F1/IMAGE_PROPERTIES HTTP/1.1" 404 0 nbutest1@hs3 5
172.19.22.140 - hcpnbu [25/May/2016:16:03:16 -0600] "HEAD /nbu2/ HTTP/1.1" 200 0 nbutest1@hs3 3
172.19.22.137 - hcpnbu [25/May/2016:15:49:04 -0600] "PUT /nbu1/zeus.dpdenverlab.local_1464210396_C1_F1/20 HTTP/1.1" 503 265 nbutest1@hs3 859555
172.19.22.140 - hcpnbu [25/May/2016:16:03:31 -0600] "GET /nbu3/?location HTTP/1.1" 200 124 nbutest1@hs3 8
172.19.22.139 - hcpnbu [25/May/2016:16:03:04 -0600] "PUT /nbu3/athene.dpdenverlab.local_1464210478_C1_F1/IMAGE_PROPERTIES HTTP/1.1" 200 0 nbutest1@hs3 35823
172.19.22.140 - hcpnbu [25/May/2016:16:03:51 -0600] "HEAD /nub4/ HTTP/1.1" 200 0 nbutest1@hs3 5
172.19.22.139 - hcpnbu [25/May/2016:16:03:56 -0600] "DELETE /nbu3/athene.dpdenverlab.local_1464210478_C1_F1/0 HTTP/1.1" 204 0 nbutest1@hs3 24
172.19.22.139 - hcpnbu [25/May/2016:16:03:57 -0600] "DELETE /nbu3/athene.dpdenverlab.local_1464210478_C1_F1/12 HTTP/1.1" 204 0 nbutest1@hs3 42
172.19.22.139 - hcpnbu [25/May/2016:16:03:58 -0600] "DELETE /nbu3/athene.dpdenverlab.local_1464210478_C1_F1/16 HTTP/1.1" 204 0 nbutest1@hs3 22
172.19.22.139 - hcpnbu [25/May/2016:16:03:59 -0600] "DELETE /nbu3/athene.dpdenverlab.local_1464210478_C1_F1/2 HTTP/1.1" 204 0 nbutest1@hs3 20
172.19.22.139 - hcpnbu [25/May/2016:16:04:00 -0600] "DELETE /nbu3/athene.dpdenverlab.local_1464210478_C1_F1/24 HTTP/1.1" 204 0 nbutest1@hs3 21
172.19.22.139 - hcpnbu [25/May/2016:16:04:01 -0600] "DELETE /nbu3/athene.dpdenverlab.local_1464210478_C1_F1/4 HTTP/1.1" 204 0 nbutest1@hs3 23
172.19.22.137 - hcpnbu [25/May/2016:15:49:11 -0600] "PUT /nbu1/zeus.dpdenverlab.local_1464210407_C1_F1/19 HTTP/1.1" 200 0 nbutest1@hs3 890848
172.19.22.139 - hcpnbu [25/May/2016:16:04:02 -0600] "DELETE /nbu3/athene.dpdenverlab.local_1464210478_C1_F1/8 HTTP/1.1" 204 0 nbutest1@hs3 22
172.19.22.139 - hcpnbu [25/May/2016:16:04:05 -0600] "GET /nbu3/?prefix=athene.dpdenverlab.local_1464210478_C1_HDR/REFERENCES/ HTTP/1.1" 200 300 nbutest1@hs3 43
172.19.22.139 - hcpnbu [25/May/2016:16:04:08 -0600] "DELETE /nbu3/athene.dpdenverlab.local_1464210478_C1_HDR/0 HTTP/1.1" 204 0 nbutest1@hs3 22
172.19.22.137 - hcpnbu [25/May/2016:16:04:11 -0600] "PUT /nbu1/zeus.dpdenverlab.local_1464210396_C1_F1/22 HTTP/1.1" 409 266 nbutest1@hs3 8
172.19.22.137 - hcpnbu [25/May/2016:15:49:07 -0600] "PUT /nbu1/zeus.dpdenverlab.local_1464210396_C1_F1/22 HTTP/1.1" 503 265 nbutest1@hs3 905202
172.19.22.140 - hcpnbu [25/May/2016:16:04:16 -0600] "GET /nbu2/?location HTTP/1.1" 200 124 nbutest1@hs3 10
172.19.22.139 - hcpnbu [25/May/2016:16:04:20 -0600] "DELETE /nbu3/athene.dpdenverlab.local_1464210470_C1_F1/IMAGE_PROPERTIES HTTP/1.1" 204 0 nbutest1@hs3 17
172.19.22.137 - hcpnbu [25/May/2016:16:04:16 -0600] "PUT /nbu1/zeus.dpdenverlab.local_1464210396_C1_F1/22 HTTP/1.1" 503 265 nbutest1@hs3 6060
172.19.22.139 - hcpnbu [25/May/2016:16:04:26 -0600] "HEAD /nbu3/athene.dpdenverlab.local_1464210470_C1_F1/IMAGE_PROPERTIES HTTP/1.1" 200 0 nbutest1@hs3 11
172.19.22.137 - hcpnbu [25/May/2016:16:04:25 -0600] "PUT /nbu1/zeus.dpdenverlab.local_1464210396_C1_F1/22 HTTP/1.1" 503 265 nbutest1@hs3 6056
172.19.22.139 - hcpnbu [25/May/2016:16:04:35 -0600] "HEAD /nbu3/athene.dpdenverlab.local_1464210470_C1_HDR/IMAGE_PROPERTIES HTTP/1.1" 200 0 nbutest1@hs3 9
172.19.22.140 - hcpnbu [25/May/2016:16:04:31 -0600] "PUT /nub4/saturn.dpdenverlab.local_1464210437_C1_F1/BLOCK_MAP_FILE HTTP/1.1" 503 265 nbutest1@hs3 6054
172.19.22.139 - hcpnbu [25/May/2016:16:04:44 -0600] "HEAD /nbu3/athene.dpdenverlab.local_1464210473_C1_F1/IMAGE_PROPERTIES HTTP/1.1" 200 0 nbutest1@hs3 8
172.19.22.140 - hcpnbu [25/May/2016:16:04:39 -0600] "PUT /nub4/saturn.dpdenverlab.local_1464210437_C1_F1/BLOCK_MAP_FILE HTTP/1.1" 503 265 nbutest1@hs3 6065
172.19.22.139 - hcpnbu [25/May/2016:16:04:50 -0600] "DELETE /nbu3/athene.dpdenverlab.local_1464210470_C1_HDR/ HTTP/1.1" 204 0 nbutest1@hs3 35
172.19.22.140 - hcpnbu [25/May/2016:16:04:50 -0600] "PUT /nub4/saturn.dpdenverlab.local_1464210437_C1_F1/BLOCK_MAP_FILE HTTP/1.1" 200 0 nbutest1@hs3 1098
172.19.22.138 - hcpnbu [25/May/2016:16:04:59 -0600] "GET /nbu3/?location HTTP/1.1" 200 124 nbutest1@hs3 12
172.19.22.138 - hcpnbu [25/May/2016:16:05:00 -0600] "HEAD /nbu2/apollo.dpdenverlab.local_1464210427_C1_HDR/IMAGE_PROPERTIES HTTP/1.1" 404 0 nbutest1@hs3 5
172.19.22.137 - hcpnbu [25/May/2016:16:05:11 -0600] "GET /nbu1/?prefix=zeus.dpdenverlab.local_1464210405_C1_F1/REFERENCES/ HTTP/1.1" 200 297 nbutest1@hs3 51
172.19.22.139 - hcpnbu [25/May/2016:16:04:47 -0600] "PUT /nbu3/athene.dpdenverlab.local_1464210473_C1_F1/IMAGE_PROPERTIES HTTP/1.1" 200 0 nbutest1@hs3 28944
172.19.22.139 - hcpnbu [25/May/2016:15:50:16 -0600] "PUT /nbu3/athene.dpdenverlab.local_1464210481_C1_F1/11 HTTP/1.1" 503 0 nbutest1@hs3 900133
172.19.22.139 - hcpnbu [25/May/2016:16:05:18 -0600] "GET /nbu3/?prefix=athene.dpdenverlab.local_1464210473_C1_F1/REFERENCES/ HTTP/1.1" 200 299 nbutest1@hs3 47
172.19.22.140 - hcpnbu [25/May/2016:16:05:23 -0600] "HEAD /nub4/saturn.dpdenverlab.local_1464210437_C1_F1/IMAGE_PROPERTIES HTTP/1.1" 200 0 nbutest1@hs3 10
172.19.22.140 - hcpnbu [25/May/2016:16:05:27 -0600] "GET /nub4/?prefix=saturn.dpdenverlab.local_1464210437_C1_F1/ HTTP/1.1" 200 4874 nbutest1@hs3 67
172.19.22.137 - hcpnbu [25/May/2016:15:53:06 -0600] "PUT /nbu1/zeus.dpdenverlab.local_1464210407_C1_F1/21 HTTP/1.1" 200 0 nbutest1@hs3 740357
172.19.22.140 - hcpnbu [25/May/2016:16:05:28 -0600] "DELETE /nub4/saturn.dpdenverlab.local_1464210437_C1_F1/0 HTTP/1.1" 204 0 nbutest1@hs3 38
172.19.22.140 - hcpnbu [25/May/2016:16:05:28 -0600] "DELETE /nub4/saturn.dpdenverlab.local_1464210437_C1_F1/1 HTTP/1.1" 204 0 nbutest1@hs3 37
172.19.22.140 - hcpnbu [25/May/2016:16:05:28 -0600] "DELETE /nub4/saturn.dpdenverlab.local_1464210437_C1_F1/10 HTTP/1.1" 204 0 nbutest1@hs3 37
172.19.22.140 - hcpnbu [25/May/2016:16:05:28 -0600] "DELETE /nub4/saturn.dpdenverlab.local_1464210437_C1_F1/11 HTTP/1.1" 204 0 nbutest1@hs3 50
172.19.22.140 - hcpnbu [25/May/2016:16:05:29 -0600] "DELETE /nub4/saturn.dpdenverlab.local_1464210437_C1_F1/2 HTTP/1.1" 204 0 nbutest1@hs3 29
172.19.22.140 - hcpnbu [25/May/2016:16:05:29 -0600] "DELETE /nub4/saturn.dpdenverlab.local_1464210437_C1_F1/5 HTTP/1.1" 204 0 nbutest1@hs3 28
172.19.22.140 - hcpnbu [25/May/2016:16:05:29 -0600] "DELETE /nub4/saturn.dpdenverlab.local_1464210437_C1_F1/4 HTTP/1.1" 204 0 nbutest1@hs3 29
172.19.22.140 - hcpnbu [25/May/2016:16:05:29 -0600] "DELETE /nub4/saturn.dpdenverlab.local_1464210437_C1_F1/3 HTTP/1.1" 204 0 nbutest1@hs3 29
172.19.22.140 - hcpnbu [25/May/2016:16:05:30 -0600] "DELETE /nub4/saturn.dpdenverlab.local_1464210437_C1_F1/7 HTTP/1.1" 204 0 nbutest1@hs3 29
172.19.22.140 - hcpnbu [25/May/2016:16:05:30 -0600] "DELETE /nub4/saturn.dpdenverlab.local_1464210437_C1_F1/8 HTTP/1.1" 204 0 nbutest1@hs3 29
172.19.22.140 - hcpnbu [25/May/2016:16:05:30 -0600] "DELETE /nub4/saturn.dpdenverlab.local_1464210437_C1_F1/9 HTTP/1.1" 204 0 nbutest1@hs3 29
172.19.22.140 - hcpnbu [25/May/2016:16:05:30 -0600] "DELETE /nub4/saturn.dpdenverlab.local_1464210437_C1_F1/BLOCK_MAP_FILE HTTP/1.1" 204 0 nbutest1@hs3 30
172.19.22.137 - hcpnbu [25/May/2016:15:54:01 -0600] "PUT /nbu1/zeus.dpdenverlab.local_1464210407_C1_F1/22 HTTP/1.1" 200 0 nbutest1@hs3 688843
172.19.22.140 - hcpnbu [25/May/2016:16:05:31 -0600] "DELETE /nub4/saturn.dpdenverlab.local_1464210437_C1_F1/IMAGE_PROPERTIES HTTP/1.1" 204 0 nbutest1@hs3 17
172.19.22.140 - hcpnbu [25/May/2016:16:05:33 -0600] "HEAD /nub4/saturn.dpdenverlab.local_1464210437_C1_HDR/IMAGE_PROPERTIES HTTP/1.1" 200 0 nbutest1@hs3 10
172.19.22.137 - hcpnbu [25/May/2016:16:05:28 -0600] "PUT /nbu1/zeus.dpdenverlab.local_1464210407_C1_F1/24 HTTP/1.1" 503 265 nbutest1@hs3 6069
172.19.22.138 - hcpnbu [25/May/2016:16:05:36 -0600] "HEAD /nbu1/ HTTP/1.1" 200 0 nbutest1@hs3 4
172.19.22.140 - hcpnbu [25/May/2016:16:05:37 -0600] "DELETE /nub4/saturn.dpdenverlab.local_1464210437_C1_HDR/0 HTTP/1.1" 204 0 nbutest1@hs3 35
172.19.22.140 - hcpnbu [25/May/2016:16:05:37 -0600] "DELETE /nub4/saturn.dpdenverlab.local_1464210437_C1_HDR/IMAGE_PROPERTIES HTTP/1.1" 204 0 nbutest1@hs3 49
172.19.22.140 - hcpnbu [25/May/2016:16:05:37 -0600] "DELETE /nub4/saturn.dpdenverlab.local_1464210437_C1_HDR/BLOCK_MAP_FILE HTTP/1.1" 204 0 nbutest1@hs3 49
172.19.22.137 - hcpnbu [25/May/2016:16:05:36 -0600] "PUT /nbu1/zeus.dpdenverlab.local_1464210407_C1_F1/24 HTTP/1.1" 503 265 nbutest1@hs3 6057
172.19.22.139 - hcpnbu [25/May/2016:16:05:42 -0600] "GET / HTTP/1.1" 200 612 nbutest1@hs3 34
172.19.22.137 - hcpnbu [25/May/2016:15:50:44 -0600] "PUT /nbu1/zeus.dpdenverlab.local_1464210407_C1_F1/16 HTTP/1.1" 503 0 nbutest1@hs3 900182
172.19.22.140 - hcpnbu [25/May/2016:16:05:46 -0600] "HEAD /nub4/saturn.dpdenverlab.local_1464210434_C1_F1/IMAGE_PROPERTIES HTTP/1.1" 200 0 nbutest1@hs3 9
172.19.22.140 - hcpnbu [25/May/2016:16:05:50 -0600] "GET /nub4/?prefix=saturn.dpdenverlab.local_1464210434_C1_F1/ HTTP/1.1" 200 5858 nbutest1@hs3 65
172.19.22.138 - hcpnbu [25/May/2016:16:05:55 -0600] "HEAD /nbu3/ HTTP/1.1" 200 0 nbutest1@hs3 4
172.19.22.140 - hcpnbu [25/May/2016:16:06:00 -0600] "GET / HTTP/1.1" 200 612 nbutest1@hs3 35
172.19.22.138 - hcpnbu [25/May/2016:16:06:07 -0600] "GET /nub4/?location HTTP/1.1" 200 124 nbutest1@hs3 11
172.19.22.137 - hcpnbu [25/May/2016:16:06:08 -0600] "PUT /nbu1/zeus.dpdenverlab.local_1464210396_C1_F1/27 HTTP/1.1" 409 266 nbutest1@hs3 7
172.19.22.137 - hcpnbu [25/May/2016:15:51:04 -0600] "PUT /nbu1/zeus.dpdenverlab.local_1464210396_C1_F1/27 HTTP/1.1" 503 265 nbutest1@hs3 904366
172.19.22.137 - hcpnbu [25/May/2016:16:06:12 -0600] "PUT /nbu1/zeus.dpdenverlab.local_1464210392_C1_F1/27 HTTP/1.1" 409 228 nbutest1@hs3 7
172.19.22.139 - hcpnbu [25/May/2016:15:51:13 -0600] "PUT /nbu3/athene.dpdenverlab.local_1464210462_C1_F1/4 HTTP/1.1" 503 265 nbutest1@hs3 900201
172.19.22.137 - hcpnbu [25/May/2016:16:06:14 -0600] "PUT /nbu1/zeus.dpdenverlab.local_1464210396_C1_F1/27 HTTP/1.1" 200 0 nbutest1@hs3 5953
172.19.22.138 - hcpnbu [25/May/2016:16:06:25 -0600] "GET /nbu2/apollo.dpdenverlab.local_1464210423_C1_HDR/BLOCK_MAP_FILE HTTP/1.1" 200 11 nbutest1@hs3 15
172.19.22.137 - hcpnbu [25/May/2016:16:06:21 -0600] "PUT /nbu1/zeus.dpdenverlab.local_1464210396_C1_F1/28 HTTP/1.1" 200 0 nbutest1@hs3 5172
172.19.22.138 - hcpnbu [25/May/2016:16:06:36 -0600] "GET /nbu2/?location HTTP/1.1" 200 124 nbutest1@hs3 12
172.19.22.140 - hcpnbu [25/May/2016:16:06:50 -0600] "GET / HTTP/1.1" 200 612 nbutest1@hs3 34
172.19.22.137 - hcpnbu [25/May/2016:16:07:10 -0600] "PUT /nbu1/zeus.dpdenverlab.local_1464210392_C1_F1/27 HTTP/1.1" 409 228 nbutest1@hs3 7
172.19.22.137 - hcpnbu [25/May/2016:16:07:10 -0600] "HEAD /nbu1/zeus.dpdenverlab.local_1464210392_C1_F1/IMAGE_PROPERTIES HTTP/1.1" 200 0 nbutest1@hs3 9
172.19.22.137 - hcpnbu [25/May/2016:16:07:20 -0600] "DELETE /nbu1/zeus.dpdenverlab.local_1464210392_C1_F1/IMAGE_PROPERTIES HTTP/1.1" 204 0 nbutest1@hs3 16
172.19.22.138 - hcpnbu [25/May/2016:16:07:31 -0600] "PUT /nbu2/apollo.dpdenverlab.local_1464210422_C1_F1/26 HTTP/1.1" 503 265 nbutest1@hs3 6052
172.19.22.139 - hcpnbu [25/May/2016:15:52:45 -0600] "PUT /nbu3/athene.dpdenverlab.local_1464210462_C1_F1/5 HTTP/1.1" 503 0 nbutest1@hs3 901065
172.19.22.140 - hcpnbu [25/May/2016:16:07:51 -0600] "GET /nub4/?location HTTP/1.1" 200 124 nbutest1@hs3 12
172.19.22.137 - hcpnbu [25/May/2016:15:54:25 -0600] "PUT /nbu1/zeus.dpdenverlab.local_1464210404_C1_F1/21 HTTP/1.1" 200 0 nbutest1@hs3 807028
172.19.22.137 - hcpnbu [25/May/2016:16:07:53 -0600] "PUT /nbu1/zeus.dpdenverlab.local_1464210404_C1_F1/26 HTTP/1.1" 200 0 nbutest1@hs3 5371
172.19.22.137 - hcpnbu [25/May/2016:16:08:00 -0600] "GET /nbu1/?prefix=zeus.dpdenverlab.local_1464210392_C1_HDR/REFERENCES/ HTTP/1.1" 200 298 nbutest1@hs3 48
172.19.22.139 - hcpnbu [25/May/2016:15:54:11 -0600] "PUT /nbu3/athene.dpdenverlab.local_1464210481_C1_F1/15 HTTP/1.1" 503 265 nbutest1@hs3 833893
172.19.22.139 - hcpnbu [25/May/2016:16:08:05 -0600] "DELETE /nbu3/athene.dpdenverlab.local_1464210458_C1_F1/BLOCK_MAP_FILE HTTP/1.1" 204 0 nbutest1@hs3 5
172.19.22.139 - hcpnbu [25/May/2016:16:08:09 -0600] "PUT /nbu3/athene.dpdenverlab.local_1464210481_C1_F1/15 HTTP/1.1" 200 0 nbutest1@hs3 5169
172.19.22.138 - hcpnbu [25/May/2016:16:08:14 -0600] "HEAD /nbu1/zeus.dpdenverlab.local_1464210392_C1_F1/IMAGE_PROPERTIES HTTP/1.1" 404 0 nbutest1@hs3 5
172.19.22.140 - hcpnbu [25/May/2016:16:08:17 -0600] "HEAD /nbu2/ HTTP/1.1" 200 0 nbutest1@hs3 4
172.19.22.140 - hcpnbu [25/May/2016:15:56:48 -0600] "PUT /nub4/saturn.dpdenverlab.local_1464210435_C1_F1/4 HTTP/1.1" 200 0 nbutest1@hs3 698233
172.19.22.140 - hcpnbu [25/May/2016:16:08:28 -0600] "PUT /nub4/saturn.dpdenverlab.local_1464210441_C1_F1/31 HTTP/1.1" 409 266 nbutest1@hs3 28
172.19.22.140 - hcpnbu [25/May/2016:15:54:39 -0600] "PUT /nub4/saturn.dpdenverlab.local_1464210436_C1_F1/10 HTTP/1.1" 200 0 nbutest1@hs3 829563
172.19.22.140 - hcpnbu [25/May/2016:16:08:31 -0600] "HEAD /nub4/saturn.dpdenverlab.local_1464210443_C1_HDR/IMAGE_PROPERTIES HTTP/1.1" 200 0 nbutest1@hs3 9
172.19.22.140 - hcpnbu [25/May/2016:16:08:32 -0600] "PUT /nub4/saturn.dpdenverlab.local_1464210441_C1_F1/31 HTTP/1.1" 409 266 nbutest1@hs3 356
172.19.22.140 - hcpnbu [25/May/2016:16:08:34 -0600] "GET /nub4/?prefix=saturn.dpdenverlab.local_1464210443_C1_HDR/ HTTP/1.1" 200 1601 nbutest1@hs3 48
172.19.22.140 - hcpnbu [25/May/2016:16:08:38 -0600] "PUT /nub4/saturn.dpdenverlab.local_1464210441_C1_F1/31 HTTP/1.1" 409 266 nbutest1@hs3 25
172.19.22.138 - hcpnbu [25/May/2016:16:08:46 -0600] "HEAD /nub4/ HTTP/1.1" 200 0 nbutest1@hs3 4
172.19.22.140 - hcpnbu [25/May/2016:16:08:48 -0600] "PUT /nub4/saturn.dpdenverlab.local_1464210441_C1_F1/31 HTTP/1.1" 409 266 nbutest1@hs3 26
172.19.22.140 - hcpnbu [25/May/2016:16:08:49 -0600] "GET / HTTP/1.1" 200 612 nbutest1@hs3 28
172.19.22.138 - hcpnbu [25/May/2016:15:55:01 -0600] "PUT /nbu2/apollo.dpdenverlab.local_1464210410_C1_F1/10 HTTP/1.1" 200 0 nbutest1@hs3 834160
