172.19.22.138 - hcpnbu [25/May/2016:15:34:45 -0600] "PUT /nbu2/apollo.dpdenverlab.local_1464210420_C1_F1/7 HTTP/1.1" 409 266 nbutest1@hs3 7
172.19.22.138 - hcpnbu [25/May/2016:15:34:47 -0600] "PUT /nbu2/apollo.dpdenverlab.local_1464210415_C1_F1/15 HTTP/1.1" 409 266 nbutest1@hs3 28
172.19.22.138 - hcpnbu [25/May/2016:15:34:49 -0600] "PUT /nbu2/apollo.dpdenverlab.local_1464210420_C1_F1/7 HTTP/1.1" 409 266 nbutest1@hs3 7
172.19.22.139 - hcpnbu [25/May/2016:15:29:20 -0600] "PUT /nbu3/athene.dpdenverlab.local_1464210481_C1_F1/11 HTTP/1.1" 503 265 nbutest1@hs3 329950
172.19.22.138 - hcpnbu [25/May/2016:15:34:01 -0600] "PUT /nbu2/apollo.dpdenverlab.local_1464210415_C1_F1/8 HTTP/1.1" 503 265 nbutest1@hs3 52444
172.19.22.138 - hcpnbu [25/May/2016:15:34:54 -0600] "PUT /nbu2/apollo.dpdenverlab.local_1464210420_C1_F1/7 HTTP/1.1" 409 266 nbutest1@hs3 7
172.19.22.138 - hcpnbu [25/May/2016:15:34:54 -0600] "PUT /nbu2/apollo.dpdenverlab.local_1464210415_C1_F1/15 HTTP/1.1" 409 266 nbutest1@hs3 26
172.19.22.138 - hcpnbu [25/May/2016:15:19:41 -0600] "PUT /nbu2/apollo.dpdenverlab.local_1464210420_C1_F1/7 HTTP/1.1" 503 265 nbutest1@hs3 914226
172.19.22.138 - hcpnbu [25/May/2016:15:34:55 -0600] "PUT /nbu2/apollo.dpdenverlab.local_1464210415_C1_F1/8 HTTP/1.1" 200 0 nbutest1@hs3 3942
172.19.22.140 - hcpnbu [25/May/2016:15:35:01 -0600] "HEAD /nbu1/ HTTP/1.1" 200 0 nbutest1@hs3 3
172.19.22.138 - hcpnbu [25/May/2016:15:19:59 -0600] "PUT /nbu2/apollo.dpdenverlab.local_1464210427_C1_F1/6 HTTP/1.1" 503 265 nbutest1@hs3 903001
172.19.22.140 - hcpnbu [25/May/2016:15:19:50 -0600] "PUT /nub4/saturn.dpdenverlab.local_1464210441_C1_F1/10 HTTP/1.1" 503 265 nbutest1@hs3 912051
172.19.22.138 - hcpnbu [25/May/2016:15:35:05 -0600] "PUT /nbu2/apollo.dpdenverlab.local_1464210420_C1_F1/7 HTTP/1.1" 200 0 nbutest1@hs3 4867
172.19.22.138 - hcpnbu [25/May/2016:15:35:13 -0600] "PUT /nbu2/apollo.dpdenverlab.local_1464210415_C1_F1/15 HTTP/1.1" 409 228 nbutest1@hs3 6
172.19.22.137 - hcpnbu [25/May/2016:15:20:16 -0600] "PUT /nbu1/zeus.dpdenverlab.local_1464210407_C1_F1/16 HTTP/1.1" 503 265 nbutest1@hs3 901036
172.19.22.138 - hcpnbu [25/May/2016:15:35:20 -0600] "PUT /nbu2/apollo.dpdenverlab.local_1464210425_C1_F1/9 HTTP/1.1" 409 266 nbutest1@hs3 28
172.19.22.138 - hcpnbu [25/May/2016:15:35:23 -0600] "PUT /nbu2/apollo.dpdenverlab.local_1464210425_C1_F1/9 HTTP/1.1" 409 266 nbutest1@hs3 32
172.19.22.138 - hcpnbu [25/May/2016:15:35:28 -0600] "PUT /nbu2/apollo.dpdenverlab.local_1464210425_C1_F1/9 HTTP/1.1" 409 266 nbutest1@hs3 233
172.19.22.138 - hcpnbu [25/May/2016:15:35:36 -0600] "PUT /nbu2/apollo.dpdenverlab.local_1464210425_C1_F1/9 HTTP/1.1" 409 266 nbutest1@hs3 29
172.19.22.139 - hcpnbu [25/May/2016:15:35:46 -0600] "PUT /nbu3/athene.dpdenverlab.local_1464210462_C1_F1/4 HTTP/1.1" 409 266 nbutest1@hs3 30
172.19.22.138 - hcpnbu [25/May/2016:15:35:47 -0600] "PUT /nbu2/apollo.dpdenverlab.local_1464210415_C1_F1/15 HTTP/1.1" 409 228 nbutest1@hs3 6
172.19.22.139 - hcpnbu [25/May/2016:15:35:50 -0600] "PUT /nbu3/athene.dpdenverlab.local_1464210462_C1_F1/4 HTTP/1.1" 409 266 nbutest1@hs3 28
172.19.22.139 - hcpnbu [25/May/2016:15:35:56 -0600] "PUT /nbu3/athene.dpdenverlab.local_1464210462_C1_F1/4 HTTP/1.1" 409 266 nbutest1@hs3 28
172.19.22.140 - hcpnbu [25/May/2016:15:36:15 -0600] "GET /nbu2/?location HTTP/1.1" 200 124 nbutest1@hs3 10
172.19.22.138 - hcpnbu [25/May/2016:15:35:56 -0600] "PUT /nbu2/apollo.dpdenverlab.local_1464210425_C1_F1/9 HTTP/1.1" 503 265 nbutest1@hs3 19680
172.19.22.137 - hcpnbu [25/May/2016:15:36:23 -0600] "PUT /nbu1/zeus.dpdenverlab.local_1464210396_C1_F1/23 HTTP/1.1" 409 266 nbutest1@hs3 6
172.19.22.137 - hcpnbu [25/May/2016:15:21:19 -0600] "PUT /nbu1/zeus.dpdenverlab.local_1464210396_C1_F1/23 HTTP/1.1" 503 265 nbutest1@hs3 903778
172.19.22.138 - hcpnbu [25/May/2016:15:36:19 -0600] "PUT /nbu2/apollo.dpdenverlab.local_1464210425_C1_F1/9 HTTP/1.1" 200 0 nbutest1@hs3 4309
172.19.22.140 - hcpnbu [25/May/2016:15:21:18 -0600] "PUT /nub4/saturn.dpdenverlab.local_1464210441_C1_F1/11 HTTP/1.1" 503 265 nbutest1@hs3 905259
172.19.22.138 - hcpnbu [25/May/2016:15:21:22 -0600] "PUT /nbu2/apollo.dpdenverlab.local_1464210427_C1_F1/7 HTTP/1.1" 503 265 nbutest1@hs3 902951
172.19.22.138 - hcpnbu [25/May/2016:15:36:24 -0600] "PUT /nbu2/apollo.dpdenverlab.local_1464210425_C1_F1/12 HTTP/1.1" 200 0 nbutest1@hs3 5216
172.19.22.137 - hcpnbu [25/May/2016:15:36:26 -0600] "PUT /nbu1/zeus.dpdenverlab.local_1464210396_C1_F1/23 HTTP/1.1" 200 0 nbutest1@hs3 5416
172.19.22.138 - hcpnbu [25/May/2016:15:36:31 -0600] "PUT /nbu2/apollo.dpdenverlab.local_1464210425_C1_F1/13 HTTP/1.1" 200 0 nbutest1@hs3 5601
172.19.22.137 - hcpnbu [25/May/2016:15:36:33 -0600] "PUT /nbu1/zeus.dpdenverlab.local_1464210396_C1_F1/24 HTTP/1.1" 200 0 nbutest1@hs3 5574
172.19.22.137 - hcpnbu [25/May/2016:15:36:39 -0600] "PUT /nbu1/zeus.dpdenverlab.local_1464210396_C1_F1/25 HTTP/1.1" 200 0 nbutest1@hs3 5228
172.19.22.138 - hcpnbu [25/May/2016:15:36:47 -0600] "PUT /nbu2/apollo.dpdenverlab.local_1464210415_C1_F1/15 HTTP/1.1" 409 228 nbutest1@hs3 6
172.19.22.138 - hcpnbu [25/May/2016:15:35:00 -0600] "PUT /nbu2/apollo.dpdenverlab.local_1464210415_C1_F1/20 HTTP/1.1" 503 0 nbutest1@hs3 107997
172.19.22.140 - hcpnbu [25/May/2016:15:36:50 -0600] "GET / HTTP/1.1" 200 612 nbutest1@hs3 37
172.19.22.138 - hcpnbu [25/May/2016:15:34:38 -0600] "PUT /nbu2/apollo.dpdenverlab.local_1464210415_C1_F1/14 HTTP/1.1" 503 265 nbutest1@hs3 137510
172.19.22.140 - hcpnbu [25/May/2016:15:37:01 -0600] "HEAD /nbu1/ HTTP/1.1" 200 0 nbutest1@hs3 3
172.19.22.139 - hcpnbu [25/May/2016:15:37:13 -0600] "PUT /nbu3/athene.dpdenverlab.local_1464210462_C1_F1/5 HTTP/1.1" 409 266 nbutest1@hs3 29
172.19.22.139 - hcpnbu [25/May/2016:15:37:17 -0600] "PUT /nbu3/athene.dpdenverlab.local_1464210462_C1_F1/5 HTTP/1.1" 409 266 nbutest1@hs3 29
172.19.22.138 - hcpnbu [25/May/2016:15:37:17 -0600] "GET /nbu2/apollo.dpdenverlab.local_1464210415_C1_F1/BLOCK_MAP_FILE HTTP/1.1" 200 524 nbutest1@hs3 2243
172.19.22.139 - hcpnbu [25/May/2016:15:37:22 -0600] "PUT /nbu3/athene.dpdenverlab.local_1464210462_C1_F1/5 HTTP/1.1" 409 266 nbutest1@hs3 29
172.19.22.140 - hcpnbu [25/May/2016:15:37:31 -0600] "GET /nbu3/?location HTTP/1.1" 200 124 nbutest1@hs3 12
172.19.22.140 - hcpnbu [25/May/2016:15:37:49 -0600] "GET / HTTP/1.1" 200 612 nbutest1@hs3 38
172.19.22.137 - hcpnbu [25/May/2016:15:22:49 -0600] "PUT /nbu1/zeus.dpdenverlab.local_1464210407_C1_F1/17 HTTP/1.1" 503 0 nbutest1@hs3 901057
172.19.22.137 - hcpnbu [25/May/2016:15:37:54 -0600] "PUT /nbu1/zeus.dpdenverlab.local_1464210407_C1_F1/10 HTTP/1.1" 409 266 nbutest1@hs3 7
172.19.22.137 - hcpnbu [25/May/2016:15:37:55 -0600] "PUT /nbu1/zeus.dpdenverlab.local_1464210407_C1_F1/10 HTTP/1.1" 409 266 nbutest1@hs3 7
172.19.22.137 - hcpnbu [25/May/2016:15:37:53 -0600] "PUT /nbu1/zeus.dpdenverlab.local_1464210407_C1_F1/17 HTTP/1.1" 200 0 nbutest1@hs3 5072
172.19.22.140 - hcpnbu [25/May/2016:15:37:59 -0600] "GET / HTTP/1.1" 200 612 nbutest1@hs3 33
172.19.22.137 - hcpnbu [25/May/2016:15:37:59 -0600] "PUT /nbu1/zeus.dpdenverlab.local_1464210407_C1_F1/10 HTTP/1.1" 409 266 nbutest1@hs3 6
172.19.22.137 - hcpnbu [25/May/2016:15:37:59 -0600] "PUT /nbu1/zeus.dpdenverlab.local_1464210407_C1_F1/20 HTTP/1.1" 200 0 nbutest1@hs3 4247
172.19.22.137 - hcpnbu [25/May/2016:15:22:51 -0600] "PUT /nbu1/zeus.dpdenverlab.local_1464210407_C1_F1/10 HTTP/1.1" 503 265 nbutest1@hs3 912074
172.19.22.137 - hcpnbu [25/May/2016:15:38:10 -0600] "PUT /nbu1/zeus.dpdenverlab.local_1464210407_C1_F1/10 HTTP/1.1" 200 0 nbutest1@hs3 4671
172.19.22.138 - hcpnbu [25/May/2016:15:38:24 -0600] "PUT /nbu2/apollo.dpdenverlab.local_1464210428_C1_F1/7 HTTP/1.1" 409 266 nbutest1@hs3 38
172.19.22.138 - hcpnbu [25/May/2016:15:38:41 -0600] "PUT /nbu2/apollo.dpdenverlab.local_1464210428_C1_F1/7 HTTP/1.1" 409 266 nbutest1@hs3 29
172.19.22.140 - hcpnbu [25/May/2016:15:39:01 -0600] "GET /nbu1/?location HTTP/1.1" 200 124 nbutest1@hs3 10
172.19.22.138 - hcpnbu [25/May/2016:15:24:06 -0600] "PUT /nbu2/apollo.dpdenverlab.local_1464210410_C1_F1/9 HTTP/1.1" 503 0 nbutest1@hs3 900717
172.19.22.139 - hcpnbu [25/May/2016:15:33:48 -0600] "PUT /nbu3/athene.dpdenverlab.local_1464210471_C1_F1/9 HTTP/1.1" 503 265 nbutest1@hs3 329657
172.19.22.137 - hcpnbu [25/May/2016:15:33:47 -0600] "PUT /nbu1/zeus.dpdenverlab.local_1464210394_C1_F1/27 HTTP/1.1" 200 0 nbutest1@hs3 334739
172.19.22.140 - hcpnbu [25/May/2016:15:24:23 -0600] "PUT /nub4/saturn.dpdenverlab.local_1464210441_C1_F1/12 HTTP/1.1" 503 265 nbutest1@hs3 902990
172.19.22.138 - hcpnbu [25/May/2016:15:39:29 -0600] "PUT /nbu2/apollo.dpdenverlab.local_1464210410_C1_F1/10 HTTP/1.1" 409 266 nbutest1@hs3 7
172.19.22.139 - hcpnbu [25/May/2016:15:39:29 -0600] "PUT /nbu3/athene.dpdenverlab.local_1464210462_C1_F1/6 HTTP/1.1" 409 266 nbutest1@hs3 27
172.19.22.140 - hcpnbu [25/May/2016:15:39:32 -0600] "HEAD /nbu3/ HTTP/1.1" 200 0 nbutest1@hs3 3
172.19.22.138 - hcpnbu [25/May/2016:15:39:33 -0600] "PUT /nbu2/apollo.dpdenverlab.local_1464210410_C1_F1/10 HTTP/1.1" 409 266 nbutest1@hs3 7
172.19.22.139 - hcpnbu [25/May/2016:15:39:33 -0600] "PUT /nbu3/athene.dpdenverlab.local_1464210462_C1_F1/6 HTTP/1.1" 409 266 nbutest1@hs3 30
172.19.22.138 - hcpnbu [25/May/2016:15:39:39 -0600] "PUT /nbu2/apollo.dpdenverlab.local_1464210410_C1_F1/10 HTTP/1.1" 409 266 nbutest1@hs3 7
172.19.22.139 - hcpnbu [25/May/2016:15:39:39 -0600] "PUT /nbu3/athene.dpdenverlab.local_1464210462_C1_F1/6 HTTP/1.1" 409 266 nbutest1@hs3 133
172.19.22.139 - hcpnbu [25/May/2016:15:24:42 -0600] "PUT /nbu3/athene.dpdenverlab.local_1464210474_C1_F1/0 HTTP/1.1" 503 265 nbutest1@hs3 904145
172.19.22.138 - hcpnbu [25/May/2016:15:24:23 -0600] "PUT /nbu2/apollo.dpdenverlab.local_1464210423_C1_F1/10 HTTP/1.1" 503 265 nbutest1@hs3 923323
172.19.22.138 - hcpnbu [25/May/2016:15:24:25 -0600] "PUT /nbu2/apollo.dpdenverlab.local_1464210410_C1_F1/10 HTTP/1.1" 503 265 nbutest1@hs3 922163
172.19.22.140 - hcpnbu [25/May/2016:15:39:51 -0600] "GET /nub4/?location HTTP/1.1" 200 124 nbutest1@hs3 9
172.19.22.139 - hcpnbu [25/May/2016:15:39:50 -0600] "PUT /nbu3/athene.dpdenverlab.local_1464210462_C1_F1/6 HTTP/1.1" 503 265 nbutest1@hs3 6058
172.19.22.139 - hcpnbu [25/May/2016:15:24:51 -0600] "PUT /nbu3/athene.dpdenverlab.local_1464210468_C1_F1/9 HTTP/1.1" 503 265 nbutest1@hs3 906681
172.19.22.138 - hcpnbu [25/May/2016:15:39:58 -0600] "PUT /nbu2/apollo.dpdenverlab.local_1464210428_C1_F1/13 HTTP/1.1" 409 266 nbutest1@hs3 26
172.19.22.140 - hcpnbu [25/May/2016:15:40:02 -0600] "HEAD /nbu1/ HTTP/1.1" 200 0 nbutest1@hs3 4
172.19.22.138 - hcpnbu [25/May/2016:15:40:03 -0600] "PUT /nbu2/apollo.dpdenverlab.local_1464210428_C1_F1/13 HTTP/1.1" 409 266 nbutest1@hs3 26
172.19.22.139 - hcpnbu [25/May/2016:15:39:58 -0600] "PUT /nbu3/athene.dpdenverlab.local_1464210462_C1_F1/6 HTTP/1.1" 503 265 nbutest1@hs3 6066
172.19.22.139 - hcpnbu [25/May/2016:15:24:53 -0600] "PUT /nbu3/athene.dpdenverlab.local_1464210468_C1_F1/10 HTTP/1.1" 503 265 nbutest1@hs3 912026
172.19.22.138 - hcpnbu [25/May/2016:15:40:09 -0600] "PUT /nbu2/apollo.dpdenverlab.local_1464210428_C1_F1/13 HTTP/1.1" 409 266 nbutest1@hs3 31
172.19.22.139 - hcpnbu [25/May/2016:15:25:02 -0600] "PUT /nbu3/athene.dpdenverlab.local_1464210468_C1_F1/11 HTTP/1.1" 503 265 nbutest1@hs3 911393
172.19.22.138 - hcpnbu [25/May/2016:15:40:17 -0600] "PUT /nbu2/apollo.dpdenverlab.local_1464210428_C1_F1/13 HTTP/1.1" 409 266 nbutest1@hs3 29
172.19.22.137 - hcpnbu [25/May/2016:15:40:22 -0600] "GET /nbu1/?prefix=zeus.dpdenverlab.local_1464210390_C1_HDR/ HTTP/1.1" 200 1591 nbutest1@hs3 57
172.19.22.140 - hcpnbu [25/May/2016:15:40:33 -0600] "HEAD /nbu1/ HTTP/1.1" 200 0 nbutest1@hs3 4
172.19.22.138 - hcpnbu [25/May/2016:15:40:36 -0600] "PUT /nbu2/apollo.dpdenverlab.local_1464210428_C1_F1/13 HTTP/1.1" 503 265 nbutest1@hs3 6052
172.19.22.138 - hcpnbu [25/May/2016:15:40:45 -0600] "PUT /nbu2/apollo.dpdenverlab.local_1464210428_C1_F1/13 HTTP/1.1" 200 0 nbutest1@hs3 5132
172.19.22.140 - hcpnbu [25/May/2016:15:25:52 -0600] "PUT /nub4/saturn.dpdenverlab.local_1464210454_C1_F1/0 HTTP/1.1" 503 265 nbutest1@hs3 903179
172.19.22.139 - hcpnbu [25/May/2016:15:25:49 -0600] "PUT /nbu3/athene.dpdenverlab.local_1464210470_C1_F1/1 HTTP/1.1" 503 265 nbutest1@hs3 907010
172.19.22.138 - hcpnbu [25/May/2016:15:40:51 -0600] "PUT /nbu2/apollo.dpdenverlab.local_1464210428_C1_F1/17 HTTP/1.1" 200 0 nbutest1@hs3 5295
172.19.22.140 - hcpnbu [25/May/2016:15:41:00 -0600] "GET / HTTP/1.1" 200 612 nbutest1@hs3 35
172.19.22.139 - hcpnbu [25/May/2016:15:25:59 -0600] "PUT /nbu3/athene.dpdenverlab.local_1464210471_C1_F1/6 HTTP/1.1" 503 0 nbutest1@hs3 901056
172.19.22.138 - hcpnbu [25/May/2016:15:40:58 -0600] "PUT /nbu2/apollo.dpdenverlab.local_1464210428_C1_F1/18 HTTP/1.1" 200 0 nbutest1@hs3 5793
172.19.22.139 - hcpnbu [25/May/2016:15:26:00 -0600] "PUT /nbu3/athene.dpdenverlab.local_1464210470_C1_F1/6 HTTP/1.1" 503 265 nbutest1@hs3 908736
172.19.22.138 - hcpnbu [25/May/2016:15:41:09 -0600] "PUT /nbu2/apollo.dpdenverlab.local_1464210410_C1_F1/13 HTTP/1.1" 409 266 nbutest1@hs3 6
172.19.22.138 - hcpnbu [25/May/2016:15:26:05 -0600] "PUT /nbu2/apollo.dpdenverlab.local_1464210410_C1_F1/13 HTTP/1.1" 503 265 nbutest1@hs3 904282
172.19.22.139 - hcpnbu [25/May/2016:15:41:04 -0600] "PUT /nbu3/athene.dpdenverlab.local_1464210471_C1_F1/6 HTTP/1.1" 200 0 nbutest1@hs3 6162
172.19.22.140 - hcpnbu [25/May/2016:15:26:12 -0600] "PUT /nub4/saturn.dpdenverlab.local_1464210450_C1_F1/11 HTTP/1.1" 503 265 nbutest1@hs3 901695
172.19.22.137 - hcpnbu [25/May/2016:15:41:21 -0600] "PUT /nbu1/zeus.dpdenverlab.local_1464210402_C1_F1/15 HTTP/1.1" 409 266 nbutest1@hs3 24
172.19.22.137 - hcpnbu [25/May/2016:15:41:24 -0600] "PUT /nbu1/zeus.dpdenverlab.local_1464210402_C1_F1/15 HTTP/1.1" 409 266 nbutest1@hs3 29
172.19.22.139 - hcpnbu [25/May/2016:15:26:03 -0600] "PUT /nbu3/athene.dpdenverlab.local_1464210470_C1_F1/7 HTTP/1.1" 503 265 nbutest1@hs3 921535
172.19.22.140 - hcpnbu [25/May/2016:15:41:31 -0600] "PUT /nub4/saturn.dpdenverlab.local_1464210444_C1_F1/1 HTTP/1.1" 409 266 nbutest1@hs3 8
172.19.22.140 - hcpnbu [25/May/2016:15:26:25 -0600] "PUT /nub4/saturn.dpdenverlab.local_1464210444_C1_F1/1 HTTP/1.1" 503 265 nbutest1@hs3 905186
172.19.22.137 - hcpnbu [25/May/2016:15:41:33 -0600] "PUT /nbu1/zeus.dpdenverlab.local_1464210404_C1_F1/10 HTTP/1.1" 409 266 nbutest1@hs3 8
172.19.22.137 - hcpnbu [25/May/2016:15:26:32 -0600] "PUT /nbu1/zeus.dpdenverlab.local_1464210404_C1_F1/10 HTTP/1.1" 503 265 nbutest1@hs3 904299
172.19.22.140 - hcpnbu [25/May/2016:15:41:38 -0600] "PUT /nub4/saturn.dpdenverlab.local_1464210444_C1_F1/3 HTTP/1.1" 409 266 nbutest1@hs3 7
172.19.22.140 - hcpnbu [25/May/2016:15:41:41 -0600] "PUT /nub4/saturn.dpdenverlab.local_1464210444_C1_F1/3 HTTP/1.1" 409 266 nbutest1@hs3 6
172.19.22.137 - hcpnbu [25/May/2016:15:26:42 -0600] "PUT /nbu1/zeus.dpdenverlab.local_1464210404_C1_F1/8 HTTP/1.1" 503 0 nbutest1@hs3 901057
172.19.22.140 - hcpnbu [25/May/2016:15:41:43 -0600] "PUT /nub4/saturn.dpdenverlab.local_1464210454_C1_F1/4 HTTP/1.1" 409 266 nbutest1@hs3 7
172.19.22.140 - hcpnbu [25/May/2016:15:41:45 -0600] "PUT /nub4/saturn.dpdenverlab.local_1464210454_C1_F1/4 HTTP/1.1" 409 266 nbutest1@hs3 8
172.19.22.140 - hcpnbu [25/May/2016:15:26:35 -0600] "PUT /nub4/saturn.dpdenverlab.local_1464210444_C1_F1/3 HTTP/1.1" 503 265 nbutest1@hs3 910663
172.19.22.140 - hcpnbu [25/May/2016:15:26:39 -0600] "PUT /nub4/saturn.dpdenverlab.local_1464210454_C1_F1/4 HTTP/1.1" 503 265 nbutest1@hs3 908035
172.19.22.137 - hcpnbu [25/May/2016:15:26:46 -0600] "PUT /nbu1/zeus.dpdenverlab.local_1464210404_C1_F1/9 HTTP/1.1" 503 0 nbutest1@hs3 901046
172.19.22.138 - hcpnbu [25/May/2016:15:41:53 -0600] "PUT /nbu2/apollo.dpdenverlab.local_1464210418_C1_F1/10 HTTP/1.1" 409 266 nbutest1@hs3 27
172.19.22.138 - hcpnbu [25/May/2016:15:41:56 -0600] "PUT /nbu2/apollo.dpdenverlab.local_1464210418_C1_F1/10 HTTP/1.1" 409 266 nbutest1@hs3 48
172.19.22.140 - hcpnbu [25/May/2016:15:26:58 -0600] "PUT /nub4/saturn.dpdenverlab.local_1464210436_C1_F1/6 HTTP/1.1" 503 0 nbutest1@hs3 901054
172.19.22.140 - hcpnbu [25/May/2016:15:27:04 -0600] "PUT /nub4/saturn.dpdenverlab.local_1464210436_C1_F1/4 HTTP/1.1" 503 265 nbutest1@hs3 900604
172.19.22.140 - hcpnbu [25/May/2016:15:42:04 -0600] "PUT /nub4/saturn.dpdenverlab.local_1464210444_C1_F1/6 HTTP/1.1" 409 266 nbutest1@hs3 7
172.19.22.140 - hcpnbu [25/May/2016:15:42:06 -0600] "PUT /nub4/saturn.dpdenverlab.local_1464210436_C1_F1/9 HTTP/1.1" 409 266 nbutest1@hs3 7
172.19.22.140 - hcpnbu [25/May/2016:15:27:01 -0600] "PUT /nub4/saturn.dpdenverlab.local_1464210444_C1_F1/6 HTTP/1.1" 503 265 nbutest1@hs3 904779
172.19.22.138 - hcpnbu [25/May/2016:15:42:03 -0600] "PUT /nbu2/apollo.dpdenverlab.local_1464210418_C1_F1/10 HTTP/1.1" 503 265 nbutest1@hs3 6063
172.19.22.140 - hcpnbu [25/May/2016:15:42:10 -0600] "PUT /nub4/saturn.dpdenverlab.local_1464210436_C1_F1/9 HTTP/1.1" 409 266 nbutest1@hs3 7
172.19.22.139 - hcpnbu [25/May/2016:15:42:11 -0600] "PUT /nbu3/athene.dpdenverlab.local_1464210481_C1_F1/2 HTTP/1.1" 409 266 nbutest1@hs3 9
172.19.22.139 - hcpnbu [25/May/2016:15:27:07 -0600] "PUT /nbu3/athene.dpdenverlab.local_1464210481_C1_F1/2 HTTP/1.1" 503 265 nbutest1@hs3 904959
172.19.22.140 - hcpnbu [25/May/2016:15:27:10 -0600] "PUT /nub4/saturn.dpdenverlab.local_1464210454_C1_F1/1 HTTP/1.1" 503 265 nbutest1@hs3 901910
172.19.22.140 - hcpnbu [25/May/2016:15:42:06 -0600] "PUT /nub4/saturn.dpdenverlab.local_1464210436_C1_F1/4 HTTP/1.1" 503 265 nbutest1@hs3 6052
172.19.22.140 - hcpnbu [25/May/2016:15:27:04 -0600] "PUT /nub4/saturn.dpdenverlab.local_1464210436_C1_F1/9 HTTP/1.1" 503 265 nbutest1@hs3 908546
172.19.22.138 - hcpnbu [25/May/2016:15:27:04 -0600] "PUT /nbu2/apollo.dpdenverlab.local_1464210417_C1_F1/10 HTTP/1.1" 503 265 nbutest1@hs3 907841
172.19.22.140 - hcpnbu [25/May/2016:15:42:15 -0600] "GET / HTTP/1.1" 200 612 nbutest1@hs3 44
172.19.22.140 - hcpnbu [25/May/2016:15:42:09 -0600] "PUT /nub4/saturn.dpdenverlab.local_1464210444_C1_F1/6 HTTP/1.1" 503 265 nbutest1@hs3 6050
172.19.22.140 - hcpnbu [25/May/2016:15:42:13 -0600] "PUT /nub4/saturn.dpdenverlab.local_1464210454_C1_F1/1 HTTP/1.1" 503 265 nbutest1@hs3 3049
172.19.22.137 - hcpnbu [25/May/2016:15:41:50 -0600] "PUT /nbu1/zeus.dpdenverlab.local_1464210404_C1_F1/9 HTTP/1.1" 503 265 nbutest1@hs3 26206
172.19.22.140 - hcpnbu [25/May/2016:15:42:19 -0600] "PUT /nub4/saturn.dpdenverlab.local_1464210444_C1_F1/5 HTTP/1.1" 409 266 nbutest1@hs3 6
172.19.22.140 - hcpnbu [25/May/2016:15:27:16 -0600] "PUT /nub4/saturn.dpdenverlab.local_1464210444_C1_F1/5 HTTP/1.1" 503 265 nbutest1@hs3 904835
172.19.22.139 - hcpnbu [25/May/2016:15:42:15 -0600] "PUT /nbu3/athene.dpdenverlab.local_1464210481_C1_F1/2 HTTP/1.1" 200 0 nbutest1@hs3 6134
172.19.22.140 - hcpnbu [25/May/2016:15:27:22 -0600] "PUT /nub4/saturn.dpdenverlab.local_1464210454_C1_F1/3 HTTP/1.1" 503 0 nbutest1@hs3 900052
172.19.22.140 - hcpnbu [25/May/2016:15:42:18 -0600] "PUT /nub4/saturn.dpdenverlab.local_1464210444_C1_F1/6 HTTP/1.1" 200 0 nbutest1@hs3 8071
172.19.22.140 - hcpnbu [25/May/2016:15:27:22 -0600] "PUT /nub4/saturn.dpdenverlab.local_1464210450_C1_F1/12 HTTP/1.1" 503 265 nbutest1@hs3 904930
172.19.22.139 - hcpnbu [25/May/2016:15:42:24 -0600] "PUT /nbu3/athene.dpdenverlab.local_1464210481_C1_F1/12 HTTP/1.1" 200 0 nbutest1@hs3 5236
172.19.22.140 - hcpnbu [25/May/2016:15:27:23 -0600] "PUT /nub4/saturn.dpdenverlab.local_1464210450_C1_F1/13 HTTP/1.1" 503 265 nbutest1@hs3 907189
172.19.22.140 - hcpnbu [25/May/2016:15:42:25 -0600] "PUT /nub4/saturn.dpdenverlab.local_1464210454_C1_F1/3 HTTP/1.1" 200 0 nbutest1@hs3 6595
172.19.22.140 - hcpnbu [25/May/2016:15:42:32 -0600] "HEAD /nbu3/ HTTP/1.1" 200 0 nbutest1@hs3 3
172.19.22.139 - hcpnbu [25/May/2016:15:27:32 -0600] "PUT /nbu3/athene.dpdenverlab.local_1464210481_C1_F1/7 HTTP/1.1" 503 265 nbutest1@hs3 900181
172.19.22.140 - hcpnbu [25/May/2016:15:27:30 -0600] "PUT /nub4/saturn.dpdenverlab.local_1464210436_C1_F1/8 HTTP/1.1" 503 265 nbutest1@hs3 902738
172.19.22.140 - hcpnbu [25/May/2016:15:42:27 -0600] "PUT /nub4/saturn.dpdenverlab.local_1464210444_C1_F1/7 HTTP/1.1" 200 0 nbutest1@hs3 6609
172.19.22.139 - hcpnbu [25/May/2016:15:42:33 -0600] "PUT /nbu3/athene.dpdenverlab.local_1464210481_C1_F1/6 HTTP/1.1" 409 266 nbutest1@hs3 7
172.19.22.139 - hcpnbu [25/May/2016:15:42:35 -0600] "PUT /nbu3/athene.dpdenverlab.local_1464210481_C1_F1/6 HTTP/1.1" 409 266 nbutest1@hs3 6
172.19.22.137 - hcpnbu [25/May/2016:15:41:45 -0600] "PUT /nbu1/zeus.dpdenverlab.local_1464210404_C1_F1/8 HTTP/1.1" 503 265 nbutest1@hs3 52396
172.19.22.139 - hcpnbu [25/May/2016:15:42:32 -0600] "PUT /nbu3/athene.dpdenverlab.local_1464210481_C1_F1/13 HTTP/1.1" 200 0 nbutest1@hs3 7187
172.19.22.140 - hcpnbu [25/May/2016:15:42:34 -0600] "PUT /nub4/saturn.dpdenverlab.local_1464210444_C1_F1/8 HTTP/1.1" 200 0 nbutest1@hs3 4591
172.19.22.139 - hcpnbu [25/May/2016:15:42:41 -0600] "PUT /nbu3/athene.dpdenverlab.local_1464210481_C1_F1/6 HTTP/1.1" 409 266 nbutest1@hs3 6
172.19.22.139 - hcpnbu [25/May/2016:15:27:29 -0600] "PUT /nbu3/athene.dpdenverlab.local_1464210481_C1_F1/6 HTTP/1.1" 503 265 nbutest1@hs3 914430
172.19.22.140 - hcpnbu [25/May/2016:15:42:40 -0600] "PUT /nub4/saturn.dpdenverlab.local_1464210444_C1_F1/9 HTTP/1.1" 200 0 nbutest1@hs3 4604
172.19.22.137 - hcpnbu [25/May/2016:15:42:41 -0600] "PUT /nbu1/zeus.dpdenverlab.local_1464210404_C1_F1/8 HTTP/1.1" 200 0 nbutest1@hs3 4125
172.19.22.138 - hcpnbu [25/May/2016:15:43:11 -0600] "DELETE /nbu2/apollo.dpdenverlab.local_1464210421_C1_F1/BLOCK_MAP_FILE HTTP/1.1" 204 0 nbutest1@hs3 5
172.19.22.138 - hcpnbu [25/May/2016:15:43:15 -0600] "PUT /nbu2/apollo.dpdenverlab.local_1464210410_C1_F1/8 HTTP/1.1" 409 266 nbutest1@hs3 6
172.19.22.138 - hcpnbu [25/May/2016:15:28:11 -0600] "PUT /nbu2/apollo.dpdenverlab.local_1464210410_C1_F1/8 HTTP/1.1" 503 265 nbutest1@hs3 905314
172.19.22.138 - hcpnbu [25/May/2016:15:43:23 -0600] "PUT /nbu2/apollo.dpdenverlab.local_1464210421_C1_F1/IMAGE_PROPERTIES HTTP/1.1" 503 265 nbutest1@hs3 6067
172.19.22.138 - hcpnbu [25/May/2016:15:43:32 -0600] "PUT /nbu2/apollo.dpdenverlab.local_1464210421_C1_F1/IMAGE_PROPERTIES HTTP/1.1" 503 265 nbutest1@hs3 6060
172.19.22.138 - hcpnbu [25/May/2016:15:43:43 -0600] "PUT /nbu2/apollo.dpdenverlab.local_1464210421_C1_F1/IMAGE_PROPERTIES HTTP/1.1" 503 265 nbutest1@hs3 2500
172.19.22.138 - hcpnbu [25/May/2016:15:43:54 -0600] "PUT /nbu2/apollo.dpdenverlab.local_1464210421_C1_F1/IMAGE_PROPERTIES HTTP/1.1" 200 0 nbutest1@hs3 1141
172.19.22.138 - hcpnbu [25/May/2016:15:43:55 -0600] "HEAD /nbu2/apollo.dpdenverlab.local_1464210421_C1_F1/IMAGE_PROPERTIES HTTP/1.1" 200 0 nbutest1@hs3 9
172.19.22.138 - hcpnbu [25/May/2016:15:44:04 -0600] "HEAD /nbu2/apollo.dpdenverlab.local_1464210421_C1_HDR/IMAGE_PROPERTIES HTTP/1.1" 200 0 nbutest1@hs3 15
172.19.22.140 - hcpnbu [25/May/2016:15:42:46 -0600] "PUT /nub4/saturn.dpdenverlab.local_1464210444_C1_F1/10 HTTP/1.1" 200 0 nbutest1@hs3 84024
172.19.22.137 - hcpnbu [25/May/2016:15:42:46 -0600] "PUT /nbu1/zeus.dpdenverlab.local_1464210404_C1_F1/19 HTTP/1.1" 200 0 nbutest1@hs3 83563
172.19.22.139 - hcpnbu [25/May/2016:15:44:13 -0600] "PUT /nbu3/athene.dpdenverlab.local_1464210471_C1_F1/7 HTTP/1.1" 409 266 nbutest1@hs3 12
172.19.22.140 - hcpnbu [25/May/2016:15:44:16 -0600] "HEAD /nbu2/ HTTP/1.1" 200 0 nbutest1@hs3 3
172.19.22.137 - hcpnbu [25/May/2016:15:44:11 -0600] "PUT /nbu1/zeus.dpdenverlab.local_1464210404_C1_F1/20 HTTP/1.1" 200 0 nbutest1@hs3 5295
172.19.22.139 - hcpnbu [25/May/2016:15:44:17 -0600] "PUT /nbu3/athene.dpdenverlab.local_1464210471_C1_F1/7 HTTP/1.1" 409 266 nbutest1@hs3 8
172.19.22.140 - hcpnbu [25/May/2016:15:44:22 -0600] "HEAD /nbu2/ HTTP/1.1" 200 0 nbutest1@hs3 3
